Archive member included to satisfy reference by file (symbol)

c:/st/stm32cubeide_1.10.1/stm32cubeide/plugins/com.st.stm32cube.ide.mcu.externaltools.gnu-tools-for-stm32.10.3-2021.10.win32_1.0.0.202111181127/tools/bin/../lib/gcc/arm-none-eabi/10.3.1/../../../../arm-none-eabi/lib/thumb/v7-m/nofp\libc_nano.a(lib_a-errno.o)
                              ./Core/Src/syscalls.o (__errno)
c:/st/stm32cubeide_1.10.1/stm32cubeide/plugins/com.st.stm32cube.ide.mcu.externaltools.gnu-tools-for-stm32.10.3-2021.10.win32_1.0.0.202111181127/tools/bin/../lib/gcc/arm-none-eabi/10.3.1/../../../../arm-none-eabi/lib/thumb/v7-m/nofp\libc_nano.a(lib_a-exit.o)
                              c:/st/stm32cubeide_1.10.1/stm32cubeide/plugins/com.st.stm32cube.ide.mcu.externaltools.gnu-tools-for-stm32.10.3-2021.10.win32_1.0.0.202111181127/tools/bin/../lib/gcc/arm-none-eabi/10.3.1/../../../../arm-none-eabi/lib/thumb/v7-m/nofp/crt0.o (exit)
c:/st/stm32cubeide_1.10.1/stm32cubeide/plugins/com.st.stm32cube.ide.mcu.externaltools.gnu-tools-for-stm32.10.3-2021.10.win32_1.0.0.202111181127/tools/bin/../lib/gcc/arm-none-eabi/10.3.1/../../../../arm-none-eabi/lib/thumb/v7-m/nofp\libc_nano.a(lib_a-impure.o)
                              c:/st/stm32cubeide_1.10.1/stm32cubeide/plugins/com.st.stm32cube.ide.mcu.externaltools.gnu-tools-for-stm32.10.3-2021.10.win32_1.0.0.202111181127/tools/bin/../lib/gcc/arm-none-eabi/10.3.1/../../../../arm-none-eabi/lib/thumb/v7-m/nofp\libc_nano.a(lib_a-exit.o) (_global_impure_ptr)
c:/st/stm32cubeide_1.10.1/stm32cubeide/plugins/com.st.stm32cube.ide.mcu.externaltools.gnu-tools-for-stm32.10.3-2021.10.win32_1.0.0.202111181127/tools/bin/../lib/gcc/arm-none-eabi/10.3.1/../../../../arm-none-eabi/lib/thumb/v7-m/nofp\libc_nano.a(lib_a-init.o)
                              c:/st/stm32cubeide_1.10.1/stm32cubeide/plugins/com.st.stm32cube.ide.mcu.externaltools.gnu-tools-for-stm32.10.3-2021.10.win32_1.0.0.202111181127/tools/bin/../lib/gcc/arm-none-eabi/10.3.1/../../../../arm-none-eabi/lib/thumb/v7-m/nofp/crt0.o (__libc_init_array)
c:/st/stm32cubeide_1.10.1/stm32cubeide/plugins/com.st.stm32cube.ide.mcu.externaltools.gnu-tools-for-stm32.10.3-2021.10.win32_1.0.0.202111181127/tools/bin/../lib/gcc/arm-none-eabi/10.3.1/../../../../arm-none-eabi/lib/thumb/v7-m/nofp\libc_nano.a(lib_a-memcpy-stub.o)
                              ./Drivers/Display/Src/sh1106.o (memcpy)
c:/st/stm32cubeide_1.10.1/stm32cubeide/plugins/com.st.stm32cube.ide.mcu.externaltools.gnu-tools-for-stm32.10.3-2021.10.win32_1.0.0.202111181127/tools/bin/../lib/gcc/arm-none-eabi/10.3.1/../../../../arm-none-eabi/lib/thumb/v7-m/nofp\libc_nano.a(lib_a-memset.o)
                              c:/st/stm32cubeide_1.10.1/stm32cubeide/plugins/com.st.stm32cube.ide.mcu.externaltools.gnu-tools-for-stm32.10.3-2021.10.win32_1.0.0.202111181127/tools/bin/../lib/gcc/arm-none-eabi/10.3.1/../../../../arm-none-eabi/lib/thumb/v7-m/nofp/crt0.o (memset)

Discarded input sections

 .text          0x0000000000000000        0x0 c:/st/stm32cubeide_1.10.1/stm32cubeide/plugins/com.st.stm32cube.ide.mcu.externaltools.gnu-tools-for-stm32.10.3-2021.10.win32_1.0.0.202111181127/tools/bin/../lib/gcc/arm-none-eabi/10.3.1/thumb/v7-m/nofp/crti.o
 .data          0x0000000000000000        0x0 c:/st/stm32cubeide_1.10.1/stm32cubeide/plugins/com.st.stm32cube.ide.mcu.externaltools.gnu-tools-for-stm32.10.3-2021.10.win32_1.0.0.202111181127/tools/bin/../lib/gcc/arm-none-eabi/10.3.1/thumb/v7-m/nofp/crti.o
 .bss           0x0000000000000000        0x0 c:/st/stm32cubeide_1.10.1/stm32cubeide/plugins/com.st.stm32cube.ide.mcu.externaltools.gnu-tools-for-stm32.10.3-2021.10.win32_1.0.0.202111181127/tools/bin/../lib/gcc/arm-none-eabi/10.3.1/thumb/v7-m/nofp/crti.o
 .data          0x0000000000000000        0x4 c:/st/stm32cubeide_1.10.1/stm32cubeide/plugins/com.st.stm32cube.ide.mcu.externaltools.gnu-tools-for-stm32.10.3-2021.10.win32_1.0.0.202111181127/tools/bin/../lib/gcc/arm-none-eabi/10.3.1/thumb/v7-m/nofp/crtbegin.o
 .rodata        0x0000000000000000       0x24 c:/st/stm32cubeide_1.10.1/stm32cubeide/plugins/com.st.stm32cube.ide.mcu.externaltools.gnu-tools-for-stm32.10.3-2021.10.win32_1.0.0.202111181127/tools/bin/../lib/gcc/arm-none-eabi/10.3.1/thumb/v7-m/nofp/crtbegin.o
 .text          0x0000000000000000       0x7c c:/st/stm32cubeide_1.10.1/stm32cubeide/plugins/com.st.stm32cube.ide.mcu.externaltools.gnu-tools-for-stm32.10.3-2021.10.win32_1.0.0.202111181127/tools/bin/../lib/gcc/arm-none-eabi/10.3.1/../../../../arm-none-eabi/lib/thumb/v7-m/nofp/crt0.o
 .data          0x0000000000000000        0x0 c:/st/stm32cubeide_1.10.1/stm32cubeide/plugins/com.st.stm32cube.ide.mcu.externaltools.gnu-tools-for-stm32.10.3-2021.10.win32_1.0.0.202111181127/tools/bin/../lib/gcc/arm-none-eabi/10.3.1/../../../../arm-none-eabi/lib/thumb/v7-m/nofp/crt0.o
[...]
Memory Configuration

Name             Origin             Length             Attributes
RAM              0x0000000020000000 0x0000000000005000 xrw
FLASH            0x0000000008000000 0x0000000000010000 xr
*default*        0x0000000000000000 0xffffffffffffffff

Linker script and memory map

LOAD c:/st/stm32cubeide_1.10.1/stm32cubeide/plugins/com.st.stm32cube.ide.mcu.externaltools.gnu-tools-for-stm32.10.3-2021.10.win32_1.0.0.202111181127/tools/bin/../lib/gcc/arm-none-eabi/10.3.1/thumb/v7-m/nofp/crti.o
LOAD c:/st/stm32cubeide_1.10.1/stm32cubeide/plugins/com.st.stm32cube.ide.mcu.externaltools.gnu-tools-for-stm32.10.3-2021.10.win32_1.0.0.202111181127/tools/bin/../lib/gcc/arm-none-eabi/10.3.1/thumb/v7-m/nofp/crtbegin.o
LOAD c:/st/stm32cubeide_1.10.1/stm32cubeide/plugins/com.st.stm32cube.ide.mcu.externaltools.gnu-tools-for-stm32.10.3-2021.10.win32_1.0.0.202111181127/tools/bin/../lib/gcc/arm-none-eabi/10.3.1/../../../../arm-none-eabi/lib/thumb/v7-m/nofp/crt0.o
LOAD ./Core/Src/adc.o
LOAD ./Core/Src/gpio.o
LOAD ./Core/Src/i2c.o
LOAD ./Core/Src/main.o
LOAD ./Core/Src/stm32f1xx_hal_msp.o
LOAD ./Core/Src/stm32f1xx_hal_timebase_tim.o
LOAD ./Core/Src/stm32f1xx_it.o
LOAD ./Core/Src/syscalls.o
LOAD ./Core/Src/sysmem.o
LOAD ./Core/Src/system_stm32f1xx.o
LOAD ./Core/Src/variables.o
LOAD ./Core/Startup/startup_stm32f103c8tx.o
LOAD ./Drivers/Display/Src/sh1106.o
LOAD ./Drivers/STM32F1xx_HAL_Driver/Src/stm32f1xx_hal.o
LOAD ./Drivers/STM32F1xx_HAL_Driver/Src/stm32f1xx_hal_adc.o
LOAD ./Drivers/STM32F1xx_HAL_Driver/Src/stm32f1xx_hal_adc_ex.o
LOAD ./Drivers/STM32F1xx_HAL_Driver/Src/stm32f1xx_hal_cortex.o
LOAD ./Drivers/STM32F1xx_HAL_Driver/Src/stm32f1xx_hal_dma.o
LOAD ./Drivers/STM32F1xx_HAL_Driver/Src/stm32f1xx_hal_exti.o
LOAD ./Drivers/STM32F1xx_HAL_Driver/Src/stm32f1xx_hal_flash.o
LOAD ./Drivers/STM32F1xx_HAL_Driver/Src/stm32f1xx_hal_flash_ex.o
LOAD ./Drivers/STM32F1xx_HAL_Driver/Src/stm32f1xx_hal_gpio.o
LOAD ./Drivers/STM32F1xx_HAL_Driver/Src/stm32f1xx_hal_gpio_ex.o
LOAD ./Drivers/STM32F1xx_HAL_Driver/Src/stm32f1xx_hal_i2c.o
LOAD ./Drivers/STM32F1xx_HAL_Driver/Src/stm32f1xx_hal_pwr.o
LOAD ./Drivers/STM32F1xx_HAL_Driver/Src/stm32f1xx_hal_rcc.o
LOAD ./Drivers/STM32F1xx_HAL_Driver/Src/stm32f1xx_hal_rcc_ex.o
LOAD ./Drivers/STM32F1xx_HAL_Driver/Src/stm32f1xx_hal_tim.o
LOAD ./Drivers/STM32F1xx_HAL_Driver/Src/stm32f1xx_hal_tim_ex.o
START GROUP
LOAD c:/st/stm32cubeide_1.10.1/stm32cubeide/plugins/com.st.stm32cube.ide.mcu.externaltools.gnu-tools-for-stm32.10.3-2021.10.win32_1.0.0.202111181127/tools/bin/../lib/gcc/arm-none-eabi/10.3.1/../../../../arm-none-eabi/lib/thumb/v7-m/nofp\libc_nano.a
LOAD c:/st/stm32cubeide_1.10.1/stm32cubeide/plugins/com.st.stm32cube.ide.mcu.externaltools.gnu-tools-for-stm32.10.3-2021.10.win32_1.0.0.202111181127/tools/bin/../lib/gcc/arm-none-eabi/10.3.1/../../../../arm-none-eabi/lib/thumb/v7-m/nofp\libm.a
END GROUP
START GROUP
LOAD c:/st/stm32cubeide_1.10.1/stm32cubeide/plugins/com.st.stm32cube.ide.mcu.externaltools.gnu-tools-for-stm32.10.3-2021.10.win32_1.0.0.202111181127/tools/bin/../lib/gcc/arm-none-eabi/10.3.1/thumb/v7-m/nofp\libgcc.a
LOAD c:/st/stm32cubeide_1.10.1/stm32cubeide/plugins/com.st.stm32cube.ide.mcu.externaltools.gnu-tools-for-stm32.10.3-2021.10.win32_1.0.0.202111181127/tools/bin/../lib/gcc/arm-none-eabi/10.3.1/../../../../arm-none-eabi/lib/thumb/v7-m/nofp\libc_nano.a
END GROUP
START GROUP
LOAD c:/st/stm32cubeide_1.10.1/stm32cubeide/plugins/com.st.stm32cube.ide.mcu.externaltools.gnu-tools-for-stm32.10.3-2021.10.win32_1.0.0.202111181127/tools/bin/../lib/gcc/arm-none-eabi/10.3.1/thumb/v7-m/nofp\libgcc.a
LOAD c:/st/stm32cubeide_1.10.1/stm32cubeide/plugins/com.st.stm32cube.ide.mcu.externaltools.gnu-tools-for-stm32.10.3-2021.10.win32_1.0.0.202111181127/tools/bin/../lib/gcc/arm-none-eabi/10.3.1/../../../../arm-none-eabi/lib/thumb/v7-m/nofp\libc_nano.a
LOAD c:/st/stm32cubeide_1.10.1/stm32cubeide/plugins/com.st.stm32cube.ide.mcu.externaltools.gnu-tools-for-stm32.10.3-2021.10.win32_1.0.0.202111181127/tools/bin/../lib/gcc/arm-none-eabi/10.3.1/../../../../arm-none-eabi/lib/thumb/v7-m/nofp\libnosys.a
END GROUP
START GROUP
LOAD c:/st/stm32cubeide_1.10.1/stm32cubeide/plugins/com.st.stm32cube.ide.mcu.externaltools.gnu-tools-for-stm32.10.3-2021.10.win32_1.0.0.202111181127/tools/bin/../lib/gcc/arm-none-eabi/10.3.1/thumb/v7-m/nofp\libgcc.a
LOAD c:/st/stm32cubeide_1.10.1/stm32cubeide/plugins/com.st.stm32cube.ide.mcu.externaltools.gnu-tools-for-stm32.10.3-2021.10.win32_1.0.0.202111181127/tools/bin/../lib/gcc/arm-none-eabi/10.3.1/../../../../arm-none-eabi/lib/thumb/v7-m/nofp\libc_nano.a
LOAD c:/st/stm32cubeide_1.10.1/stm32cubeide/plugins/com.st.stm32cube.ide.mcu.externaltools.gnu-tools-for-stm32.10.3-2021.10.win32_1.0.0.202111181127/tools/bin/../lib/gcc/arm-none-eabi/10.3.1/../../../../arm-none-eabi/lib/thumb/v7-m/nofp\libnosys.a
END GROUP
LOAD c:/st/stm32cubeide_1.10.1/stm32cubeide/plugins/com.st.stm32cube.ide.mcu.externaltools.gnu-tools-for-stm32.10.3-2021.10.win32_1.0.0.202111181127/tools/bin/../lib/gcc/arm-none-eabi/10.3.1/thumb/v7-m/nofp/crtend.o
LOAD c:/st/stm32cubeide_1.10.1/stm32cubeide/plugins/com.st.stm32cube.ide.mcu.externaltools.gnu-tools-for-stm32.10.3-2021.10.win32_1.0.0.202111181127/tools/bin/../lib/gcc/arm-none-eabi/10.3.1/thumb/v7-m/nofp/crtn.o
                0x0000000020005000                _estack = (ORIGIN (RAM) + LENGTH (RAM))
                0x0000000000000200                _Min_Heap_Size = 0x200
                0x0000000000000400                _Min_Stack_Size = 0x400

.isr_vector     0x0000000008000000      0x10c
                0x0000000008000000                . = ALIGN (0x4)
 *(.isr_vector)
 .isr_vector    0x0000000008000000      0x10c ./Core/Startup/startup_stm32f103c8tx.o
                0x0000000008000000                g_pfnVectors
                0x000000000800010c                . = ALIGN (0x4)

.text           0x000000000800010c     0x3838
                0x000000000800010c                . = ALIGN (0x4)
 *(.text)
 .text          0x000000000800010c       0x40 c:/st/stm32cubeide_1.10.1/stm32cubeide/plugins/com.st.stm32cube.ide.mcu.externaltools.gnu-tools-for-stm32.10.3-2021.10.win32_1.0.0.202111181127/tools/bin/../lib/gcc/arm-none-eabi/10.3.1/thumb/v7-m/nofp/crtbegin.o
 *(.text*)
 .text.MX_ADC2_Init
                0x000000000800014c       0x7c ./Core/Src/adc.o
                0x000000000800014c                MX_ADC2_Init
 .text.HAL_ADC_MspInit
                0x00000000080001c8       0x78 ./Core/Src/adc.o
                0x00000000080001c8                HAL_ADC_MspInit
 .text.MX_GPIO_Init
                0x0000000008000240      0x164 ./Core/Src/gpio.o
                0x0000000008000240                MX_GPIO_Init
 .text.MX_I2C1_Init
                0x00000000080003a4       0x5c ./Core/Src/i2c.o
                0x00000000080003a4                MX_I2C1_Init
 .text.HAL_I2C_MspInit
                0x0000000008000400       0x7c ./Core/Src/i2c.o
                0x0000000008000400                HAL_I2C_MspInit
 .text.HAL_GPIO_EXTI_Callback
                0x000000000800047c       0x48 ./Core/Src/main.o
                0x000000000800047c                HAL_GPIO_EXTI_Callback
 .text.main     0x00000000080004c4      0x1a4 ./Core/Src/main.o
                0x00000000080004c4                main
 .text.SystemClock_Config
                0x0000000008000668       0xb6 ./Core/Src/main.o
                0x0000000008000668                SystemClock_Config
 *fill*         0x000000000800071e        0x2 
 .text.HAL_TIM_PeriodElapsedCallback
                0x0000000008000720       0x24 ./Core/Src/main.o
                0x0000000008000720                HAL_TIM_PeriodElapsedCallback
 .text.Error_Handler
                0x0000000008000744        0xa ./Core/Src/main.o
                0x0000000008000744                Error_Handler
 *fill*         0x000000000800074e        0x2 
 .text.HAL_MspInit
                0x0000000008000750       0x74 ./Core/Src/stm32f1xx_hal_msp.o
                0x0000000008000750                HAL_MspInit
 .text.HAL_InitTick
                0x00000000080007c4       0xe4 ./Core/Src/stm32f1xx_hal_timebase_tim.o
                0x00000000080007c4                HAL_InitTick
 .text.NMI_Handler
                0x00000000080008a8        0x6 ./Core/Src/stm32f1xx_it.o
                0x00000000080008a8                NMI_Handler
 .text.HardFault_Handler
                0x00000000080008ae        0x6 ./Core/Src/stm32f1xx_it.o
                0x00000000080008ae                HardFault_Handler
 .text.MemManage_Handler
                0x00000000080008b4        0x6 ./Core/Src/stm32f1xx_it.o
                0x00000000080008b4                MemManage_Handler
 .text.BusFault_Handler
                0x00000000080008ba        0x6 ./Core/Src/stm32f1xx_it.o
                0x00000000080008ba                BusFault_Handler
 .text.UsageFault_Handler
                0x00000000080008c0        0x6 ./Core/Src/stm32f1xx_it.o
                0x00000000080008c0                UsageFault_Handler
 .text.SVC_Handler
                0x00000000080008c6        0xc ./Core/Src/stm32f1xx_it.o
                0x00000000080008c6                SVC_Handler
 .text.DebugMon_Handler
                0x00000000080008d2        0xc ./Core/Src/stm32f1xx_it.o
                0x00000000080008d2                DebugMon_Handler
 .text.PendSV_Handler
                0x00000000080008de        0xc ./Core/Src/stm32f1xx_it.o
                0x00000000080008de                PendSV_Handler
 .text.SysTick_Handler
                0x00000000080008ea        0xc ./Core/Src/stm32f1xx_it.o
                0x00000000080008ea                SysTick_Handler
 .text.RCC_IRQHandler
                0x00000000080008f6        0xc ./Core/Src/stm32f1xx_it.o
                0x00000000080008f6                RCC_IRQHandler
 *fill*         0x0000000008000902        0x2 
 .text.TIM1_UP_IRQHandler
                0x0000000008000904       0x14 ./Core/Src/stm32f1xx_it.o
                0x0000000008000904                TIM1_UP_IRQHandler
 .text.EXTI15_10_IRQHandler
                0x0000000008000918       0x48 ./Core/Src/stm32f1xx_it.o
                0x0000000008000918                EXTI15_10_IRQHandler
 .text.SystemInit
                0x0000000008000960        0xc ./Core/Src/system_stm32f1xx.o
                0x0000000008000960                SystemInit
 .text.set_flag
                0x000000000800096c       0x20 ./Core/Src/variables.o
                0x000000000800096c                set_flag
 .text.reset_flag
                0x000000000800098c       0x20 ./Core/Src/variables.o
                0x000000000800098c                reset_flag
 .text.get_flag
                0x00000000080009ac       0x20 ./Core/Src/variables.o
                0x00000000080009ac                get_flag
 .text.incremented_var
                0x00000000080009cc       0x34 ./Core/Src/variables.o
                0x00000000080009cc                incremented_var
 .text.Reset_Handler
                0x0000000008000a00       0x48 ./Core/Startup/startup_stm32f103c8tx.o
                0x0000000008000a00                Reset_Handler
 .text.Default_Handler
                0x0000000008000a48        0x2 ./Core/Startup/startup_stm32f103c8tx.o
                0x0000000008000a48                RTC_Alarm_IRQHandler
                0x0000000008000a48                EXTI2_IRQHandler
                0x0000000008000a48                TIM1_CC_IRQHandler
                0x0000000008000a48                PVD_IRQHandler
                0x0000000008000a48                EXTI3_IRQHandler
                0x0000000008000a48                EXTI0_IRQHandler
                0x0000000008000a48                I2C2_EV_IRQHandler
                0x0000000008000a48                ADC1_2_IRQHandler
                0x0000000008000a48                SPI1_IRQHandler
                0x0000000008000a48                TAMPER_IRQHandler
                0x0000000008000a48                DMA1_Channel4_IRQHandler
                0x0000000008000a48                USART3_IRQHandler
                0x0000000008000a48                RTC_IRQHandler
                0x0000000008000a48                DMA1_Channel7_IRQHandler
                0x0000000008000a48                CAN1_RX1_IRQHandler
                0x0000000008000a48                TIM4_IRQHandler
                0x0000000008000a48                I2C1_EV_IRQHandler
                0x0000000008000a48                DMA1_Channel6_IRQHandler
                0x0000000008000a48                TIM3_IRQHandler
                0x0000000008000a48                TIM1_TRG_COM_IRQHandler
                0x0000000008000a48                DMA1_Channel1_IRQHandler
                0x0000000008000a48                Default_Handler
                0x0000000008000a48                EXTI9_5_IRQHandler
                0x0000000008000a48                SPI2_IRQHandler
                0x0000000008000a48                DMA1_Channel5_IRQHandler
                0x0000000008000a48                EXTI4_IRQHandler
                0x0000000008000a48                USB_LP_CAN1_RX0_IRQHandler
                0x0000000008000a48                USB_HP_CAN1_TX_IRQHandler
                0x0000000008000a48                DMA1_Channel3_IRQHandler
                0x0000000008000a48                WWDG_IRQHandler
                0x0000000008000a48                TIM2_IRQHandler
                0x0000000008000a48                TIM1_BRK_IRQHandler
                0x0000000008000a48                EXTI1_IRQHandler
                0x0000000008000a48                USART2_IRQHandler
                0x0000000008000a48                I2C2_ER_IRQHandler
                0x0000000008000a48                DMA1_Channel2_IRQHandler
                0x0000000008000a48                CAN1_SCE_IRQHandler
                0x0000000008000a48                FLASH_IRQHandler
                0x0000000008000a48                USART1_IRQHandler
                0x0000000008000a48                I2C1_ER_IRQHandler
                0x0000000008000a48                USBWakeUp_IRQHandler
 *fill*         0x0000000008000a4a        0x2 
 .text.SH1106_cmd
                0x0000000008000a4c       0x30 ./Drivers/Display/Src/sh1106.o
 .text.SH1106_data
                0x0000000008000a7c       0x2c ./Drivers/Display/Src/sh1106.o
 .text.SH1106_Init
                0x0000000008000aa8       0xbc ./Drivers/Display/Src/sh1106.o
                0x0000000008000aa8                SH1106_Init
 .text.SH1106_setContrast
                0x0000000008000b64       0x20 ./Drivers/Display/Src/sh1106.o
                0x0000000008000b64                SH1106_setContrast
 .text.SH1106_setAllPixelsOn
                0x0000000008000b84       0x24 ./Drivers/Display/Src/sh1106.o
                0x0000000008000b84                SH1106_setAllPixelsOn
 .text.SH1106_clear
                0x0000000008000ba8       0x44 ./Drivers/Display/Src/sh1106.o
                0x0000000008000ba8                SH1106_clear
 .text.SH1106_flush
                0x0000000008000bec       0x68 ./Drivers/Display/Src/sh1106.o
                0x0000000008000bec                SH1106_flush
 .text.SH1106_cleanInit
                0x0000000008000c54       0x1a ./Drivers/Display/Src/sh1106.o
                0x0000000008000c54                SH1106_cleanInit
 *fill*         0x0000000008000c6e        0x2 
 .text.SH1106_drawCircle
                0x0000000008000c70      0xb14 ./Drivers/Display/Src/sh1106.o
                0x0000000008000c70                SH1106_drawCircle
 .text.SH1106_drawBitmapFullscreen
                0x0000000008001784       0x28 ./Drivers/Display/Src/sh1106.o
                0x0000000008001784                SH1106_drawBitmapFullscreen
 .text.HAL_Init
                0x00000000080017ac       0x2c ./Drivers/STM32F1xx_HAL_Driver/Src/stm32f1xx_hal.o
                0x00000000080017ac                HAL_Init
 .text.HAL_IncTick
                0x00000000080017d8       0x24 ./Drivers/STM32F1xx_HAL_Driver/Src/stm32f1xx_hal.o
                0x00000000080017d8                HAL_IncTick
 .text.HAL_GetTick
                0x00000000080017fc       0x14 ./Drivers/STM32F1xx_HAL_Driver/Src/stm32f1xx_hal.o
                0x00000000080017fc                HAL_GetTick
 .text.HAL_Delay
                0x0000000008001810       0x48 ./Drivers/STM32F1xx_HAL_Driver/Src/stm32f1xx_hal.o
                0x0000000008001810                HAL_Delay
 .text.HAL_ADC_Init
                0x0000000008001858      0x1b0 ./Drivers/STM32F1xx_HAL_Driver/Src/stm32f1xx_hal_adc.o
                0x0000000008001858                HAL_ADC_Init
 .text.HAL_ADC_ConfigChannel
                0x0000000008001a08      0x1f0 ./Drivers/STM32F1xx_HAL_Driver/Src/stm32f1xx_hal_adc.o
                0x0000000008001a08                HAL_ADC_ConfigChannel
 .text.ADC_ConversionStop_Disable
                0x0000000008001bf8       0x82 ./Drivers/STM32F1xx_HAL_Driver/Src/stm32f1xx_hal_adc.o
                0x0000000008001bf8                ADC_ConversionStop_Disable
 *fill*         0x0000000008001c7a        0x2 
 .text.__NVIC_SetPriorityGrouping
                0x0000000008001c7c       0x48 ./Drivers/STM32F1xx_HAL_Driver/Src/stm32f1xx_hal_cortex.o
 .text.__NVIC_GetPriorityGrouping
                0x0000000008001cc4       0x1c ./Drivers/STM32F1xx_HAL_Driver/Src/stm32f1xx_hal_cortex.o
 .text.__NVIC_EnableIRQ
                0x0000000008001ce0       0x38 ./Drivers/STM32F1xx_HAL_Driver/Src/stm32f1xx_hal_cortex.o
 .text.__NVIC_SetPriority
                0x0000000008001d18       0x54 ./Drivers/STM32F1xx_HAL_Driver/Src/stm32f1xx_hal_cortex.o
 .text.NVIC_EncodePriority
                0x0000000008001d6c       0x64 ./Drivers/STM32F1xx_HAL_Driver/Src/stm32f1xx_hal_cortex.o
 .text.HAL_NVIC_SetPriorityGrouping
                0x0000000008001dd0       0x16 ./Drivers/STM32F1xx_HAL_Driver/Src/stm32f1xx_hal_cortex.o
                0x0000000008001dd0                HAL_NVIC_SetPriorityGrouping
 .text.HAL_NVIC_SetPriority
                0x0000000008001de6       0x38 ./Drivers/STM32F1xx_HAL_Driver/Src/stm32f1xx_hal_cortex.o
                0x0000000008001de6                HAL_NVIC_SetPriority
 .text.HAL_NVIC_EnableIRQ
                0x0000000008001e1e       0x1c ./Drivers/STM32F1xx_HAL_Driver/Src/stm32f1xx_hal_cortex.o
                0x0000000008001e1e                HAL_NVIC_EnableIRQ
 *fill*         0x0000000008001e3a        0x2 
 .text.HAL_GPIO_Init
                0x0000000008001e3c      0x308 ./Drivers/STM32F1xx_HAL_Driver/Src/stm32f1xx_hal_gpio.o
                0x0000000008001e3c                HAL_GPIO_Init
 .text.HAL_GPIO_WritePin
                0x0000000008002144       0x30 ./Drivers/STM32F1xx_HAL_Driver/Src/stm32f1xx_hal_gpio.o
                0x0000000008002144                HAL_GPIO_WritePin
 .text.HAL_GPIO_EXTI_IRQHandler
                0x0000000008002174       0x1a ./Drivers/STM32F1xx_HAL_Driver/Src/stm32f1xx_hal_gpio.o
                0x0000000008002174                HAL_GPIO_EXTI_IRQHandler
 *fill*         0x000000000800218e        0x2 
 .text.HAL_I2C_Init
                0x0000000008002190      0x288 ./Drivers/STM32F1xx_HAL_Driver/Src/stm32f1xx_hal_i2c.o
                0x0000000008002190                HAL_I2C_Init
 .text.HAL_I2C_Master_Transmit
                0x0000000008002418      0x1fc ./Drivers/STM32F1xx_HAL_Driver/Src/stm32f1xx_hal_i2c.o
                0x0000000008002418                HAL_I2C_Master_Transmit
 .text.I2C_MasterRequestWrite
                0x0000000008002614      0x104 ./Drivers/STM32F1xx_HAL_Driver/Src/stm32f1xx_hal_i2c.o
 .text.I2C_WaitOnFlagUntilTimeout
                0x0000000008002718       0xae ./Drivers/STM32F1xx_HAL_Driver/Src/stm32f1xx_hal_i2c.o
 .text.I2C_WaitOnMasterAddressFlagUntilTimeout
                0x00000000080027c6       0xfe ./Drivers/STM32F1xx_HAL_Driver/Src/stm32f1xx_hal_i2c.o
 .text.I2C_WaitOnTXEFlagUntilTimeout
                0x00000000080028c4       0x82 ./Drivers/STM32F1xx_HAL_Driver/Src/stm32f1xx_hal_i2c.o
 .text.I2C_WaitOnBTFFlagUntilTimeout
                0x0000000008002946       0x82 ./Drivers/STM32F1xx_HAL_Driver/Src/stm32f1xx_hal_i2c.o
 .text.I2C_IsAcknowledgeFailed
                0x00000000080029c8       0x5c ./Drivers/STM32F1xx_HAL_Driver/Src/stm32f1xx_hal_i2c.o
 .text.HAL_RCC_OscConfig
                0x0000000008002a24      0x504 ./Drivers/STM32F1xx_HAL_Driver/Src/stm32f1xx_hal_rcc.o
                0x0000000008002a24                HAL_RCC_OscConfig
 .text.HAL_RCC_ClockConfig
                0x0000000008002f28      0x1d4 ./Drivers/STM32F1xx_HAL_Driver/Src/stm32f1xx_hal_rcc.o
                0x0000000008002f28                HAL_RCC_ClockConfig
 .text.HAL_RCC_GetSysClockFreq
                0x00000000080030fc       0xbc ./Drivers/STM32F1xx_HAL_Driver/Src/stm32f1xx_hal_rcc.o
                0x00000000080030fc                HAL_RCC_GetSysClockFreq
 .text.HAL_RCC_GetHCLKFreq
                0x00000000080031b8       0x14 ./Drivers/STM32F1xx_HAL_Driver/Src/stm32f1xx_hal_rcc.o
                0x00000000080031b8                HAL_RCC_GetHCLKFreq
 .text.HAL_RCC_GetPCLK1Freq
                0x00000000080031cc       0x28 ./Drivers/STM32F1xx_HAL_Driver/Src/stm32f1xx_hal_rcc.o
                0x00000000080031cc                HAL_RCC_GetPCLK1Freq
 .text.HAL_RCC_GetPCLK2Freq
                0x00000000080031f4       0x28 ./Drivers/STM32F1xx_HAL_Driver/Src/stm32f1xx_hal_rcc.o
                0x00000000080031f4                HAL_RCC_GetPCLK2Freq
 .text.HAL_RCC_GetClockConfig
                0x000000000800321c       0x60 ./Drivers/STM32F1xx_HAL_Driver/Src/stm32f1xx_hal_rcc.o
                0x000000000800321c                HAL_RCC_GetClockConfig
 .text.RCC_Delay
                0x000000000800327c       0x3c ./Drivers/STM32F1xx_HAL_Driver/Src/stm32f1xx_hal_rcc.o
 .text.HAL_RCCEx_PeriphCLKConfig
                0x00000000080032b8      0x16c ./Drivers/STM32F1xx_HAL_Driver/Src/stm32f1xx_hal_rcc_ex.o
                0x00000000080032b8                HAL_RCCEx_PeriphCLKConfig
 .text.HAL_TIM_Base_Init
                0x0000000008003424       0x9e ./Drivers/STM32F1xx_HAL_Driver/Src/stm32f1xx_hal_tim.o
                0x0000000008003424                HAL_TIM_Base_Init
 .text.HAL_TIM_Base_MspInit
                0x00000000080034c2       0x12 ./Drivers/STM32F1xx_HAL_Driver/Src/stm32f1xx_hal_tim.o
                0x00000000080034c2                HAL_TIM_Base_MspInit
 .text.HAL_TIM_Base_Start_IT
                0x00000000080034d4       0xa4 ./Drivers/STM32F1xx_HAL_Driver/Src/stm32f1xx_hal_tim.o
                0x00000000080034d4                HAL_TIM_Base_Start_IT
 .text.HAL_TIM_IRQHandler
                0x0000000008003578      0x210 ./Drivers/STM32F1xx_HAL_Driver/Src/stm32f1xx_hal_tim.o
                0x0000000008003578                HAL_TIM_IRQHandler
 .text.HAL_TIM_OC_DelayElapsedCallback
                0x0000000008003788       0x12 ./Drivers/STM32F1xx_HAL_Driver/Src/stm32f1xx_hal_tim.o
                0x0000000008003788                HAL_TIM_OC_DelayElapsedCallback
 .text.HAL_TIM_IC_CaptureCallback
                0x000000000800379a       0x12 ./Drivers/STM32F1xx_HAL_Driver/Src/stm32f1xx_hal_tim.o
                0x000000000800379a                HAL_TIM_IC_CaptureCallback
 .text.HAL_TIM_PWM_PulseFinishedCallback
                0x00000000080037ac       0x12 ./Drivers/STM32F1xx_HAL_Driver/Src/stm32f1xx_hal_tim.o
                0x00000000080037ac                HAL_TIM_PWM_PulseFinishedCallback
 .text.HAL_TIM_TriggerCallback
                0x00000000080037be       0x12 ./Drivers/STM32F1xx_HAL_Driver/Src/stm32f1xx_hal_tim.o
                0x00000000080037be                HAL_TIM_TriggerCallback
 .text.TIM_Base_SetConfig
                0x00000000080037d0       0xc4 ./Drivers/STM32F1xx_HAL_Driver/Src/stm32f1xx_hal_tim.o
                0x00000000080037d0                TIM_Base_SetConfig
 .text.HAL_TIMEx_CommutCallback
                0x0000000008003894       0x12 ./Drivers/STM32F1xx_HAL_Driver/Src/stm32f1xx_hal_tim_ex.o
                0x0000000008003894                HAL_TIMEx_CommutCallback
 .text.HAL_TIMEx_BreakCallback
                0x00000000080038a6       0x12 ./Drivers/STM32F1xx_HAL_Driver/Src/stm32f1xx_hal_tim_ex.o
                0x00000000080038a6                HAL_TIMEx_BreakCallback
 .text.__libc_init_array
                0x00000000080038b8       0x48 c:/st/stm32cubeide_1.10.1/stm32cubeide/plugins/com.st.stm32cube.ide.mcu.externaltools.gnu-tools-for-stm32.10.3-2021.10.win32_1.0.0.202111181127/tools/bin/../lib/gcc/arm-none-eabi/10.3.1/../../../../arm-none-eabi/lib/thumb/v7-m/nofp\libc_nano.a(lib_a-init.o)
                0x00000000080038b8                __libc_init_array
 .text.memcpy   0x0000000008003900       0x1c c:/st/stm32cubeide_1.10.1/stm32cubeide/plugins/com.st.stm32cube.ide.mcu.externaltools.gnu-tools-for-stm32.10.3-2021.10.win32_1.0.0.202111181127/tools/bin/../lib/gcc/arm-none-eabi/10.3.1/../../../../arm-none-eabi/lib/thumb/v7-m/nofp\libc_nano.a(lib_a-memcpy-stub.o)
                0x0000000008003900                memcpy
 .text.memset   0x000000000800391c       0x10 c:/st/stm32cubeide_1.10.1/stm32cubeide/plugins/com.st.stm32cube.ide.mcu.externaltools.gnu-tools-for-stm32.10.3-2021.10.win32_1.0.0.202111181127/tools/bin/../lib/gcc/arm-none-eabi/10.3.1/../../../../arm-none-eabi/lib/thumb/v7-m/nofp\libc_nano.a(lib_a-memset.o)
                0x000000000800391c                memset
 *(.glue_7)
 .glue_7        0x000000000800392c        0x0 linker stubs
 *(.glue_7t)
 .glue_7t       0x000000000800392c        0x0 linker stubs
 *(.eh_frame)
 .eh_frame      0x000000000800392c        0x0 c:/st/stm32cubeide_1.10.1/stm32cubeide/plugins/com.st.stm32cube.ide.mcu.externaltools.gnu-tools-for-stm32.10.3-2021.10.win32_1.0.0.202111181127/tools/bin/../lib/gcc/arm-none-eabi/10.3.1/thumb/v7-m/nofp/crtbegin.o
 *(.init)
 .init          0x000000000800392c        0x4 c:/st/stm32cubeide_1.10.1/stm32cubeide/plugins/com.st.stm32cube.ide.mcu.externaltools.gnu-tools-for-stm32.10.3-2021.10.win32_1.0.0.202111181127/tools/bin/../lib/gcc/arm-none-eabi/10.3.1/thumb/v7-m/nofp/crti.o
                0x000000000800392c                _init
 .init          0x0000000008003930        0x8 c:/st/stm32cubeide_1.10.1/stm32cubeide/plugins/com.st.stm32cube.ide.mcu.externaltools.gnu-tools-for-stm32.10.3-2021.10.win32_1.0.0.202111181127/tools/bin/../lib/gcc/arm-none-eabi/10.3.1/thumb/v7-m/nofp/crtn.o
 *(.fini)
 .fini          0x0000000008003938        0x4 c:/st/stm32cubeide_1.10.1/stm32cubeide/plugins/com.st.stm32cube.ide.mcu.externaltools.gnu-tools-for-stm32.10.3-2021.10.win32_1.0.0.202111181127/tools/bin/../lib/gcc/arm-none-eabi/10.3.1/thumb/v7-m/nofp/crti.o
                0x0000000008003938                _fini
 .fini          0x000000000800393c        0x8 c:/st/stm32cubeide_1.10.1/stm32cubeide/plugins/com.st.stm32cube.ide.mcu.externaltools.gnu-tools-for-stm32.10.3-2021.10.win32_1.0.0.202111181127/tools/bin/../lib/gcc/arm-none-eabi/10.3.1/thumb/v7-m/nofp/crtn.o
                0x0000000008003944                . = ALIGN (0x4)
                0x0000000008003944                _etext = .

.vfp11_veneer   0x0000000008003944        0x0
 .vfp11_veneer  0x0000000008003944        0x0 linker stubs

.v4_bx          0x0000000008003944        0x0
 .v4_bx         0x0000000008003944        0x0 linker stubs

.iplt           0x0000000008003944        0x0
 .iplt          0x0000000008003944        0x0 c:/st/stm32cubeide_1.10.1/stm32cubeide/plugins/com.st.stm32cube.ide.mcu.externaltools.gnu-tools-for-stm32.10.3-2021.10.win32_1.0.0.202111181127/tools/bin/../lib/gcc/arm-none-eabi/10.3.1/thumb/v7-m/nofp/crtbegin.o

.rodata         0x0000000008003944     0x3ca0
                0x0000000008003944                . = ALIGN (0x4)
 *(.rodata)
 .rodata        0x0000000008003944       0x78 ./Core/Src/main.o
 .rodata        0x00000000080039bc       0x10 ./Drivers/STM32F1xx_HAL_Driver/Src/stm32f1xx_hal_rcc.o
 *(.rodata*)
 .rodata.frame_00
                0x00000000080039cc      0x400 ./Core/Src/main.o
                0x00000000080039cc                frame_00
 .rodata.frame_01
                0x0000000008003dcc      0x400 ./Core/Src/main.o
                0x0000000008003dcc                frame_01
 .rodata.frame_02
                0x00000000080041cc      0x400 ./Core/Src/main.o
                0x00000000080041cc                frame_02
 .rodata.frame_03
                0x00000000080045cc      0x400 ./Core/Src/main.o
                0x00000000080045cc                frame_03
 .rodata.frame_04
                0x00000000080049cc      0x400 ./Core/Src/main.o
                0x00000000080049cc                frame_04
 .rodata.frame_05
                0x0000000008004dcc      0x400 ./Core/Src/main.o
                0x0000000008004dcc                frame_05
 .rodata.frame_06
                0x00000000080051cc      0x400 ./Core/Src/main.o
                0x00000000080051cc                frame_06
 .rodata.frame_07
                0x00000000080055cc      0x400 ./Core/Src/main.o
                0x00000000080055cc                frame_07
 .rodata.frame_08
                0x00000000080059cc      0x400 ./Core/Src/main.o
                0x00000000080059cc                frame_08
 .rodata.frame_09
                0x0000000008005dcc      0x400 ./Core/Src/main.o
                0x0000000008005dcc                frame_09
 .rodata.frame_10
                0x00000000080061cc      0x400 ./Core/Src/main.o
                0x00000000080061cc                frame_10
 .rodata.frame_11
                0x00000000080065cc      0x400 ./Core/Src/main.o
                0x00000000080065cc                frame_11
 .rodata.frame_12
                0x00000000080069cc      0x400 ./Core/Src/main.o
                0x00000000080069cc                frame_12
 .rodata.frame_13
                0x0000000008006dcc      0x400 ./Core/Src/main.o
                0x0000000008006dcc                frame_13
 .rodata.frame_14
                0x00000000080071cc      0x400 ./Core/Src/main.o
                0x00000000080071cc                frame_14
 .rodata.AHBPrescTable
                0x00000000080075cc       0x10 ./Core/Src/system_stm32f1xx.o
                0x00000000080075cc                AHBPrescTable
 .rodata.APBPrescTable
                0x00000000080075dc        0x8 ./Core/Src/system_stm32f1xx.o
                0x00000000080075dc                APBPrescTable
                0x00000000080075e4                . = ALIGN (0x4)

.rel.dyn        0x00000000080075e4        0x0
 .rel.iplt      0x00000000080075e4        0x0 c:/st/stm32cubeide_1.10.1/stm32cubeide/plugins/com.st.stm32cube.ide.mcu.externaltools.gnu-tools-for-stm32.10.3-2021.10.win32_1.0.0.202111181127/tools/bin/../lib/gcc/arm-none-eabi/10.3.1/thumb/v7-m/nofp/crtbegin.o

.ARM.extab      0x00000000080075e4        0x0
                0x00000000080075e4                . = ALIGN (0x4)
 *(.ARM.extab* .gnu.linkonce.armextab.*)
                0x00000000080075e4                . = ALIGN (0x4)

.ARM            0x00000000080075e4        0x0
                0x00000000080075e4                . = ALIGN (0x4)
                0x00000000080075e4                __exidx_start = .
 *(.ARM.exidx*)
                0x00000000080075e4                __exidx_end = .
                0x00000000080075e4                . = ALIGN (0x4)

.preinit_array  0x00000000080075e4        0x0
                0x00000000080075e4                . = ALIGN (0x4)
                0x00000000080075e4                PROVIDE (__preinit_array_start = .)
 *(.preinit_array*)
                0x00000000080075e4                PROVIDE (__preinit_array_end = .)
                0x00000000080075e4                . = ALIGN (0x4)

.init_array     0x00000000080075e4        0x4
                0x00000000080075e4                . = ALIGN (0x4)
                0x00000000080075e4                PROVIDE (__init_array_start = .)
 *(SORT_BY_NAME(.init_array.*))
 *(.init_array*)
 .init_array    0x00000000080075e4        0x4 c:/st/stm32cubeide_1.10.1/stm32cubeide/plugins/com.st.stm32cube.ide.mcu.externaltools.gnu-tools-for-stm32.10.3-2021.10.win32_1.0.0.202111181127/tools/bin/../lib/gcc/arm-none-eabi/10.3.1/thumb/v7-m/nofp/crtbegin.o
                0x00000000080075e8                PROVIDE (__init_array_end = .)
                0x00000000080075e8                . = ALIGN (0x4)

.fini_array     0x00000000080075e8        0x4
                0x00000000080075e8                . = ALIGN (0x4)
                [!provide]                        PROVIDE (__fini_array_start = .)
 *(SORT_BY_NAME(.fini_array.*))
 *(.fini_array*)
 .fini_array    0x00000000080075e8        0x4 c:/st/stm32cubeide_1.10.1/stm32cubeide/plugins/com.st.stm32cube.ide.mcu.externaltools.gnu-tools-for-stm32.10.3-2021.10.win32_1.0.0.202111181127/tools/bin/../lib/gcc/arm-none-eabi/10.3.1/thumb/v7-m/nofp/crtbegin.o
                [!provide]                        PROVIDE (__fini_array_end = .)
                0x00000000080075ec                . = ALIGN (0x4)
                0x00000000080075ec                _sidata = LOADADDR (.data)

.data           0x0000000020000000       0xd0 load address 0x00000000080075ec
                0x0000000020000000                . = ALIGN (0x4)
                0x0000000020000000                _sdata = .
 *(.data)
 *(.data*)
 .data.horse_running
                0x0000000020000000       0x3c ./Core/Src/main.o
                0x0000000020000000                horse_running
 .data.SystemCoreClock
                0x000000002000003c        0x4 ./Core/Src/system_stm32f1xx.o
                0x000000002000003c                SystemCoreClock
 .data.scr_width
                0x0000000020000040        0x2 ./Drivers/Display/Src/sh1106.o
                0x0000000020000040                scr_width
 .data.scr_height
                0x0000000020000042        0x2 ./Drivers/Display/Src/sh1106.o
                0x0000000020000042                scr_height
 .data.screen_buffer.1
                0x0000000020000044       0x81 ./Drivers/Display/Src/sh1106.o
 *fill*         0x00000000200000c5        0x3 
 .data.uwTickPrio
                0x00000000200000c8        0x4 ./Drivers/STM32F1xx_HAL_Driver/Src/stm32f1xx_hal.o
                0x00000000200000c8                uwTickPrio
 .data.uwTickFreq
                0x00000000200000cc        0x1 ./Drivers/STM32F1xx_HAL_Driver/Src/stm32f1xx_hal.o
                0x00000000200000cc                uwTickFreq
 *(.RamFunc)
 *(.RamFunc*)
                0x00000000200000d0                . = ALIGN (0x4)
 *fill*         0x00000000200000cd        0x3 
                0x00000000200000d0                _edata = .

.igot.plt       0x00000000200000d0        0x0 load address 0x00000000080076bc
 .igot.plt      0x00000000200000d0        0x0 c:/st/stm32cubeide_1.10.1/stm32cubeide/plugins/com.st.stm32cube.ide.mcu.externaltools.gnu-tools-for-stm32.10.3-2021.10.win32_1.0.0.202111181127/tools/bin/../lib/gcc/arm-none-eabi/10.3.1/thumb/v7-m/nofp/crtbegin.o
                0x00000000200000d0                . = ALIGN (0x4)

.bss            0x00000000200000d0      0x578 load address 0x00000000080076bc
                0x00000000200000d0                _sbss = .
                0x00000000200000d0                __bss_start__ = _sbss
 *(.bss)
 .bss           0x00000000200000d0       0x1c c:/st/stm32cubeide_1.10.1/stm32cubeide/plugins/com.st.stm32cube.ide.mcu.externaltools.gnu-tools-for-stm32.10.3-2021.10.win32_1.0.0.202111181127/tools/bin/../lib/gcc/arm-none-eabi/10.3.1/thumb/v7-m/nofp/crtbegin.o
 *(.bss*)
 .bss.hadc2     0x00000000200000ec       0x30 ./Core/Src/adc.o
                0x00000000200000ec                hadc2
 .bss.hi2c1     0x000000002000011c       0x54 ./Core/Src/i2c.o
                0x000000002000011c                hi2c1
 .bss.htim1     0x0000000020000170       0x48 ./Core/Src/stm32f1xx_hal_timebase_tim.o
                0x0000000020000170                htim1
 .bss.boolVariables
                0x00000000200001b8        0x4 ./Core/Src/variables.o
 .bss.intVariables
                0x00000000200001bc        0x4 ./Core/Src/variables.o
 .bss.SH1106_PixelMode
                0x00000000200001c0        0x1 ./Drivers/Display/Src/sh1106.o
                0x00000000200001c0                SH1106_PixelMode
 .bss.scr_orientation
                0x00000000200001c1        0x1 ./Drivers/Display/Src/sh1106.o
 *fill*         0x00000000200001c2        0x2 
 .bss.vRAM      0x00000000200001c4      0x400 ./Drivers/Display/Src/sh1106.o
 .bss.null_buff.2
                0x00000000200005c4       0x80 ./Drivers/Display/Src/sh1106.o
 .bss.uwTick    0x0000000020000644        0x4 ./Drivers/STM32F1xx_HAL_Driver/Src/stm32f1xx_hal.o
                0x0000000020000644                uwTick
 *(COMMON)
                0x0000000020000648                . = ALIGN (0x4)
                0x0000000020000648                _ebss = .
                0x0000000020000648                __bss_end__ = _ebss

._user_heap_stack
                0x0000000020000648      0x600 load address 0x00000000080076bc
                0x0000000020000648                . = ALIGN (0x8)
                [!provide]                        PROVIDE (end = .)
                0x0000000020000648                PROVIDE (_end = .)
                0x0000000020000848                . = (. + _Min_Heap_Size)
 *fill*         0x0000000020000648      0x200 
                0x0000000020000c48                . = (. + _Min_Stack_Size)
 *fill*         0x0000000020000848      0x400 
                0x0000000020000c48                . = ALIGN (0x8)

/DISCARD/
 libc.a(*)
 libm.a(*)
 libgcc.a(*)

.ARM.attributes
                0x0000000000000000       0x29
 *(.ARM.attributes)
 .ARM.attributes
                0x0000000000000000       0x1d c:/st/stm32cubeide_1.10.1/stm32cubeide/plugins/com.st.stm32cube.ide.mcu.externaltools.gnu-tools-for-stm32.10.3-2021.10.win32_1.0.0.202111181127/tools/bin/../lib/gcc/arm-none-eabi/10.3.1/thumb/v7-m/nofp/crti.o
 .ARM.attributes
                0x000000000000001d       0x2d c:/st/stm32cubeide_1.10.1/stm32cubeide/plugins/com.st.stm32cube.ide.mcu.externaltools.gnu-tools-for-stm32.10.3-2021.10.win32_1.0.0.202111181127/tools/bin/../lib/gcc/arm-none-eabi/10.3.1/thumb/v7-m/nofp/crtbegin.o
 .ARM.attributes
                0x000000000000004a       0x2d ./Core/Src/adc.o
 .ARM.attributes
                0x0000000000000077       0x2d ./Core/Src/gpio.o
 .ARM.attributes
                0x00000000000000a4       0x2d ./Core/Src/i2c.o
 .ARM.attributes
                0x00000000000000d1       0x2d ./Core/Src/main.o
 .ARM.attributes
                0x00000000000000fe       0x2d ./Core/Src/stm32f1xx_hal_msp.o
 .ARM.attributes
                0x000000000000012b       0x2d ./Core/Src/stm32f1xx_hal_timebase_tim.o
 .ARM.attributes
                0x0000000000000158       0x2d ./Core/Src/stm32f1xx_it.o
 .ARM.attributes
                0x0000000000000185       0x2d ./Core/Src/system_stm32f1xx.o
 .ARM.attributes
                0x00000000000001b2       0x2d ./Core/Src/variables.o
 .ARM.attributes
                0x00000000000001df       0x21 ./Core/Startup/startup_stm32f103c8tx.o
 .ARM.attributes
                0x0000000000000200       0x2d ./Drivers/Display/Src/sh1106.o
 .ARM.attributes
                0x000000000000022d       0x2d ./Drivers/STM32F1xx_HAL_Driver/Src/stm32f1xx_hal.o
 .ARM.attributes
                0x000000000000025a       0x2d ./Drivers/STM32F1xx_HAL_Driver/Src/stm32f1xx_hal_adc.o
 .ARM.attributes
                0x0000000000000287       0x2d ./Drivers/STM32F1xx_HAL_Driver/Src/stm32f1xx_hal_cortex.o
 .ARM.attributes
                0x00000000000002b4       0x2d ./Drivers/STM32F1xx_HAL_Driver/Src/stm32f1xx_hal_gpio.o
 .ARM.attributes
                0x00000000000002e1       0x2d ./Drivers/STM32F1xx_HAL_Driver/Src/stm32f1xx_hal_i2c.o
 .ARM.attributes
                0x000000000000030e       0x2d ./Drivers/STM32F1xx_HAL_Driver/Src/stm32f1xx_hal_rcc.o
 .ARM.attributes
                0x000000000000033b       0x2d ./Drivers/STM32F1xx_HAL_Driver/Src/stm32f1xx_hal_rcc_ex.o
 .ARM.attributes
                0x0000000000000368       0x2d ./Drivers/STM32F1xx_HAL_Driver/Src/stm32f1xx_hal_tim.o
 .ARM.attributes
                0x0000000000000395       0x2d ./Drivers/STM32F1xx_HAL_Driver/Src/stm32f1xx_hal_tim_ex.o
 .ARM.attributes
                0x00000000000003c2       0x2d c:/st/stm32cubeide_1.10.1/stm32cubeide/plugins/com.st.stm32cube.ide.mcu.externaltools.gnu-tools-for-stm32.10.3-2021.10.win32_1.0.0.202111181127/tools/bin/../lib/gcc/arm-none-eabi/10.3.1/../../../../arm-none-eabi/lib/thumb/v7-m/nofp\libc_nano.a(lib_a-init.o)
 .ARM.attributes
                0x00000000000003ef       0x2d c:/st/stm32cubeide_1.10.1/stm32cubeide/plugins/com.st.stm32cube.ide.mcu.externaltools.gnu-tools-for-stm32.10.3-2021.10.win32_1.0.0.202111181127/tools/bin/../lib/gcc/arm-none-eabi/10.3.1/../../../../arm-none-eabi/lib/thumb/v7-m/nofp\libc_nano.a(lib_a-memcpy-stub.o)
 .ARM.attributes
                0x000000000000041c       0x2d c:/st/stm32cubeide_1.10.1/stm32cubeide/plugins/com.st.stm32cube.ide.mcu.externaltools.gnu-tools-for-stm32.10.3-2021.10.win32_1.0.0.202111181127/tools/bin/../lib/gcc/arm-none-eabi/10.3.1/../../../../arm-none-eabi/lib/thumb/v7-m/nofp\libc_nano.a(lib_a-memset.o)
 .ARM.attributes
                0x0000000000000449       0x1d c:/st/stm32cubeide_1.10.1/stm32cubeide/plugins/com.st.stm32cube.ide.mcu.externaltools.gnu-tools-for-stm32.10.3-2021.10.win32_1.0.0.202111181127/tools/bin/../lib/gcc/arm-none-eabi/10.3.1/thumb/v7-m/nofp/crtn.o
OUTPUT(EQ DRIVER.elf elf32-littlearm)
LOAD linker stubs
LOAD c:/st/stm32cubeide_1.10.1/stm32cubeide/plugins/com.st.stm32cube.ide.mcu.externaltools.gnu-tools-for-stm32.10.3-2021.10.win32_1.0.0.202111181127/tools/bin/../lib/gcc/arm-none-eabi/10.3.1/../../../../arm-none-eabi/lib/thumb/v7-m/nofp\libc.a
LOAD c:/st/stm32cubeide_1.10.1/stm32cubeide/plugins/com.st.stm32cube.ide.mcu.externaltools.gnu-tools-for-stm32.10.3-2021.10.win32_1.0.0.202111181127/tools/bin/../lib/gcc/arm-none-eabi/10.3.1/../../../../arm-none-eabi/lib/thumb/v7-m/nofp\libm.a
LOAD c:/st/stm32cubeide_1.10.1/stm32cubeide/plugins/com.st.stm32cube.ide.mcu.externaltools.gnu-tools-for-stm32.10.3-2021.10.win32_1.0.0.202111181127/tools/bin/../lib/gcc/arm-none-eabi/10.3.1/thumb/v7-m/nofp\libgcc.a

.debug_info     0x0000000000000000     0xf482
 .debug_info    0x0000000000000000      0x81f ./Core/Src/adc.o
 .debug_info    0x000000000000081f      0x699 ./Core/Src/gpio.o
 .debug_info    0x0000000000000eb8      0x85b ./Core/Src/i2c.o
 .debug_info    0x0000000000001713      0xf48 ./Core/Src/main.o
 .debug_info    0x000000000000265b      0x393 ./Core/Src/stm32f1xx_hal_msp.o
 .debug_info    0x00000000000029ee      0x9e9 ./Core/Src/stm32f1xx_hal_timebase_tim.o
 .debug_info    0x00000000000033d7      0x79a ./Core/Src/stm32f1xx_it.o
 .debug_info    0x0000000000003b71      0x23d ./Core/Src/system_stm32f1xx.o
 .debug_info    0x0000000000003dae      0x219 ./Core/Src/variables.o
 .debug_info    0x0000000000003fc7       0x22 ./Core/Startup/startup_stm32f103c8tx.o
 .debug_info    0x0000000000003fe9     0x1cf2 ./Drivers/Display/Src/sh1106.o
 .debug_info    0x0000000000005cdb      0x734 ./Drivers/STM32F1xx_HAL_Driver/Src/stm32f1xx_hal.o
 .debug_info    0x000000000000640f      0xcd9 ./Drivers/STM32F1xx_HAL_Driver/Src/stm32f1xx_hal_adc.o
 .debug_info    0x00000000000070e8      0xb20 ./Drivers/STM32F1xx_HAL_Driver/Src/stm32f1xx_hal_cortex.o
 .debug_info    0x0000000000007c08      0x615 ./Drivers/STM32F1xx_HAL_Driver/Src/stm32f1xx_hal_gpio.o
 .debug_info    0x000000000000821d     0x2734 ./Drivers/STM32F1xx_HAL_Driver/Src/stm32f1xx_hal_i2c.o
 .debug_info    0x000000000000a951      0x860 ./Drivers/STM32F1xx_HAL_Driver/Src/stm32f1xx_hal_rcc.o
 .debug_info    0x000000000000b1b1      0x3e0 ./Drivers/STM32F1xx_HAL_Driver/Src/stm32f1xx_hal_rcc_ex.o
 .debug_info    0x000000000000b591     0x29de ./Drivers/STM32F1xx_HAL_Driver/Src/stm32f1xx_hal_tim.o
 .debug_info    0x000000000000df6f     0x1513 ./Drivers/STM32F1xx_HAL_Driver/Src/stm32f1xx_hal_tim_ex.o

.debug_abbrev   0x0000000000000000     0x26d9
 .debug_abbrev  0x0000000000000000      0x1ce ./Core/Src/adc.o
 .debug_abbrev  0x00000000000001ce      0x1e8 ./Core/Src/gpio.o
 .debug_abbrev  0x00000000000003b6      0x1ce ./Core/Src/i2c.o
 .debug_abbrev  0x0000000000000584      0x2d9 ./Core/Src/main.o
 .debug_abbrev  0x000000000000085d      0x115 ./Core/Src/stm32f1xx_hal_msp.o
 .debug_abbrev  0x0000000000000972      0x1e6 ./Core/Src/stm32f1xx_hal_timebase_tim.o
 .debug_abbrev  0x0000000000000b58      0x186 ./Core/Src/stm32f1xx_it.o
 .debug_abbrev  0x0000000000000cde      0x13b ./Core/Src/system_stm32f1xx.o
 .debug_abbrev  0x0000000000000e19       0xf0 ./Core/Src/variables.o
 .debug_abbrev  0x0000000000000f09       0x12 ./Core/Startup/startup_stm32f103c8tx.o
 .debug_abbrev  0x0000000000000f1b      0x397 ./Drivers/Display/Src/sh1106.o
 .debug_abbrev  0x00000000000012b2      0x1fb ./Drivers/STM32F1xx_HAL_Driver/Src/stm32f1xx_hal.o
 .debug_abbrev  0x00000000000014ad      0x210 ./Drivers/STM32F1xx_HAL_Driver/Src/stm32f1xx_hal_adc.o
 .debug_abbrev  0x00000000000016bd      0x2ed ./Drivers/STM32F1xx_HAL_Driver/Src/stm32f1xx_hal_cortex.o
 .debug_abbrev  0x00000000000019aa      0x1bb ./Drivers/STM32F1xx_HAL_Driver/Src/stm32f1xx_hal_gpio.o
 .debug_abbrev  0x0000000000001b65      0x288 ./Drivers/STM32F1xx_HAL_Driver/Src/stm32f1xx_hal_i2c.o
 .debug_abbrev  0x0000000000001ded      0x2a8 ./Drivers/STM32F1xx_HAL_Driver/Src/stm32f1xx_hal_rcc.o
 .debug_abbrev  0x0000000000002095      0x182 ./Drivers/STM32F1xx_HAL_Driver/Src/stm32f1xx_hal_rcc_ex.o
 .debug_abbrev  0x0000000000002217      0x25d ./Drivers/STM32F1xx_HAL_Driver/Src/stm32f1xx_hal_tim.o
 .debug_abbrev  0x0000000000002474      0x265 ./Drivers/STM32F1xx_HAL_Driver/Src/stm32f1xx_hal_tim_ex.o

.debug_aranges  0x0000000000000000      0xf38
 .debug_aranges
                0x0000000000000000       0x30 ./Core/Src/adc.o
 .debug_aranges
                0x0000000000000030       0x40 ./Core/Src/gpio.o
 .debug_aranges
                0x0000000000000070       0x30 ./Core/Src/i2c.o
 .debug_aranges
                0x00000000000000a0       0x40 ./Core/Src/main.o
 .debug_aranges
                0x00000000000000e0       0x20 ./Core/Src/stm32f1xx_hal_msp.o
 .debug_aranges
                0x0000000000000100       0x30 ./Core/Src/stm32f1xx_hal_timebase_tim.o
 .debug_aranges
                0x0000000000000130       0x78 ./Core/Src/stm32f1xx_it.o
 .debug_aranges
                0x00000000000001a8       0x28 ./Core/Src/system_stm32f1xx.o
 .debug_aranges
                0x00000000000001d0       0x38 ./Core/Src/variables.o
 .debug_aranges
                0x0000000000000208       0x28 ./Core/Startup/startup_stm32f103c8tx.o
 .debug_aranges
                0x0000000000000230      0x148 ./Drivers/Display/Src/sh1106.o
 .debug_aranges
                0x0000000000000378       0xe0 ./Drivers/STM32F1xx_HAL_Driver/Src/stm32f1xx_hal.o
 .debug_aranges
                0x0000000000000458       0xf0 ./Drivers/STM32F1xx_HAL_Driver/Src/stm32f1xx_hal_adc.o
 .debug_aranges
                0x0000000000000548      0x100 ./Drivers/STM32F1xx_HAL_Driver/Src/stm32f1xx_hal_cortex.o
 .debug_aranges
                0x0000000000000648       0x58 ./Drivers/STM32F1xx_HAL_Driver/Src/stm32f1xx_hal_gpio.o
 .debug_aranges
                0x00000000000006a0      0x2a0 ./Drivers/STM32F1xx_HAL_Driver/Src/stm32f1xx_hal_i2c.o
 .debug_aranges
                0x0000000000000940       0x90 ./Drivers/STM32F1xx_HAL_Driver/Src/stm32f1xx_hal_rcc.o
 .debug_aranges
                0x00000000000009d0       0x30 ./Drivers/STM32F1xx_HAL_Driver/Src/stm32f1xx_hal_rcc_ex.o
 .debug_aranges
                0x0000000000000a00      0x3d0 ./Drivers/STM32F1xx_HAL_Driver/Src/stm32f1xx_hal_tim.o
 .debug_aranges
                0x0000000000000dd0      0x168 ./Drivers/STM32F1xx_HAL_Driver/Src/stm32f1xx_hal_tim_ex.o

.debug_ranges   0x0000000000000000      0xe28
 .debug_ranges  0x0000000000000000       0x20 ./Core/Src/adc.o
 .debug_ranges  0x0000000000000020       0x30 ./Core/Src/gpio.o
 .debug_ranges  0x0000000000000050       0x20 ./Core/Src/i2c.o
 .debug_ranges  0x0000000000000070       0x30 ./Core/Src/main.o
 .debug_ranges  0x00000000000000a0       0x10 ./Core/Src/stm32f1xx_hal_msp.o
 .debug_ranges  0x00000000000000b0       0x20 ./Core/Src/stm32f1xx_hal_timebase_tim.o
 .debug_ranges  0x00000000000000d0       0x68 ./Core/Src/stm32f1xx_it.o
 .debug_ranges  0x0000000000000138       0x18 ./Core/Src/system_stm32f1xx.o
 .debug_ranges  0x0000000000000150       0x28 ./Core/Src/variables.o
 .debug_ranges  0x0000000000000178       0x20 ./Core/Startup/startup_stm32f103c8tx.o
 .debug_ranges  0x0000000000000198      0x138 ./Drivers/Display/Src/sh1106.o
 .debug_ranges  0x00000000000002d0       0xd0 ./Drivers/STM32F1xx_HAL_Driver/Src/stm32f1xx_hal.o
 .debug_ranges  0x00000000000003a0       0xe0 ./Drivers/STM32F1xx_HAL_Driver/Src/stm32f1xx_hal_adc.o
 .debug_ranges  0x0000000000000480       0xf0 ./Drivers/STM32F1xx_HAL_Driver/Src/stm32f1xx_hal_cortex.o
 .debug_ranges  0x0000000000000570       0x48 ./Drivers/STM32F1xx_HAL_Driver/Src/stm32f1xx_hal_gpio.o
 .debug_ranges  0x00000000000005b8      0x2b8 ./Drivers/STM32F1xx_HAL_Driver/Src/stm32f1xx_hal_i2c.o
 .debug_ranges  0x0000000000000870       0x80 ./Drivers/STM32F1xx_HAL_Driver/Src/stm32f1xx_hal_rcc.o
 .debug_ranges  0x00000000000008f0       0x20 ./Drivers/STM32F1xx_HAL_Driver/Src/stm32f1xx_hal_rcc_ex.o
 .debug_ranges  0x0000000000000910      0x3c0 ./Drivers/STM32F1xx_HAL_Driver/Src/stm32f1xx_hal_tim.o
 .debug_ranges  0x0000000000000cd0      0x158 ./Drivers/STM32F1xx_HAL_Driver/Src/stm32f1xx_hal_tim_ex.o

.debug_macro    0x0000000000000000    0x182f5
 .debug_macro   0x0000000000000000      0x1d0 ./Core/Src/adc.o
 .debug_macro   0x00000000000001d0      0xa72 ./Core/Src/adc.o
 .debug_macro   0x0000000000000c42      0x221 ./Core/Src/adc.o
 .debug_macro   0x0000000000000e63       0x2e ./Core/Src/adc.o
 .debug_macro   0x0000000000000e91       0x22 ./Core/Src/adc.o
 .debug_macro   0x0000000000000eb3       0x22 ./Core/Src/adc.o
 .debug_macro   0x0000000000000ed5       0x8e ./Core/Src/adc.o
 .debug_macro   0x0000000000000f63       0x51 ./Core/Src/adc.o
 .debug_macro   0x0000000000000fb4      0x103 ./Core/Src/adc.o
 .debug_macro   0x00000000000010b7       0x6a ./Core/Src/adc.o
 .debug_macro   0x0000000000001121      0x1df ./Core/Src/adc.o
 .debug_macro   0x0000000000001300       0x1c ./Core/Src/adc.o
 .debug_macro   0x000000000000131c       0x22 ./Core/Src/adc.o
 .debug_macro   0x000000000000133e       0xbd ./Core/Src/adc.o
 .debug_macro   0x00000000000013fb      0xd23 ./Core/Src/adc.o
 .debug_macro   0x000000000000211e     0xe09e ./Core/Src/adc.o
 .debug_macro   0x00000000000101bc       0x6d ./Core/Src/adc.o
 .debug_macro   0x0000000000010229     0x3468 ./Core/Src/adc.o
 .debug_macro   0x0000000000013691      0x174 ./Core/Src/adc.o
 .debug_macro   0x0000000000013805       0x5c ./Core/Src/adc.o
 .debug_macro   0x0000000000013861      0x5be ./Core/Src/adc.o
 .debug_macro   0x0000000000013e1f      0x289 ./Core/Src/adc.o
 .debug_macro   0x00000000000140a8      0x1cb ./Core/Src/adc.o
 .debug_macro   0x0000000000014273      0x114 ./Core/Src/adc.o
 .debug_macro   0x0000000000014387      0x1b2 ./Core/Src/adc.o
 .debug_macro   0x0000000000014539       0x27 ./Core/Src/adc.o
 .debug_macro   0x0000000000014560      0x136 ./Core/Src/adc.o
 .debug_macro   0x0000000000014696      0x1bc ./Core/Src/adc.o
 .debug_macro   0x0000000000014852       0x34 ./Core/Src/adc.o
 .debug_macro   0x0000000000014886       0x3c ./Core/Src/adc.o
 .debug_macro   0x00000000000148c2       0x57 ./Core/Src/adc.o
 .debug_macro   0x0000000000014919      0x46a ./Core/Src/adc.o
 .debug_macro   0x0000000000014d83      0x1b5 ./Core/Src/adc.o
 .debug_macro   0x0000000000014f38       0x88 ./Core/Src/adc.o
 .debug_macro   0x0000000000014fc0      0x241 ./Core/Src/adc.o
 .debug_macro   0x0000000000015201      0x287 ./Core/Src/adc.o
 .debug_macro   0x0000000000015488      0x141 ./Core/Src/adc.o
 .debug_macro   0x00000000000155c9      0x8d1 ./Core/Src/adc.o
 .debug_macro   0x0000000000015e9a       0x83 ./Core/Src/adc.o
 .debug_macro   0x0000000000015f1d       0xa0 ./Core/Src/adc.o
 .debug_macro   0x0000000000015fbd      0x1d0 ./Core/Src/gpio.o
 .debug_macro   0x000000000001618d      0x1d0 ./Core/Src/i2c.o
 .debug_macro   0x000000000001635d      0x22c ./Core/Src/main.o
 .debug_macro   0x0000000000016589       0x16 ./Core/Src/main.o
 .debug_macro   0x000000000001659f       0xee ./Core/Src/main.o
 .debug_macro   0x000000000001668d      0x1c6 ./Core/Src/stm32f1xx_hal_msp.o
 .debug_macro   0x0000000000016853      0x1b7 ./Core/Src/stm32f1xx_hal_timebase_tim.o
 .debug_macro   0x0000000000016a0a      0x1d0 ./Core/Src/stm32f1xx_it.o
 .debug_macro   0x0000000000016bda      0x1b7 ./Core/Src/system_stm32f1xx.o
 .debug_macro   0x0000000000016d91      0x1d0 ./Core/Src/variables.o
 .debug_macro   0x0000000000016f61      0x29d ./Drivers/Display/Src/sh1106.o
 .debug_macro   0x00000000000171fe       0x52 ./Drivers/Display/Src/sh1106.o
 .debug_macro   0x0000000000017250       0x10 ./Drivers/Display/Src/sh1106.o
 .debug_macro   0x0000000000017260       0x20 ./Drivers/Display/Src/sh1106.o
 .debug_macro   0x0000000000017280      0x1db ./Drivers/STM32F1xx_HAL_Driver/Src/stm32f1xx_hal.o
 .debug_macro   0x000000000001745b      0x1d4 ./Drivers/STM32F1xx_HAL_Driver/Src/stm32f1xx_hal_adc.o
 .debug_macro   0x000000000001762f      0x1b7 ./Drivers/STM32F1xx_HAL_Driver/Src/stm32f1xx_hal_cortex.o
 .debug_macro   0x00000000000177e6      0x222 ./Drivers/STM32F1xx_HAL_Driver/Src/stm32f1xx_hal_gpio.o
 .debug_macro   0x0000000000017a08      0x1fe ./Drivers/STM32F1xx_HAL_Driver/Src/stm32f1xx_hal_i2c.o
 .debug_macro   0x0000000000017c06      0x1c9 ./Drivers/STM32F1xx_HAL_Driver/Src/stm32f1xx_hal_rcc.o
 .debug_macro   0x0000000000017dcf      0x1b7 ./Drivers/STM32F1xx_HAL_Driver/Src/stm32f1xx_hal_rcc_ex.o
 .debug_macro   0x0000000000017f86      0x1b8 ./Drivers/STM32F1xx_HAL_Driver/Src/stm32f1xx_hal_tim.o
 .debug_macro   0x000000000001813e      0x1b7 ./Drivers/STM32F1xx_HAL_Driver/Src/stm32f1xx_hal_tim_ex.o

.debug_line     0x0000000000000000    0x12b59
 .debug_line    0x0000000000000000      0x711 ./Core/Src/adc.o
 .debug_line    0x0000000000000711      0x758 ./Core/Src/gpio.o
 .debug_line    0x0000000000000e69      0x707 ./Core/Src/i2c.o
 .debug_line    0x0000000000001570      0x879 ./Core/Src/main.o
 .debug_line    0x0000000000001de9      0x6a4 ./Core/Src/stm32f1xx_hal_msp.o
 .debug_line    0x000000000000248d      0x70e ./Core/Src/stm32f1xx_hal_timebase_tim.o
 .debug_line    0x0000000000002b9b      0x7ca ./Core/Src/stm32f1xx_it.o
 .debug_line    0x0000000000003365      0x720 ./Core/Src/system_stm32f1xx.o
 .debug_line    0x0000000000003a85      0x6f4 ./Core/Src/variables.o
 .debug_line    0x0000000000004179       0x87 ./Core/Startup/startup_stm32f103c8tx.o
 .debug_line    0x0000000000004200     0x1f91 ./Drivers/Display/Src/sh1106.o
 .debug_line    0x0000000000006191      0x94d ./Drivers/STM32F1xx_HAL_Driver/Src/stm32f1xx_hal.o
 .debug_line    0x0000000000006ade      0xfc4 ./Drivers/STM32F1xx_HAL_Driver/Src/stm32f1xx_hal_adc.o
 .debug_line    0x0000000000007aa2      0xb35 ./Drivers/STM32F1xx_HAL_Driver/Src/stm32f1xx_hal_cortex.o
 .debug_line    0x00000000000085d7      0x9dd ./Drivers/STM32F1xx_HAL_Driver/Src/stm32f1xx_hal_gpio.o
 .debug_line    0x0000000000008fb4     0x3a39 ./Drivers/STM32F1xx_HAL_Driver/Src/stm32f1xx_hal_i2c.o
 .debug_line    0x000000000000c9ed      0xd5b ./Drivers/STM32F1xx_HAL_Driver/Src/stm32f1xx_hal_rcc.o
 .debug_line    0x000000000000d748      0x899 ./Drivers/STM32F1xx_HAL_Driver/Src/stm32f1xx_hal_rcc_ex.o
 .debug_line    0x000000000000dfe1     0x3303 ./Drivers/STM32F1xx_HAL_Driver/Src/stm32f1xx_hal_tim.o
 .debug_line    0x00000000000112e4     0x1875 ./Drivers/STM32F1xx_HAL_Driver/Src/stm32f1xx_hal_tim_ex.o

.debug_str      0x0000000000000000    0x8f3a0
 .debug_str     0x0000000000000000    0x87cab ./Core/Src/adc.o
                                      0x88062 (size before relaxing)
 .debug_str     0x0000000000087cab      0x41b ./Core/Src/gpio.o
                                      0x88104 (size before relaxing)
 .debug_str     0x00000000000880c6      0x2aa ./Core/Src/i2c.o
                                      0x88177 (size before relaxing)
 .debug_str     0x0000000000088370      0xdb6 ./Core/Src/main.o
                                      0x88cb7 (size before relaxing)
 .debug_str     0x0000000000089126       0x5a ./Core/Src/stm32f1xx_hal_msp.o
                                      0x87f4c (size before relaxing)
 .debug_str     0x0000000000089180       0xf7 ./Core/Src/stm32f1xx_hal_timebase_tim.o
                                      0x882b4 (size before relaxing)
 .debug_str     0x0000000000089277      0x12a ./Core/Src/stm32f1xx_it.o
                                      0x881b0 (size before relaxing)
 .debug_str     0x00000000000893a1       0x7e ./Core/Src/system_stm32f1xx.o
                                      0x879fc (size before relaxing)
 .debug_str     0x000000000008941f       0x33 ./Core/Src/variables.o
                                      0x87caa (size before relaxing)
 .debug_str     0x0000000000089452       0x36 ./Core/Startup/startup_stm32f103c8tx.o
                                         0x79 (size before relaxing)
 .debug_str     0x0000000000089488     0x326a ./Drivers/Display/Src/sh1106.o
                                      0x8b67f (size before relaxing)
 .debug_str     0x000000000008c6f2      0x334 ./Drivers/STM32F1xx_HAL_Driver/Src/stm32f1xx_hal.o
                                      0x8812f (size before relaxing)
 .debug_str     0x000000000008ca26      0x396 ./Drivers/STM32F1xx_HAL_Driver/Src/stm32f1xx_hal_adc.o
                                      0x880d9 (size before relaxing)
 .debug_str     0x000000000008cdbc      0x298 ./Drivers/STM32F1xx_HAL_Driver/Src/stm32f1xx_hal_cortex.o
                                      0x8807b (size before relaxing)
 .debug_str     0x000000000008d054      0x266 ./Drivers/STM32F1xx_HAL_Driver/Src/stm32f1xx_hal_gpio.o
                                      0x87d82 (size before relaxing)
 .debug_str     0x000000000008d2ba      0xb5e ./Drivers/STM32F1xx_HAL_Driver/Src/stm32f1xx_hal_i2c.o
                                      0x88a70 (size before relaxing)
 .debug_str     0x000000000008de18      0x1ce ./Drivers/STM32F1xx_HAL_Driver/Src/stm32f1xx_hal_rcc.o
                                      0x87e2b (size before relaxing)
 .debug_str     0x000000000008dfe6       0x84 ./Drivers/STM32F1xx_HAL_Driver/Src/stm32f1xx_hal_rcc_ex.o
                                      0x87b7b (size before relaxing)
 .debug_str     0x000000000008e06a      0xe33 ./Drivers/STM32F1xx_HAL_Driver/Src/stm32f1xx_hal_tim.o
                                      0x88e16 (size before relaxing)
 .debug_str     0x000000000008ee9d      0x503 ./Drivers/STM32F1xx_HAL_Driver/Src/stm32f1xx_hal_tim_ex.o
                                      0x88632 (size before relaxing)

.comment        0x0000000000000000       0x50
 .comment       0x0000000000000000       0x50 ./Core/Src/adc.o
                                         0x51 (size before relaxing)
 .comment       0x0000000000000050       0x51 ./Core/Src/gpio.o
 .comment       0x0000000000000050       0x51 ./Core/Src/i2c.o
 .comment       0x0000000000000050       0x51 ./Core/Src/main.o
 .comment       0x0000000000000050       0x51 ./Core/Src/stm32f1xx_hal_msp.o
 .comment       0x0000000000000050       0x51 ./Core/Src/stm32f1xx_hal_timebase_tim.o
 .comment       0x0000000000000050       0x51 ./Core/Src/stm32f1xx_it.o
 .comment       0x0000000000000050       0x51 ./Core/Src/system_stm32f1xx.o
 .comment       0x0000000000000050       0x51 ./Core/Src/variables.o
 .comment       0x0000000000000050       0x51 ./Drivers/Display/Src/sh1106.o
 .comment       0x0000000000000050       0x51 ./Drivers/STM32F1xx_HAL_Driver/Src/stm32f1xx_hal.o
 .comment       0x0000000000000050       0x51 ./Drivers/STM32F1xx_HAL_Driver/Src/stm32f1xx_hal_adc.o
 .comment       0x0000000000000050       0x51 ./Drivers/STM32F1xx_HAL_Driver/Src/stm32f1xx_hal_cortex.o
 .comment       0x0000000000000050       0x51 ./Drivers/STM32F1xx_HAL_Driver/Src/stm32f1xx_hal_gpio.o
 .comment       0x0000000000000050       0x51 ./Drivers/STM32F1xx_HAL_Driver/Src/stm32f1xx_hal_i2c.o
 .comment       0x0000000000000050       0x51 ./Drivers/STM32F1xx_HAL_Driver/Src/stm32f1xx_hal_rcc.o
 .comment       0x0000000000000050       0x51 ./Drivers/STM32F1xx_HAL_Driver/Src/stm32f1xx_hal_rcc_ex.o
 .comment       0x0000000000000050       0x51 ./Drivers/STM32F1xx_HAL_Driver/Src/stm32f1xx_hal_tim.o
 .comment       0x0000000000000050       0x51 ./Drivers/STM32F1xx_HAL_Driver/Src/stm32f1xx_hal_tim_ex.o

.debug_frame    0x0000000000000000     0x3f30
 .debug_frame   0x0000000000000000       0x7c ./Core/Src/adc.o
 .debug_frame   0x000000000000007c       0xc4 ./Core/Src/gpio.o
 .debug_frame   0x0000000000000140       0x74 ./Core/Src/i2c.o
 .debug_frame   0x00000000000001b4       0xb8 ./Core/Src/main.o
 .debug_frame   0x000000000000026c       0x34 ./Core/Src/stm32f1xx_hal_msp.o
 .debug_frame   0x00000000000002a0       0x74 ./Core/Src/stm32f1xx_hal_timebase_tim.o
 .debug_frame   0x0000000000000314      0x160 ./Core/Src/stm32f1xx_it.o
 .debug_frame   0x0000000000000474       0x58 ./Core/Src/system_stm32f1xx.o
 .debug_frame   0x00000000000004cc       0xb0 ./Core/Src/variables.o
 .debug_frame   0x000000000000057c      0x5a0 ./Drivers/Display/Src/sh1106.o
 .debug_frame   0x0000000000000b1c      0x334 ./Drivers/STM32F1xx_HAL_Driver/Src/stm32f1xx_hal.o
 .debug_frame   0x0000000000000e50      0x40c ./Drivers/STM32F1xx_HAL_Driver/Src/stm32f1xx_hal_adc.o
 .debug_frame   0x000000000000125c      0x428 ./Drivers/STM32F1xx_HAL_Driver/Src/stm32f1xx_hal_cortex.o
 .debug_frame   0x0000000000001684      0x14c ./Drivers/STM32F1xx_HAL_Driver/Src/stm32f1xx_hal_gpio.o
 .debug_frame   0x00000000000017d0      0xc5c ./Drivers/STM32F1xx_HAL_Driver/Src/stm32f1xx_hal_i2c.o
 .debug_frame   0x000000000000242c      0x21c ./Drivers/STM32F1xx_HAL_Driver/Src/stm32f1xx_hal_rcc.o
 .debug_frame   0x0000000000002648       0x84 ./Drivers/STM32F1xx_HAL_Driver/Src/stm32f1xx_hal_rcc_ex.o
 .debug_frame   0x00000000000026cc     0x11b8 ./Drivers/STM32F1xx_HAL_Driver/Src/stm32f1xx_hal_tim.o
 .debug_frame   0x0000000000003884      0x638 ./Drivers/STM32F1xx_HAL_Driver/Src/stm32f1xx_hal_tim_ex.o
 .debug_frame   0x0000000000003ebc       0x2c c:/st/stm32cubeide_1.10.1/stm32cubeide/plugins/com.st.stm32cube.ide.mcu.externaltools.gnu-tools-for-stm32.10.3-2021.10.win32_1.0.0.202111181127/tools/bin/../lib/gcc/arm-none-eabi/10.3.1/../../../../arm-none-eabi/lib/thumb/v7-m/nofp\libc_nano.a(lib_a-init.o)
 .debug_frame   0x0000000000003ee8       0x28 c:/st/stm32cubeide_1.10.1/stm32cubeide/plugins/com.st.stm32cube.ide.mcu.externaltools.gnu-tools-for-stm32.10.3-2021.10.win32_1.0.0.202111181127/tools/bin/../lib/gcc/arm-none-eabi/10.3.1/../../../../arm-none-eabi/lib/thumb/v7-m/nofp\libc_nano.a(lib_a-memcpy-stub.o)
 .debug_frame   0x0000000000003f10       0x20 c:/st/stm32cubeide_1.10.1/stm32cubeide/plugins/com.st.stm32cube.ide.mcu.externaltools.gnu-tools-for-stm32.10.3-2021.10.win32_1.0.0.202111181127/tools/bin/../lib/gcc/arm-none-eabi/10.3.1/../../../../arm-none-eabi/lib/thumb/v7-m/nofp\libc_nano.a(lib_a-memset.o)
