../Drivers/Display/Src/sh1106.c:30:13:SH1106_cmd	32	static
../Drivers/Display/Src/sh1106.c:41:13:SH1106_data	24	static
../Drivers/Display/Src/sh1106.c:49:6:SH1106_Init	8	static
../Drivers/Display/Src/sh1106.c:111:6:SH1106_setContrast	16	static
../Drivers/Display/Src/sh1106.c:121:6:SH1106_setAllPixelsOn	16	static
../Drivers/Display/Src/sh1106.c:129:6:SH1106_setInvert	16	static
../Drivers/Display/Src/sh1106.c:137:6:SH1106_setDisplayState	16	static
../Drivers/Display/Src/sh1106.c:146:6:SH1106_setXDir	16	static
../Drivers/Display/Src/sh1106.c:155:6:SH1106_setYDir	16	static
../Drivers/Display/Src/sh1106.c:164:6:SH1106_orientation	16	static
../Drivers/Display/Src/sh1106.c:202:6:SH1106_clear	16	static
../Drivers/Display/Src/sh1106.c:211:6:SH1106_flush	16	static
../Drivers/Display/Src/sh1106.c:230:6:SH1106_fill	24	static
../Drivers/Display/Src/sh1106.c:241:6:SH1106_cleanInit	8	static
../Drivers/Display/Src/sh1106.c:254:6:SH1106_scrollHSetup	24	static
../Drivers/Display/Src/sh1106.c:275:6:SH1106_scrollDSetup	24	static
../Drivers/Display/Src/sh1106.c:292:6:SH1106_scrollStart	8	static
../Drivers/Display/Src/sh1106.c:299:6:SH1106_scrollStop	8	static
../Drivers/Display/Src/sh1106.c:309:37:SH1106_pixel	24	static
../Drivers/Display/Src/sh1106.c:371:13:SH1106_drawHLineInt	24	static
../Drivers/Display/Src/sh1106.c:405:13:SH1106_drawVLineInt	24	static
../Drivers/Display/Src/sh1106.c:500:6:SH1106_drawHLine	24	static
../Drivers/Display/Src/sh1106.c:524:6:SH1106_drawVLine	24	static
../Drivers/Display/Src/sh1106.c:548:6:SH1106_drawRect	24	static
../Drivers/Display/Src/sh1106.c:559:6:SH1106_fillRect	32	static
../Drivers/Display/Src/sh1106.c:610:6:SH1106_drawLine	48	static
../Drivers/Display/Src/sh1106.c:665:6:SH1106_drawCircle	80	static
../Drivers/Display/Src/sh1106.c:727:6:SH1106_drawEllipse	88	static
../Drivers/Display/Src/sh1106.c:789:6:SH1106_drawRoundRectFill	32	static
../Drivers/Display/Src/sh1106.c:803:9:SH1106_printChar	48	static
../Drivers/Display/Src/sh1106.c:918:10:SH1106_printStr	32	static
../Drivers/Display/Src/sh1106.c:938:10:SH1106_printStrLF	32	static
../Drivers/Display/Src/sh1106.c:965:9:SH1106_printInt	48	static
../Drivers/Display/Src/sh1106.c:999:9:SH1106_printIntU	40	static
../Drivers/Display/Src/sh1106.c:1027:9:SH1106_printIntF	48	static
../Drivers/Display/Src/sh1106.c:1083:9:SH1106_printIntLZ	40	static
../Drivers/Display/Src/sh1106.c:1126:9:SH1106_printHex	40	static
../Drivers/Display/Src/sh1106.c:1158:6:SH1106_drawBitmap	32	static
../Drivers/Display/Src/sh1106.c:1191:6:SH1106_drawBitmapFullscreen	16	static
