../Drivers/Steppers/Src/steppers.c:65:6:stepper_set_direction.part.0	0	static
../Drivers/Steppers/Src/steppers.c:12:6:stepper_disable	0	static
../Drivers/Steppers/Src/steppers.c:17:6:stepper_enable	8	static
../Drivers/Steppers/Src/steppers.c:23:6:stepper_init	8	static
../Drivers/Steppers/Src/steppers.c:39:10:half_step	8	static
../Drivers/Steppers/Src/steppers.c:60:6:stepper_reverse_direction	0	static
../Drivers/Steppers/Src/steppers.c:65:6:stepper_set_direction	0	static
../Drivers/Steppers/Src/steppers.c:75:10:stepper_to_target_smoothen_period	8	static
