../Core/Src/astro_conv.c:136:6:astro_update_LMST	64	static
../Core/Src/astro_conv.c:203:6:astro_update_fine_adjusts	8	static
../Core/Src/astro_conv.c:235:16:astro_set_target	16	static
../Core/Src/astro_conv.c:247:14:astro_get_gnss_pointer	0	static
../Core/Src/astro_conv.c:251:6:astro_stepper_position_step	0	static
../Core/Src/astro_conv.c:279:6:astro_init	8	static
../Core/Src/astro_conv.c:286:6:astro_start_tracking	8	static
../Core/Src/astro_conv.c:293:6:astro_axis_add_fine_adjusts	8	static
../Core/Src/astro_conv.c:309:6:astro_full_stop	8	static
