../Core/Src/astro_conv.c:139:6:astro_update_LMST	64	static
../Core/Src/astro_conv.c:204:6:astro_update_raw_fine_adjusts	8	static
../Core/Src/astro_conv.c:238:16:astro_set_target	16	static
../Core/Src/astro_conv.c:250:14:astro_get_gnss_pointer	0	static
../Core/Src/astro_conv.c:255:6:astro_stepper_position_step	0	static
../Core/Src/astro_conv.c:283:6:astro_init	8	static
../Core/Src/astro_conv.c:291:6:astro_start_tracking	8	static
../Core/Src/astro_conv.c:298:6:astro_axis_add_fine_adjusts	8	static
../Core/Src/astro_conv.c:305:6:astro_full_stop	8	static
