../Drivers/Display/Src/sh1106.c:30:13:SH1106_cmd	32	static
../Drivers/Display/Src/sh1106.c:40:13:SH1106_cmd_double	16	static
../Drivers/Display/Src/sh1106.c:48:6:SH1106_Init	8	static
../Drivers/Display/Src/sh1106.c:115:6:SH1106_setContrast	16	static
../Drivers/Display/Src/sh1106.c:124:6:SH1106_setAllPixelsOn	16	static
../Drivers/Display/Src/sh1106.c:132:6:SH1106_setInvert	16	static
../Drivers/Display/Src/sh1106.c:140:6:SH1106_setDisplayState	16	static
../Drivers/Display/Src/sh1106.c:149:6:SH1106_setXDir	16	static
../Drivers/Display/Src/sh1106.c:158:6:SH1106_setYDir	16	static
../Drivers/Display/Src/sh1106.c:167:6:SH1106_orientation	16	static
../Drivers/Display/Src/sh1106.c:206:6:SH1106_flush	40	static
../Drivers/Display/Src/sh1106.c:231:6:SH1106_fill	24	static
../Drivers/Display/Src/sh1106.c:245:6:SH1106_scrollHSetup	24	static
../Drivers/Display/Src/sh1106.c:266:6:SH1106_scrollDSetup	24	static
../Drivers/Display/Src/sh1106.c:283:6:SH1106_scrollStart	8	static
../Drivers/Display/Src/sh1106.c:290:6:SH1106_scrollStop	8	static
../Drivers/Display/Src/sh1106.c:303:6:SH1106_pixel	24	static
../Drivers/Display/Src/sh1106.c:357:13:SH1106_drawHLineInt	24	static
../Drivers/Display/Src/sh1106.c:391:13:SH1106_drawVLineInt	24	static
../Drivers/Display/Src/sh1106.c:486:6:SH1106_drawHLine	24	static
../Drivers/Display/Src/sh1106.c:510:6:SH1106_drawVLine	24	static
../Drivers/Display/Src/sh1106.c:534:6:SH1106_drawRect	24	static
../Drivers/Display/Src/sh1106.c:545:6:SH1106_fillRect	32	static
../Drivers/Display/Src/sh1106.c:596:6:SH1106_drawLine	40	static
../Drivers/Display/Src/sh1106.c:651:6:SH1106_drawCircle	32	static
../Drivers/Display/Src/sh1106.c:713:6:SH1106_Ellipse	72	static
../Drivers/Display/Src/sh1106.c:773:9:SH1106_printChar	24	static
../Drivers/Display/Src/sh1106.c:888:10:SH1106_printStr	32	static
../Drivers/Display/Src/sh1106.c:908:10:SH1106_printStrLF	32	static
../Drivers/Display/Src/sh1106.c:935:9:SH1106_printInt	48	static
../Drivers/Display/Src/sh1106.c:969:9:SH1106_printIntU	40	static
../Drivers/Display/Src/sh1106.c:997:9:SH1106_printIntF	48	static
../Drivers/Display/Src/sh1106.c:1053:9:SH1106_printIntLZ	40	static
../Drivers/Display/Src/sh1106.c:1096:9:SH1106_printHex	40	static
../Drivers/Display/Src/sh1106.c:1128:6:SH1106_drawBitmap	32	static
../Drivers/Display/Src/sh1106.c:1161:6:SH1106_drawBitmapFullscreen	16	static
