../Drivers/Display/Src/sh1106.c:30:13:SH1106_cmd	32	static
../Drivers/Display/Src/sh1106.c:41:13:SH1106_data	32	static
../Drivers/Display/Src/sh1106.c:50:6:SH1106_Init	8	static
../Drivers/Display/Src/sh1106.c:128:6:SH1106_setContrast	16	static
../Drivers/Display/Src/sh1106.c:137:6:SH1106_setAllPixelsOn	16	static
../Drivers/Display/Src/sh1106.c:145:6:SH1106_setInvert	16	static
../Drivers/Display/Src/sh1106.c:153:6:SH1106_setDisplayState	16	static
../Drivers/Display/Src/sh1106.c:162:6:SH1106_setXDir	16	static
../Drivers/Display/Src/sh1106.c:171:6:SH1106_setYDir	16	static
../Drivers/Display/Src/sh1106.c:180:6:SH1106_orientation	16	static
../Drivers/Display/Src/sh1106.c:217:6:SH1106_clear	16	static
../Drivers/Display/Src/sh1106.c:231:6:SH1106_flush	16	static
../Drivers/Display/Src/sh1106.c:246:6:SH1106_fill	24	static
../Drivers/Display/Src/sh1106.c:264:6:SH1106_scrollHSetup	24	static
../Drivers/Display/Src/sh1106.c:285:6:SH1106_scrollDSetup	24	static
../Drivers/Display/Src/sh1106.c:302:6:SH1106_scrollStart	8	static
../Drivers/Display/Src/sh1106.c:309:6:SH1106_scrollStop	8	static
../Drivers/Display/Src/sh1106.c:319:37:SH1106_pixel	24	static
../Drivers/Display/Src/sh1106.c:382:13:SH1106_drawHLineInt	24	static
../Drivers/Display/Src/sh1106.c:416:13:SH1106_drawVLineInt	24	static
../Drivers/Display/Src/sh1106.c:511:6:SH1106_drawHLine	24	static
../Drivers/Display/Src/sh1106.c:535:6:SH1106_drawVLine	24	static
../Drivers/Display/Src/sh1106.c:559:6:SH1106_drawRect	24	static
../Drivers/Display/Src/sh1106.c:570:6:SH1106_fillRect	32	static
../Drivers/Display/Src/sh1106.c:621:6:SH1106_drawLine	48	static
../Drivers/Display/Src/sh1106.c:676:6:SH1106_drawCircle	80	static
../Drivers/Display/Src/sh1106.c:738:6:SH1106_Ellipse	88	static
../Drivers/Display/Src/sh1106.c:798:9:SH1106_printChar	48	static
../Drivers/Display/Src/sh1106.c:913:10:SH1106_printStr	32	static
../Drivers/Display/Src/sh1106.c:933:10:SH1106_printStrLF	32	static
../Drivers/Display/Src/sh1106.c:960:9:SH1106_printInt	48	static
../Drivers/Display/Src/sh1106.c:994:9:SH1106_printIntU	40	static
../Drivers/Display/Src/sh1106.c:1022:9:SH1106_printIntF	48	static
../Drivers/Display/Src/sh1106.c:1078:9:SH1106_printIntLZ	40	static
../Drivers/Display/Src/sh1106.c:1121:9:SH1106_printHex	40	static
../Drivers/Display/Src/sh1106.c:1153:6:SH1106_drawBitmap	32	static
../Drivers/Display/Src/sh1106.c:1186:6:SH1106_drawBitmapFullscreen	16	static
