../Drivers/Display/Src/sh1106.c:30:13:SH1106_cmd	32	static
../Drivers/Display/Src/sh1106.c:41:13:SH1106_data	24	static
../Drivers/Display/Src/sh1106.c:49:6:SH1106_Init	8	static
../Drivers/Display/Src/sh1106.c:111:6:SH1106_setContrast	16	static
../Drivers/Display/Src/sh1106.c:121:6:SH1106_setAllPixelsOn	16	static
../Drivers/Display/Src/sh1106.c:129:6:SH1106_setInvert	16	static
../Drivers/Display/Src/sh1106.c:137:6:SH1106_setDisplayState	16	static
../Drivers/Display/Src/sh1106.c:146:6:SH1106_setXDir	16	static
../Drivers/Display/Src/sh1106.c:155:6:SH1106_setYDir	16	static
../Drivers/Display/Src/sh1106.c:164:6:SH1106_orientation	16	static
../Drivers/Display/Src/sh1106.c:202:6:SH1106_clear	16	static
../Drivers/Display/Src/sh1106.c:211:6:SH1106_flush	16	static
../Drivers/Display/Src/sh1106.c:230:6:SH1106_fill	24	static
../Drivers/Display/Src/sh1106.c:241:6:SH1106_cleanInit	8	static
../Drivers/Display/Src/sh1106.c:254:6:SH1106_scrollHSetup	24	static
../Drivers/Display/Src/sh1106.c:275:6:SH1106_scrollDSetup	24	static
../Drivers/Display/Src/sh1106.c:292:6:SH1106_scrollStart	8	static
../Drivers/Display/Src/sh1106.c:299:6:SH1106_scrollStop	8	static
../Drivers/Display/Src/sh1106.c:309:37:SH1106_pixel	24	static
../Drivers/Display/Src/sh1106.c:372:13:SH1106_drawHLineInt	24	static
../Drivers/Display/Src/sh1106.c:406:13:SH1106_drawVLineInt	24	static
../Drivers/Display/Src/sh1106.c:501:6:SH1106_drawHLine	24	static
../Drivers/Display/Src/sh1106.c:525:6:SH1106_drawVLine	24	static
../Drivers/Display/Src/sh1106.c:549:6:SH1106_drawRect	24	static
../Drivers/Display/Src/sh1106.c:560:6:SH1106_fillRect	32	static
../Drivers/Display/Src/sh1106.c:611:6:SH1106_drawLine	48	static
../Drivers/Display/Src/sh1106.c:666:6:SH1106_drawCircle	80	static
../Drivers/Display/Src/sh1106.c:728:6:SH1106_Ellipse	88	static
../Drivers/Display/Src/sh1106.c:788:9:SH1106_printChar	48	static
../Drivers/Display/Src/sh1106.c:903:10:SH1106_printStr	32	static
../Drivers/Display/Src/sh1106.c:923:10:SH1106_printStrLF	32	static
../Drivers/Display/Src/sh1106.c:950:9:SH1106_printInt	48	static
../Drivers/Display/Src/sh1106.c:984:9:SH1106_printIntU	40	static
../Drivers/Display/Src/sh1106.c:1012:9:SH1106_printIntF	48	static
../Drivers/Display/Src/sh1106.c:1068:9:SH1106_printIntLZ	40	static
../Drivers/Display/Src/sh1106.c:1111:9:SH1106_printHex	40	static
../Drivers/Display/Src/sh1106.c:1143:6:SH1106_drawBitmap	32	static
../Drivers/Display/Src/sh1106.c:1176:6:SH1106_drawBitmapFullscreen	16	static
