Archive member included to satisfy reference by file (symbol)

c:/st/stm32cubeide_1.10.1/stm32cubeide/plugins/com.st.stm32cube.ide.mcu.externaltools.gnu-tools-for-stm32.10.3-2021.10.win32_1.0.0.202111181127/tools/bin/../lib/gcc/arm-none-eabi/10.3.1/../../../../arm-none-eabi/lib/thumb/v7-m/nofp\libc_nano.a(lib_a-errno.o)
                              ./Core/Src/syscalls.o (__errno)
c:/st/stm32cubeide_1.10.1/stm32cubeide/plugins/com.st.stm32cube.ide.mcu.externaltools.gnu-tools-for-stm32.10.3-2021.10.win32_1.0.0.202111181127/tools/bin/../lib/gcc/arm-none-eabi/10.3.1/../../../../arm-none-eabi/lib/thumb/v7-m/nofp\libc_nano.a(lib_a-exit.o)
                              c:/st/stm32cubeide_1.10.1/stm32cubeide/plugins/com.st.stm32cube.ide.mcu.externaltools.gnu-tools-for-stm32.10.3-2021.10.win32_1.0.0.202111181127/tools/bin/../lib/gcc/arm-none-eabi/10.3.1/../../../../arm-none-eabi/lib/thumb/v7-m/nofp/crt0.o (exit)
c:/st/stm32cubeide_1.10.1/stm32cubeide/plugins/com.st.stm32cube.ide.mcu.externaltools.gnu-tools-for-stm32.10.3-2021.10.win32_1.0.0.202111181127/tools/bin/../lib/gcc/arm-none-eabi/10.3.1/../../../../arm-none-eabi/lib/thumb/v7-m/nofp\libc_nano.a(lib_a-impure.o)
                              c:/st/stm32cubeide_1.10.1/stm32cubeide/plugins/com.st.stm32cube.ide.mcu.externaltools.gnu-tools-for-stm32.10.3-2021.10.win32_1.0.0.202111181127/tools/bin/../lib/gcc/arm-none-eabi/10.3.1/../../../../arm-none-eabi/lib/thumb/v7-m/nofp\libc_nano.a(lib_a-exit.o) (_global_impure_ptr)
c:/st/stm32cubeide_1.10.1/stm32cubeide/plugins/com.st.stm32cube.ide.mcu.externaltools.gnu-tools-for-stm32.10.3-2021.10.win32_1.0.0.202111181127/tools/bin/../lib/gcc/arm-none-eabi/10.3.1/../../../../arm-none-eabi/lib/thumb/v7-m/nofp\libc_nano.a(lib_a-init.o)
                              c:/st/stm32cubeide_1.10.1/stm32cubeide/plugins/com.st.stm32cube.ide.mcu.externaltools.gnu-tools-for-stm32.10.3-2021.10.win32_1.0.0.202111181127/tools/bin/../lib/gcc/arm-none-eabi/10.3.1/../../../../arm-none-eabi/lib/thumb/v7-m/nofp/crt0.o (__libc_init_array)
c:/st/stm32cubeide_1.10.1/stm32cubeide/plugins/com.st.stm32cube.ide.mcu.externaltools.gnu-tools-for-stm32.10.3-2021.10.win32_1.0.0.202111181127/tools/bin/../lib/gcc/arm-none-eabi/10.3.1/../../../../arm-none-eabi/lib/thumb/v7-m/nofp\libc_nano.a(lib_a-memcpy-stub.o)
                              ./Drivers/Display/Src/sh1106.o (memcpy)
c:/st/stm32cubeide_1.10.1/stm32cubeide/plugins/com.st.stm32cube.ide.mcu.externaltools.gnu-tools-for-stm32.10.3-2021.10.win32_1.0.0.202111181127/tools/bin/../lib/gcc/arm-none-eabi/10.3.1/../../../../arm-none-eabi/lib/thumb/v7-m/nofp\libc_nano.a(lib_a-memset.o)
                              c:/st/stm32cubeide_1.10.1/stm32cubeide/plugins/com.st.stm32cube.ide.mcu.externaltools.gnu-tools-for-stm32.10.3-2021.10.win32_1.0.0.202111181127/tools/bin/../lib/gcc/arm-none-eabi/10.3.1/../../../../arm-none-eabi/lib/thumb/v7-m/nofp/crt0.o (memset)
c:/st/stm32cubeide_1.10.1/stm32cubeide/plugins/com.st.stm32cube.ide.mcu.externaltools.gnu-tools-for-stm32.10.3-2021.10.win32_1.0.0.202111181127/tools/bin/../lib/gcc/arm-none-eabi/10.3.1/thumb/v7-m/nofp\libgcc.a(_arm_addsubsf3.o)
                              ./Drivers/Display/Src/sh1106.o (__aeabi_fadd)
c:/st/stm32cubeide_1.10.1/stm32cubeide/plugins/com.st.stm32cube.ide.mcu.externaltools.gnu-tools-for-stm32.10.3-2021.10.win32_1.0.0.202111181127/tools/bin/../lib/gcc/arm-none-eabi/10.3.1/thumb/v7-m/nofp\libgcc.a(_arm_muldivsf3.o)
                              ./Drivers/Display/Src/sh1106.o (__aeabi_fdiv)
c:/st/stm32cubeide_1.10.1/stm32cubeide/plugins/com.st.stm32cube.ide.mcu.externaltools.gnu-tools-for-stm32.10.3-2021.10.win32_1.0.0.202111181127/tools/bin/../lib/gcc/arm-none-eabi/10.3.1/thumb/v7-m/nofp\libgcc.a(_arm_fixunssfsi.o)
                              ./Drivers/Display/Src/sh1106.o (__aeabi_f2uiz)

Discarded input sections

 .text          0x0000000000000000        0x0 c:/st/stm32cubeide_1.10.1/stm32cubeide/plugins/com.st.stm32cube.ide.mcu.externaltools.gnu-tools-for-stm32.10.3-2021.10.win32_1.0.0.202111181127/tools/bin/../lib/gcc/arm-none-eabi/10.3.1/thumb/v7-m/nofp/crti.o
 .data          0x0000000000000000        0x0 c:/st/stm32cubeide_1.10.1/stm32cubeide/plugins/com.st.stm32cube.ide.mcu.externaltools.gnu-tools-for-stm32.10.3-2021.10.win32_1.0.0.202111181127/tools/bin/../lib/gcc/arm-none-eabi/10.3.1/thumb/v7-m/nofp/crti.o
 .bss           0x0000000000000000        0x0 c:/st/stm32cubeide_1.10.1/stm32cubeide/plugins/com.st.stm32cube.ide.mcu.externaltools.gnu-tools-for-stm32.10.3-2021.10.win32_1.0.0.202111181127/tools/bin/../lib/gcc/arm-none-eabi/10.3.1/thumb/v7-m/nofp/crti.o
 .data          0x0000000000000000        0x4 c:/st/stm32cubeide_1.10.1/stm32cubeide/plugins/com.st.stm32cube.ide.mcu.externaltools.gnu-tools-for-stm32.10.3-2021.10.win32_1.0.0.202111181127/tools/bin/../lib/gcc/arm-none-eabi/10.3.1/thumb/v7-m/nofp/crtbegin.o
[...]
Memory Configuration

Name             Origin             Length             Attributes
RAM              0x0000000020000000 0x0000000000005000 xrw
FLASH            0x0000000008000000 0x0000000000010000 xr
*default*        0x0000000000000000 0xffffffffffffffff

Linker script and memory map

LOAD c:/st/stm32cubeide_1.10.1/stm32cubeide/plugins/com.st.stm32cube.ide.mcu.externaltools.gnu-tools-for-stm32.10.3-2021.10.win32_1.0.0.202111181127/tools/bin/../lib/gcc/arm-none-eabi/10.3.1/thumb/v7-m/nofp/crti.o
LOAD c:/st/stm32cubeide_1.10.1/stm32cubeide/plugins/com.st.stm32cube.ide.mcu.externaltools.gnu-tools-for-stm32.10.3-2021.10.win32_1.0.0.202111181127/tools/bin/../lib/gcc/arm-none-eabi/10.3.1/thumb/v7-m/nofp/crtbegin.o
LOAD c:/st/stm32cubeide_1.10.1/stm32cubeide/plugins/com.st.stm32cube.ide.mcu.externaltools.gnu-tools-for-stm32.10.3-2021.10.win32_1.0.0.202111181127/tools/bin/../lib/gcc/arm-none-eabi/10.3.1/../../../../arm-none-eabi/lib/thumb/v7-m/nofp/crt0.o
LOAD ./Core/Src/adc.o
LOAD ./Core/Src/bkp_regs.o
LOAD ./Core/Src/gpio.o
LOAD ./Core/Src/i2c.o
LOAD ./Core/Src/main.o
LOAD ./Core/Src/steppers.o
LOAD ./Core/Src/stm32f1xx_hal_msp.o
LOAD ./Core/Src/stm32f1xx_hal_timebase_tim.o
LOAD ./Core/Src/stm32f1xx_it.o
LOAD ./Core/Src/syscalls.o
LOAD ./Core/Src/sysmem.o
LOAD ./Core/Src/system_stm32f1xx.o
LOAD ./Core/Src/tim.o
LOAD ./Core/Src/variables.o
LOAD ./Core/Startup/startup_stm32f103c8tx.o
LOAD ./Drivers/Display/Src/sh1106.o
LOAD ./Drivers/STM32F1xx_HAL_Driver/Src/stm32f1xx_hal.o
LOAD ./Drivers/STM32F1xx_HAL_Driver/Src/stm32f1xx_hal_adc.o
LOAD ./Drivers/STM32F1xx_HAL_Driver/Src/stm32f1xx_hal_adc_ex.o
LOAD ./Drivers/STM32F1xx_HAL_Driver/Src/stm32f1xx_hal_cortex.o
LOAD ./Drivers/STM32F1xx_HAL_Driver/Src/stm32f1xx_hal_dma.o
LOAD ./Drivers/STM32F1xx_HAL_Driver/Src/stm32f1xx_hal_exti.o
LOAD ./Drivers/STM32F1xx_HAL_Driver/Src/stm32f1xx_hal_flash.o
LOAD ./Drivers/STM32F1xx_HAL_Driver/Src/stm32f1xx_hal_flash_ex.o
LOAD ./Drivers/STM32F1xx_HAL_Driver/Src/stm32f1xx_hal_gpio.o
LOAD ./Drivers/STM32F1xx_HAL_Driver/Src/stm32f1xx_hal_gpio_ex.o
LOAD ./Drivers/STM32F1xx_HAL_Driver/Src/stm32f1xx_hal_i2c.o
LOAD ./Drivers/STM32F1xx_HAL_Driver/Src/stm32f1xx_hal_pwr.o
LOAD ./Drivers/STM32F1xx_HAL_Driver/Src/stm32f1xx_hal_rcc.o
LOAD ./Drivers/STM32F1xx_HAL_Driver/Src/stm32f1xx_hal_rcc_ex.o
LOAD ./Drivers/STM32F1xx_HAL_Driver/Src/stm32f1xx_hal_tim.o
LOAD ./Drivers/STM32F1xx_HAL_Driver/Src/stm32f1xx_hal_tim_ex.o
START GROUP
LOAD c:/st/stm32cubeide_1.10.1/stm32cubeide/plugins/com.st.stm32cube.ide.mcu.externaltools.gnu-tools-for-stm32.10.3-2021.10.win32_1.0.0.202111181127/tools/bin/../lib/gcc/arm-none-eabi/10.3.1/../../../../arm-none-eabi/lib/thumb/v7-m/nofp\libc_nano.a
LOAD c:/st/stm32cubeide_1.10.1/stm32cubeide/plugins/com.st.stm32cube.ide.mcu.externaltools.gnu-tools-for-stm32.10.3-2021.10.win32_1.0.0.202111181127/tools/bin/../lib/gcc/arm-none-eabi/10.3.1/../../../../arm-none-eabi/lib/thumb/v7-m/nofp\libm.a
END GROUP
START GROUP
LOAD c:/st/stm32cubeide_1.10.1/stm32cubeide/plugins/com.st.stm32cube.ide.mcu.externaltools.gnu-tools-for-stm32.10.3-2021.10.win32_1.0.0.202111181127/tools/bin/../lib/gcc/arm-none-eabi/10.3.1/thumb/v7-m/nofp\libgcc.a
LOAD c:/st/stm32cubeide_1.10.1/stm32cubeide/plugins/com.st.stm32cube.ide.mcu.externaltools.gnu-tools-for-stm32.10.3-2021.10.win32_1.0.0.202111181127/tools/bin/../lib/gcc/arm-none-eabi/10.3.1/../../../../arm-none-eabi/lib/thumb/v7-m/nofp\libc_nano.a
END GROUP
START GROUP
LOAD c:/st/stm32cubeide_1.10.1/stm32cubeide/plugins/com.st.stm32cube.ide.mcu.externaltools.gnu-tools-for-stm32.10.3-2021.10.win32_1.0.0.202111181127/tools/bin/../lib/gcc/arm-none-eabi/10.3.1/thumb/v7-m/nofp\libgcc.a
LOAD c:/st/stm32cubeide_1.10.1/stm32cubeide/plugins/com.st.stm32cube.ide.mcu.externaltools.gnu-tools-for-stm32.10.3-2021.10.win32_1.0.0.202111181127/tools/bin/../lib/gcc/arm-none-eabi/10.3.1/../../../../arm-none-eabi/lib/thumb/v7-m/nofp\libc_nano.a
LOAD c:/st/stm32cubeide_1.10.1/stm32cubeide/plugins/com.st.stm32cube.ide.mcu.externaltools.gnu-tools-for-stm32.10.3-2021.10.win32_1.0.0.202111181127/tools/bin/../lib/gcc/arm-none-eabi/10.3.1/../../../../arm-none-eabi/lib/thumb/v7-m/nofp\libnosys.a
END GROUP
START GROUP
LOAD c:/st/stm32cubeide_1.10.1/stm32cubeide/plugins/com.st.stm32cube.ide.mcu.externaltools.gnu-tools-for-stm32.10.3-2021.10.win32_1.0.0.202111181127/tools/bin/../lib/gcc/arm-none-eabi/10.3.1/thumb/v7-m/nofp\libgcc.a
LOAD c:/st/stm32cubeide_1.10.1/stm32cubeide/plugins/com.st.stm32cube.ide.mcu.externaltools.gnu-tools-for-stm32.10.3-2021.10.win32_1.0.0.202111181127/tools/bin/../lib/gcc/arm-none-eabi/10.3.1/../../../../arm-none-eabi/lib/thumb/v7-m/nofp\libc_nano.a
LOAD c:/st/stm32cubeide_1.10.1/stm32cubeide/plugins/com.st.stm32cube.ide.mcu.externaltools.gnu-tools-for-stm32.10.3-2021.10.win32_1.0.0.202111181127/tools/bin/../lib/gcc/arm-none-eabi/10.3.1/../../../../arm-none-eabi/lib/thumb/v7-m/nofp\libnosys.a
END GROUP
LOAD c:/st/stm32cubeide_1.10.1/stm32cubeide/plugins/com.st.stm32cube.ide.mcu.externaltools.gnu-tools-for-stm32.10.3-2021.10.win32_1.0.0.202111181127/tools/bin/../lib/gcc/arm-none-eabi/10.3.1/thumb/v7-m/nofp/crtend.o
LOAD c:/st/stm32cubeide_1.10.1/stm32cubeide/plugins/com.st.stm32cube.ide.mcu.externaltools.gnu-tools-for-stm32.10.3-2021.10.win32_1.0.0.202111181127/tools/bin/../lib/gcc/arm-none-eabi/10.3.1/thumb/v7-m/nofp/crtn.o
                0x0000000020005000                _estack = (ORIGIN (RAM) + LENGTH (RAM))
                0x0000000000000200                _Min_Heap_Size = 0x200
                0x0000000000000400                _Min_Stack_Size = 0x400

.isr_vector     0x0000000008000000      0x10c
                0x0000000008000000                . = ALIGN (0x4)
 *(.isr_vector)
 .isr_vector    0x0000000008000000      0x10c ./Core/Startup/startup_stm32f103c8tx.o
                0x0000000008000000                g_pfnVectors
                0x000000000800010c                . = ALIGN (0x4)

.text           0x000000000800010c     0x55fc
                0x000000000800010c                . = ALIGN (0x4)
 *(.text)
 .text          0x000000000800010c       0x40 c:/st/stm32cubeide_1.10.1/stm32cubeide/plugins/com.st.stm32cube.ide.mcu.externaltools.gnu-tools-for-stm32.10.3-2021.10.win32_1.0.0.202111181127/tools/bin/../lib/gcc/arm-none-eabi/10.3.1/thumb/v7-m/nofp/crtbegin.o
 .text          0x000000000800014c      0x21c c:/st/stm32cubeide_1.10.1/stm32cubeide/plugins/com.st.stm32cube.ide.mcu.externaltools.gnu-tools-for-stm32.10.3-2021.10.win32_1.0.0.202111181127/tools/bin/../lib/gcc/arm-none-eabi/10.3.1/thumb/v7-m/nofp\libgcc.a(_arm_addsubsf3.o)
                0x000000000800014c                __aeabi_frsub
                0x0000000008000154                __subsf3
                0x0000000008000154                __aeabi_fsub
                0x0000000008000158                __aeabi_fadd
                0x0000000008000158                __addsf3
                0x00000000080002b8                __aeabi_ui2f
                0x00000000080002b8                __floatunsisf
                0x00000000080002c0                __aeabi_i2f
                0x00000000080002c0                __floatsisf
                0x00000000080002dc                __aeabi_ul2f
                0x00000000080002dc                __floatundisf
                0x00000000080002ec                __aeabi_l2f
                0x00000000080002ec                __floatdisf
 .text          0x0000000008000368      0x2a0 c:/st/stm32cubeide_1.10.1/stm32cubeide/plugins/com.st.stm32cube.ide.mcu.externaltools.gnu-tools-for-stm32.10.3-2021.10.win32_1.0.0.202111181127/tools/bin/../lib/gcc/arm-none-eabi/10.3.1/thumb/v7-m/nofp\libgcc.a(_arm_muldivsf3.o)
                0x0000000008000368                __mulsf3
                0x0000000008000368                __aeabi_fmul
                0x00000000080004d0                __aeabi_fdiv
                0x00000000080004d0                __divsf3
 .text          0x0000000008000608       0x40 c:/st/stm32cubeide_1.10.1/stm32cubeide/plugins/com.st.stm32cube.ide.mcu.externaltools.gnu-tools-for-stm32.10.3-2021.10.win32_1.0.0.202111181127/tools/bin/../lib/gcc/arm-none-eabi/10.3.1/thumb/v7-m/nofp\libgcc.a(_arm_fixunssfsi.o)
                0x0000000008000608                __fixunssfsi
                0x0000000008000608                __aeabi_f2uiz
 *(.text*)
 .text.MX_ADC1_Init
                0x0000000008000648       0x7c ./Core/Src/adc.o
                0x0000000008000648                MX_ADC1_Init
 .text.MX_ADC2_Init
                0x00000000080006c4       0x7c ./Core/Src/adc.o
                0x00000000080006c4                MX_ADC2_Init
 .text.HAL_ADC_MspInit
                0x0000000008000740       0xcc ./Core/Src/adc.o
                0x0000000008000740                HAL_ADC_MspInit
 .text.voltage_read
                0x000000000800080c       0x74 ./Core/Src/adc.o
                0x000000000800080c                voltage_read
 .text.BKP_read
                0x0000000008000880       0x50 ./Core/Src/bkp_regs.o
                0x0000000008000880                BKP_read
 .text.MX_GPIO_Init
                0x00000000080008d0      0x1b0 ./Core/Src/gpio.o
                0x00000000080008d0                MX_GPIO_Init
 .text.MX_I2C1_Init
                0x0000000008000a80       0x5c ./Core/Src/i2c.o
                0x0000000008000a80                MX_I2C1_Init
 .text.HAL_I2C_MspInit
                0x0000000008000adc       0x7c ./Core/Src/i2c.o
                0x0000000008000adc                HAL_I2C_MspInit
 .text.HAL_GPIO_EXTI_Callback
                0x0000000008000b58       0x48 ./Core/Src/main.o
                0x0000000008000b58                HAL_GPIO_EXTI_Callback
 .text.main     0x0000000008000ba0      0x96c ./Core/Src/main.o
                0x0000000008000ba0                main
 .text.SystemClock_Config
                0x000000000800150c       0xb6 ./Core/Src/main.o
                0x000000000800150c                SystemClock_Config
 .text.get_bat_percentage
                0x00000000080015c2       0x32 ./Core/Src/main.o
                0x00000000080015c2                get_bat_percentage
 .text.handle_rotary_events
                0x00000000080015f4       0xdc ./Core/Src/main.o
                0x00000000080015f4                handle_rotary_events
 .text.handle_menu_changes
                0x00000000080016d0       0xdc ./Core/Src/main.o
                0x00000000080016d0                handle_menu_changes
 .text.HAL_TIM_PeriodElapsedCallback
                0x00000000080017ac       0x74 ./Core/Src/main.o
                0x00000000080017ac                HAL_TIM_PeriodElapsedCallback
 .text.Error_Handler
                0x0000000008001820        0xa ./Core/Src/main.o
                0x0000000008001820                Error_Handler
 .text.stepper_enable
                0x000000000800182a       0x40 ./Core/Src/steppers.o
                0x000000000800182a                stepper_enable
 *fill*         0x000000000800186a        0x2 
 .text.stepper_init
                0x000000000800186c       0x48 ./Core/Src/steppers.o
                0x000000000800186c                stepper_init
 .text.half_step
                0x00000000080018b4       0x84 ./Core/Src/steppers.o
                0x00000000080018b4                half_step
 .text.stepper_set_direction
                0x0000000008001938       0x48 ./Core/Src/steppers.o
                0x0000000008001938                stepper_set_direction
 .text.HAL_MspInit
                0x0000000008001980       0x74 ./Core/Src/stm32f1xx_hal_msp.o
                0x0000000008001980                HAL_MspInit
 .text.HAL_InitTick
                0x00000000080019f4       0xe4 ./Core/Src/stm32f1xx_hal_timebase_tim.o
                0x00000000080019f4                HAL_InitTick
 .text.NMI_Handler
                0x0000000008001ad8        0x6 ./Core/Src/stm32f1xx_it.o
                0x0000000008001ad8                NMI_Handler
 .text.HardFault_Handler
                0x0000000008001ade        0x6 ./Core/Src/stm32f1xx_it.o
                0x0000000008001ade                HardFault_Handler
 .text.MemManage_Handler
                0x0000000008001ae4        0x6 ./Core/Src/stm32f1xx_it.o
                0x0000000008001ae4                MemManage_Handler
 .text.BusFault_Handler
                0x0000000008001aea        0x6 ./Core/Src/stm32f1xx_it.o
                0x0000000008001aea                BusFault_Handler
 .text.UsageFault_Handler
                0x0000000008001af0        0x6 ./Core/Src/stm32f1xx_it.o
                0x0000000008001af0                UsageFault_Handler
 .text.SVC_Handler
                0x0000000008001af6        0xc ./Core/Src/stm32f1xx_it.o
                0x0000000008001af6                SVC_Handler
 .text.DebugMon_Handler
                0x0000000008001b02        0xc ./Core/Src/stm32f1xx_it.o
                0x0000000008001b02                DebugMon_Handler
 .text.PendSV_Handler
                0x0000000008001b0e        0xc ./Core/Src/stm32f1xx_it.o
                0x0000000008001b0e                PendSV_Handler
 .text.SysTick_Handler
                0x0000000008001b1a        0xc ./Core/Src/stm32f1xx_it.o
                0x0000000008001b1a                SysTick_Handler
 .text.RCC_IRQHandler
                0x0000000008001b26        0xc ./Core/Src/stm32f1xx_it.o
                0x0000000008001b26                RCC_IRQHandler
 *fill*         0x0000000008001b32        0x2 
 .text.TIM1_UP_IRQHandler
                0x0000000008001b34       0x14 ./Core/Src/stm32f1xx_it.o
                0x0000000008001b34                TIM1_UP_IRQHandler
 .text.TIM2_IRQHandler
                0x0000000008001b48       0x14 ./Core/Src/stm32f1xx_it.o
                0x0000000008001b48                TIM2_IRQHandler
 .text.EXTI15_10_IRQHandler
                0x0000000008001b5c       0x48 ./Core/Src/stm32f1xx_it.o
                0x0000000008001b5c                EXTI15_10_IRQHandler
 .text.SystemInit
                0x0000000008001ba4        0xc ./Core/Src/system_stm32f1xx.o
                0x0000000008001ba4                SystemInit
 .text.MX_TIM2_Init
                0x0000000008001bb0       0x98 ./Core/Src/tim.o
                0x0000000008001bb0                MX_TIM2_Init
 .text.HAL_TIM_Base_MspInit
                0x0000000008001c48       0x48 ./Core/Src/tim.o
                0x0000000008001c48                HAL_TIM_Base_MspInit
 .text.set_flag
                0x0000000008001c90       0x20 ./Core/Src/variables.o
                0x0000000008001c90                set_flag
 .text.reset_flag
                0x0000000008001cb0       0x20 ./Core/Src/variables.o
                0x0000000008001cb0                reset_flag
 .text.get_flag
                0x0000000008001cd0       0x20 ./Core/Src/variables.o
                0x0000000008001cd0                get_flag
 .text.Reset_Handler
                0x0000000008001cf0       0x48 ./Core/Startup/startup_stm32f103c8tx.o
                0x0000000008001cf0                Reset_Handler
 .text.Default_Handler
                0x0000000008001d38        0x2 ./Core/Startup/startup_stm32f103c8tx.o
                0x0000000008001d38                RTC_Alarm_IRQHandler
                0x0000000008001d38                EXTI2_IRQHandler
                0x0000000008001d38                TIM1_CC_IRQHandler
                0x0000000008001d38                PVD_IRQHandler
                0x0000000008001d38                EXTI3_IRQHandler
                0x0000000008001d38                EXTI0_IRQHandler
                0x0000000008001d38                I2C2_EV_IRQHandler
                0x0000000008001d38                ADC1_2_IRQHandler
                0x0000000008001d38                SPI1_IRQHandler
                0x0000000008001d38                TAMPER_IRQHandler
                0x0000000008001d38                DMA1_Channel4_IRQHandler
                0x0000000008001d38                USART3_IRQHandler
                0x0000000008001d38                RTC_IRQHandler
                0x0000000008001d38                DMA1_Channel7_IRQHandler
                0x0000000008001d38                CAN1_RX1_IRQHandler
                0x0000000008001d38                TIM4_IRQHandler
                0x0000000008001d38                I2C1_EV_IRQHandler
                0x0000000008001d38                DMA1_Channel6_IRQHandler
                0x0000000008001d38                TIM3_IRQHandler
                0x0000000008001d38                TIM1_TRG_COM_IRQHandler
                0x0000000008001d38                DMA1_Channel1_IRQHandler
                0x0000000008001d38                Default_Handler
                0x0000000008001d38                EXTI9_5_IRQHandler
                0x0000000008001d38                SPI2_IRQHandler
                0x0000000008001d38                DMA1_Channel5_IRQHandler
                0x0000000008001d38                EXTI4_IRQHandler
                0x0000000008001d38                USB_LP_CAN1_RX0_IRQHandler
                0x0000000008001d38                USB_HP_CAN1_TX_IRQHandler
                0x0000000008001d38                DMA1_Channel3_IRQHandler
                0x0000000008001d38                WWDG_IRQHandler
                0x0000000008001d38                TIM1_BRK_IRQHandler
                0x0000000008001d38                EXTI1_IRQHandler
                0x0000000008001d38                USART2_IRQHandler
                0x0000000008001d38                I2C2_ER_IRQHandler
                0x0000000008001d38                DMA1_Channel2_IRQHandler
                0x0000000008001d38                CAN1_SCE_IRQHandler
                0x0000000008001d38                FLASH_IRQHandler
                0x0000000008001d38                USART1_IRQHandler
                0x0000000008001d38                I2C1_ER_IRQHandler
                0x0000000008001d38                USBWakeUp_IRQHandler
 *fill*         0x0000000008001d3a        0x2 
 .text.SH1106_cmd
                0x0000000008001d3c       0x30 ./Drivers/Display/Src/sh1106.o
 .text.SH1106_data
                0x0000000008001d6c       0x2c ./Drivers/Display/Src/sh1106.o
 .text.SH1106_Init
                0x0000000008001d98       0xbc ./Drivers/Display/Src/sh1106.o
                0x0000000008001d98                SH1106_Init
 .text.SH1106_setAllPixelsOn
                0x0000000008001e54       0x24 ./Drivers/Display/Src/sh1106.o
                0x0000000008001e54                SH1106_setAllPixelsOn
 .text.SH1106_clear
                0x0000000008001e78       0x44 ./Drivers/Display/Src/sh1106.o
                0x0000000008001e78                SH1106_clear
 .text.SH1106_flush
                0x0000000008001ebc       0x68 ./Drivers/Display/Src/sh1106.o
                0x0000000008001ebc                SH1106_flush
 .text.SH1106_cleanInit
                0x0000000008001f24       0x1a ./Drivers/Display/Src/sh1106.o
                0x0000000008001f24                SH1106_cleanInit
 *fill*         0x0000000008001f3e        0x2 
 .text.SH1106_drawHLineInt
                0x0000000008001f40       0xb0 ./Drivers/Display/Src/sh1106.o
 .text.SH1106_drawVLineInt
                0x0000000008001ff0      0x1a8 ./Drivers/Display/Src/sh1106.o
 .text.SH1106_drawHLine
                0x0000000008002198       0x74 ./Drivers/Display/Src/sh1106.o
                0x0000000008002198                SH1106_drawHLine
 .text.SH1106_drawVLine
                0x000000000800220c       0x74 ./Drivers/Display/Src/sh1106.o
                0x000000000800220c                SH1106_drawVLine
 .text.SH1106_fillRect
                0x0000000008002280       0xd4 ./Drivers/Display/Src/sh1106.o
                0x0000000008002280                SH1106_fillRect
 .text.SH1106_drawRoundRectFill
                0x0000000008002354      0x10c ./Drivers/Display/Src/sh1106.o
                0x0000000008002354                SH1106_drawRoundRectFill
 .text.SH1106_printChar
                0x0000000008002460      0x4d4 ./Drivers/Display/Src/sh1106.o
                0x0000000008002460                SH1106_printChar
 .text.SH1106_printStr
                0x0000000008002934       0x74 ./Drivers/Display/Src/sh1106.o
                0x0000000008002934                SH1106_printStr
 .text.SH1106_printInt
                0x00000000080029a8       0xd4 ./Drivers/Display/Src/sh1106.o
                0x00000000080029a8                SH1106_printInt
 .text.SH1106_drawBitmap
                0x0000000008002a7c      0x160 ./Drivers/Display/Src/sh1106.o
                0x0000000008002a7c                SH1106_drawBitmap
 .text.SH1106_drawBitmapFullscreen
                0x0000000008002bdc       0x28 ./Drivers/Display/Src/sh1106.o
                0x0000000008002bdc                SH1106_drawBitmapFullscreen
 .text.HAL_Init
                0x0000000008002c04       0x2c ./Drivers/STM32F1xx_HAL_Driver/Src/stm32f1xx_hal.o
                0x0000000008002c04                HAL_Init
 .text.HAL_IncTick
                0x0000000008002c30       0x24 ./Drivers/STM32F1xx_HAL_Driver/Src/stm32f1xx_hal.o
                0x0000000008002c30                HAL_IncTick
 .text.HAL_GetTick
                0x0000000008002c54       0x14 ./Drivers/STM32F1xx_HAL_Driver/Src/stm32f1xx_hal.o
                0x0000000008002c54                HAL_GetTick
 .text.HAL_Delay
                0x0000000008002c68       0x48 ./Drivers/STM32F1xx_HAL_Driver/Src/stm32f1xx_hal.o
                0x0000000008002c68                HAL_Delay
 .text.HAL_ADC_Init
                0x0000000008002cb0      0x1b0 ./Drivers/STM32F1xx_HAL_Driver/Src/stm32f1xx_hal_adc.o
                0x0000000008002cb0                HAL_ADC_Init
 .text.HAL_ADC_Start
                0x0000000008002e60      0x15c ./Drivers/STM32F1xx_HAL_Driver/Src/stm32f1xx_hal_adc.o
                0x0000000008002e60                HAL_ADC_Start
 .text.HAL_ADC_Stop
                0x0000000008002fbc       0x58 ./Drivers/STM32F1xx_HAL_Driver/Src/stm32f1xx_hal_adc.o
                0x0000000008002fbc                HAL_ADC_Stop
 .text.HAL_ADC_PollForConversion
                0x0000000008003014      0x20c ./Drivers/STM32F1xx_HAL_Driver/Src/stm32f1xx_hal_adc.o
                0x0000000008003014                HAL_ADC_PollForConversion
 .text.HAL_ADC_GetValue
                0x0000000008003220       0x18 ./Drivers/STM32F1xx_HAL_Driver/Src/stm32f1xx_hal_adc.o
                0x0000000008003220                HAL_ADC_GetValue
 .text.HAL_ADC_ConfigChannel
                0x0000000008003238      0x1f0 ./Drivers/STM32F1xx_HAL_Driver/Src/stm32f1xx_hal_adc.o
                0x0000000008003238                HAL_ADC_ConfigChannel
 .text.ADC_Enable
                0x0000000008003428       0xb4 ./Drivers/STM32F1xx_HAL_Driver/Src/stm32f1xx_hal_adc.o
                0x0000000008003428                ADC_Enable
 .text.ADC_ConversionStop_Disable
                0x00000000080034dc       0x82 ./Drivers/STM32F1xx_HAL_Driver/Src/stm32f1xx_hal_adc.o
                0x00000000080034dc                ADC_ConversionStop_Disable
 *fill*         0x000000000800355e        0x2 
 .text.__NVIC_SetPriorityGrouping
                0x0000000008003560       0x48 ./Drivers/STM32F1xx_HAL_Driver/Src/stm32f1xx_hal_cortex.o
 .text.__NVIC_GetPriorityGrouping
                0x00000000080035a8       0x1c ./Drivers/STM32F1xx_HAL_Driver/Src/stm32f1xx_hal_cortex.o
 .text.__NVIC_EnableIRQ
                0x00000000080035c4       0x38 ./Drivers/STM32F1xx_HAL_Driver/Src/stm32f1xx_hal_cortex.o
 .text.__NVIC_SetPriority
                0x00000000080035fc       0x54 ./Drivers/STM32F1xx_HAL_Driver/Src/stm32f1xx_hal_cortex.o
 .text.NVIC_EncodePriority
                0x0000000008003650       0x64 ./Drivers/STM32F1xx_HAL_Driver/Src/stm32f1xx_hal_cortex.o
 .text.HAL_NVIC_SetPriorityGrouping
                0x00000000080036b4       0x16 ./Drivers/STM32F1xx_HAL_Driver/Src/stm32f1xx_hal_cortex.o
                0x00000000080036b4                HAL_NVIC_SetPriorityGrouping
 .text.HAL_NVIC_SetPriority
                0x00000000080036ca       0x38 ./Drivers/STM32F1xx_HAL_Driver/Src/stm32f1xx_hal_cortex.o
                0x00000000080036ca                HAL_NVIC_SetPriority
 .text.HAL_NVIC_EnableIRQ
                0x0000000008003702       0x1c ./Drivers/STM32F1xx_HAL_Driver/Src/stm32f1xx_hal_cortex.o
                0x0000000008003702                HAL_NVIC_EnableIRQ
 *fill*         0x000000000800371e        0x2 
 .text.HAL_GPIO_Init
                0x0000000008003720      0x308 ./Drivers/STM32F1xx_HAL_Driver/Src/stm32f1xx_hal_gpio.o
                0x0000000008003720                HAL_GPIO_Init
 .text.HAL_GPIO_WritePin
                0x0000000008003a28       0x30 ./Drivers/STM32F1xx_HAL_Driver/Src/stm32f1xx_hal_gpio.o
                0x0000000008003a28                HAL_GPIO_WritePin
 .text.HAL_GPIO_EXTI_IRQHandler
                0x0000000008003a58       0x1a ./Drivers/STM32F1xx_HAL_Driver/Src/stm32f1xx_hal_gpio.o
                0x0000000008003a58                HAL_GPIO_EXTI_IRQHandler
 *fill*         0x0000000008003a72        0x2 
 .text.HAL_I2C_Init
                0x0000000008003a74      0x288 ./Drivers/STM32F1xx_HAL_Driver/Src/stm32f1xx_hal_i2c.o
                0x0000000008003a74                HAL_I2C_Init
 .text.HAL_I2C_Master_Transmit
                0x0000000008003cfc      0x1fc ./Drivers/STM32F1xx_HAL_Driver/Src/stm32f1xx_hal_i2c.o
                0x0000000008003cfc                HAL_I2C_Master_Transmit
 .text.I2C_MasterRequestWrite
                0x0000000008003ef8      0x104 ./Drivers/STM32F1xx_HAL_Driver/Src/stm32f1xx_hal_i2c.o
 .text.I2C_WaitOnFlagUntilTimeout
                0x0000000008003ffc       0xae ./Drivers/STM32F1xx_HAL_Driver/Src/stm32f1xx_hal_i2c.o
 .text.I2C_WaitOnMasterAddressFlagUntilTimeout
                0x00000000080040aa       0xfe ./Drivers/STM32F1xx_HAL_Driver/Src/stm32f1xx_hal_i2c.o
 .text.I2C_WaitOnTXEFlagUntilTimeout
                0x00000000080041a8       0x82 ./Drivers/STM32F1xx_HAL_Driver/Src/stm32f1xx_hal_i2c.o
 .text.I2C_WaitOnBTFFlagUntilTimeout
                0x000000000800422a       0x82 ./Drivers/STM32F1xx_HAL_Driver/Src/stm32f1xx_hal_i2c.o
 .text.I2C_IsAcknowledgeFailed
                0x00000000080042ac       0x5c ./Drivers/STM32F1xx_HAL_Driver/Src/stm32f1xx_hal_i2c.o
 .text.HAL_RCC_OscConfig
                0x0000000008004308      0x504 ./Drivers/STM32F1xx_HAL_Driver/Src/stm32f1xx_hal_rcc.o
                0x0000000008004308                HAL_RCC_OscConfig
 .text.HAL_RCC_ClockConfig
                0x000000000800480c      0x1d4 ./Drivers/STM32F1xx_HAL_Driver/Src/stm32f1xx_hal_rcc.o
                0x000000000800480c                HAL_RCC_ClockConfig
 .text.HAL_RCC_GetSysClockFreq
                0x00000000080049e0       0xbc ./Drivers/STM32F1xx_HAL_Driver/Src/stm32f1xx_hal_rcc.o
                0x00000000080049e0                HAL_RCC_GetSysClockFreq
 .text.HAL_RCC_GetHCLKFreq
                0x0000000008004a9c       0x14 ./Drivers/STM32F1xx_HAL_Driver/Src/stm32f1xx_hal_rcc.o
                0x0000000008004a9c                HAL_RCC_GetHCLKFreq
 .text.HAL_RCC_GetPCLK1Freq
                0x0000000008004ab0       0x28 ./Drivers/STM32F1xx_HAL_Driver/Src/stm32f1xx_hal_rcc.o
                0x0000000008004ab0                HAL_RCC_GetPCLK1Freq
 .text.HAL_RCC_GetPCLK2Freq
                0x0000000008004ad8       0x28 ./Drivers/STM32F1xx_HAL_Driver/Src/stm32f1xx_hal_rcc.o
                0x0000000008004ad8                HAL_RCC_GetPCLK2Freq
 .text.HAL_RCC_GetClockConfig
                0x0000000008004b00       0x60 ./Drivers/STM32F1xx_HAL_Driver/Src/stm32f1xx_hal_rcc.o
                0x0000000008004b00                HAL_RCC_GetClockConfig
 .text.RCC_Delay
                0x0000000008004b60       0x3c ./Drivers/STM32F1xx_HAL_Driver/Src/stm32f1xx_hal_rcc.o
 .text.HAL_RCCEx_PeriphCLKConfig
                0x0000000008004b9c      0x16c ./Drivers/STM32F1xx_HAL_Driver/Src/stm32f1xx_hal_rcc_ex.o
                0x0000000008004b9c                HAL_RCCEx_PeriphCLKConfig
 .text.HAL_RCCEx_GetPeriphCLKFreq
                0x0000000008004d08      0x180 ./Drivers/STM32F1xx_HAL_Driver/Src/stm32f1xx_hal_rcc_ex.o
                0x0000000008004d08                HAL_RCCEx_GetPeriphCLKFreq
 .text.HAL_TIM_Base_Init
                0x0000000008004e88       0x9e ./Drivers/STM32F1xx_HAL_Driver/Src/stm32f1xx_hal_tim.o
                0x0000000008004e88                HAL_TIM_Base_Init
 *fill*         0x0000000008004f26        0x2 
 .text.HAL_TIM_Base_Start_IT
                0x0000000008004f28       0xa4 ./Drivers/STM32F1xx_HAL_Driver/Src/stm32f1xx_hal_tim.o
                0x0000000008004f28                HAL_TIM_Base_Start_IT
 .text.HAL_TIM_IRQHandler
                0x0000000008004fcc      0x210 ./Drivers/STM32F1xx_HAL_Driver/Src/stm32f1xx_hal_tim.o
                0x0000000008004fcc                HAL_TIM_IRQHandler
 .text.HAL_TIM_ConfigClockSource
                0x00000000080051dc      0x188 ./Drivers/STM32F1xx_HAL_Driver/Src/stm32f1xx_hal_tim.o
                0x00000000080051dc                HAL_TIM_ConfigClockSource
 .text.HAL_TIM_OC_DelayElapsedCallback
                0x0000000008005364       0x12 ./Drivers/STM32F1xx_HAL_Driver/Src/stm32f1xx_hal_tim.o
                0x0000000008005364                HAL_TIM_OC_DelayElapsedCallback
 .text.HAL_TIM_IC_CaptureCallback
                0x0000000008005376       0x12 ./Drivers/STM32F1xx_HAL_Driver/Src/stm32f1xx_hal_tim.o
                0x0000000008005376                HAL_TIM_IC_CaptureCallback
 .text.HAL_TIM_PWM_PulseFinishedCallback
                0x0000000008005388       0x12 ./Drivers/STM32F1xx_HAL_Driver/Src/stm32f1xx_hal_tim.o
                0x0000000008005388                HAL_TIM_PWM_PulseFinishedCallback
 .text.HAL_TIM_TriggerCallback
                0x000000000800539a       0x12 ./Drivers/STM32F1xx_HAL_Driver/Src/stm32f1xx_hal_tim.o
                0x000000000800539a                HAL_TIM_TriggerCallback
 .text.TIM_Base_SetConfig
                0x00000000080053ac       0xc4 ./Drivers/STM32F1xx_HAL_Driver/Src/stm32f1xx_hal_tim.o
                0x00000000080053ac                TIM_Base_SetConfig
 .text.TIM_TI1_ConfigInputStage
                0x0000000008005470       0x5c ./Drivers/STM32F1xx_HAL_Driver/Src/stm32f1xx_hal_tim.o
 .text.TIM_TI2_ConfigInputStage
                0x00000000080054cc       0x5e ./Drivers/STM32F1xx_HAL_Driver/Src/stm32f1xx_hal_tim.o
 .text.TIM_ITRx_SetConfig
                0x000000000800552a       0x34 ./Drivers/STM32F1xx_HAL_Driver/Src/stm32f1xx_hal_tim.o
 .text.TIM_ETR_SetConfig
                0x000000000800555e       0x3e ./Drivers/STM32F1xx_HAL_Driver/Src/stm32f1xx_hal_tim.o
                0x000000000800555e                TIM_ETR_SetConfig
 .text.HAL_TIMEx_MasterConfigSynchronization
                0x000000000800559c       0xbc ./Drivers/STM32F1xx_HAL_Driver/Src/stm32f1xx_hal_tim_ex.o
                0x000000000800559c                HAL_TIMEx_MasterConfigSynchronization
 .text.HAL_TIMEx_CommutCallback
                0x0000000008005658       0x12 ./Drivers/STM32F1xx_HAL_Driver/Src/stm32f1xx_hal_tim_ex.o
                0x0000000008005658                HAL_TIMEx_CommutCallback
 .text.HAL_TIMEx_BreakCallback
                0x000000000800566a       0x12 ./Drivers/STM32F1xx_HAL_Driver/Src/stm32f1xx_hal_tim_ex.o
                0x000000000800566a                HAL_TIMEx_BreakCallback
 .text.__libc_init_array
                0x000000000800567c       0x48 c:/st/stm32cubeide_1.10.1/stm32cubeide/plugins/com.st.stm32cube.ide.mcu.externaltools.gnu-tools-for-stm32.10.3-2021.10.win32_1.0.0.202111181127/tools/bin/../lib/gcc/arm-none-eabi/10.3.1/../../../../arm-none-eabi/lib/thumb/v7-m/nofp\libc_nano.a(lib_a-init.o)
                0x000000000800567c                __libc_init_array
 .text.memcpy   0x00000000080056c4       0x1c c:/st/stm32cubeide_1.10.1/stm32cubeide/plugins/com.st.stm32cube.ide.mcu.externaltools.gnu-tools-for-stm32.10.3-2021.10.win32_1.0.0.202111181127/tools/bin/../lib/gcc/arm-none-eabi/10.3.1/../../../../arm-none-eabi/lib/thumb/v7-m/nofp\libc_nano.a(lib_a-memcpy-stub.o)
                0x00000000080056c4                memcpy
 .text.memset   0x00000000080056e0       0x10 c:/st/stm32cubeide_1.10.1/stm32cubeide/plugins/com.st.stm32cube.ide.mcu.externaltools.gnu-tools-for-stm32.10.3-2021.10.win32_1.0.0.202111181127/tools/bin/../lib/gcc/arm-none-eabi/10.3.1/../../../../arm-none-eabi/lib/thumb/v7-m/nofp\libc_nano.a(lib_a-memset.o)
                0x00000000080056e0                memset
 *(.glue_7)
 .glue_7        0x00000000080056f0        0x0 linker stubs
 *(.glue_7t)
 .glue_7t       0x00000000080056f0        0x0 linker stubs
 *(.eh_frame)
 .eh_frame      0x00000000080056f0        0x0 c:/st/stm32cubeide_1.10.1/stm32cubeide/plugins/com.st.stm32cube.ide.mcu.externaltools.gnu-tools-for-stm32.10.3-2021.10.win32_1.0.0.202111181127/tools/bin/../lib/gcc/arm-none-eabi/10.3.1/thumb/v7-m/nofp/crtbegin.o
 *(.init)
 .init          0x00000000080056f0        0x4 c:/st/stm32cubeide_1.10.1/stm32cubeide/plugins/com.st.stm32cube.ide.mcu.externaltools.gnu-tools-for-stm32.10.3-2021.10.win32_1.0.0.202111181127/tools/bin/../lib/gcc/arm-none-eabi/10.3.1/thumb/v7-m/nofp/crti.o
                0x00000000080056f0                _init
 .init          0x00000000080056f4        0x8 c:/st/stm32cubeide_1.10.1/stm32cubeide/plugins/com.st.stm32cube.ide.mcu.externaltools.gnu-tools-for-stm32.10.3-2021.10.win32_1.0.0.202111181127/tools/bin/../lib/gcc/arm-none-eabi/10.3.1/thumb/v7-m/nofp/crtn.o
 *(.fini)
 .fini          0x00000000080056fc        0x4 c:/st/stm32cubeide_1.10.1/stm32cubeide/plugins/com.st.stm32cube.ide.mcu.externaltools.gnu-tools-for-stm32.10.3-2021.10.win32_1.0.0.202111181127/tools/bin/../lib/gcc/arm-none-eabi/10.3.1/thumb/v7-m/nofp/crti.o
                0x00000000080056fc                _fini
 .fini          0x0000000008005700        0x8 c:/st/stm32cubeide_1.10.1/stm32cubeide/plugins/com.st.stm32cube.ide.mcu.externaltools.gnu-tools-for-stm32.10.3-2021.10.win32_1.0.0.202111181127/tools/bin/../lib/gcc/arm-none-eabi/10.3.1/thumb/v7-m/nofp/crtn.o
                0x0000000008005708                . = ALIGN (0x4)
                0x0000000008005708                _etext = .

.vfp11_veneer   0x0000000008005708        0x0
 .vfp11_veneer  0x0000000008005708        0x0 linker stubs

.v4_bx          0x0000000008005708        0x0
 .v4_bx         0x0000000008005708        0x0 linker stubs

.iplt           0x0000000008005708        0x0
 .iplt          0x0000000008005708        0x0 c:/st/stm32cubeide_1.10.1/stm32cubeide/plugins/com.st.stm32cube.ide.mcu.externaltools.gnu-tools-for-stm32.10.3-2021.10.win32_1.0.0.202111181127/tools/bin/../lib/gcc/arm-none-eabi/10.3.1/thumb/v7-m/nofp/crtbegin.o

.rodata         0x0000000008005708     0x4688
                0x0000000008005708                . = ALIGN (0x4)
 *(.rodata)
 .rodata        0x0000000008005708       0x8a ./Core/Src/main.o
 *fill*         0x0000000008005792        0x2 
 .rodata        0x0000000008005794       0x10 ./Drivers/STM32F1xx_HAL_Driver/Src/stm32f1xx_hal_rcc.o
 .rodata        0x00000000080057a4       0x10 ./Drivers/STM32F1xx_HAL_Driver/Src/stm32f1xx_hal_rcc_ex.o
 *(.rodata*)
 .rodata.frame_00
                0x00000000080057b4      0x400 ./Core/Src/main.o
                0x00000000080057b4                frame_00
 .rodata.frame_01
                0x0000000008005bb4      0x400 ./Core/Src/main.o
                0x0000000008005bb4                frame_01
 .rodata.frame_02
                0x0000000008005fb4      0x400 ./Core/Src/main.o
                0x0000000008005fb4                frame_02
 .rodata.frame_03
                0x00000000080063b4      0x400 ./Core/Src/main.o
                0x00000000080063b4                frame_03
 .rodata.frame_04
                0x00000000080067b4      0x400 ./Core/Src/main.o
                0x00000000080067b4                frame_04
 .rodata.frame_05
                0x0000000008006bb4      0x400 ./Core/Src/main.o
                0x0000000008006bb4                frame_05
 .rodata.frame_06
                0x0000000008006fb4      0x400 ./Core/Src/main.o
                0x0000000008006fb4                frame_06
 .rodata.frame_07
                0x00000000080073b4      0x400 ./Core/Src/main.o
                0x00000000080073b4                frame_07
 .rodata.frame_08
                0x00000000080077b4      0x400 ./Core/Src/main.o
                0x00000000080077b4                frame_08
 .rodata.frame_09
                0x0000000008007bb4      0x400 ./Core/Src/main.o
                0x0000000008007bb4                frame_09
 .rodata.frame_10
                0x0000000008007fb4      0x400 ./Core/Src/main.o
                0x0000000008007fb4                frame_10
 .rodata.frame_11
                0x00000000080083b4      0x400 ./Core/Src/main.o
                0x00000000080083b4                frame_11
 .rodata.frame_12
                0x00000000080087b4      0x400 ./Core/Src/main.o
                0x00000000080087b4                frame_12
 .rodata.frame_13
                0x0000000008008bb4      0x400 ./Core/Src/main.o
                0x0000000008008bb4                frame_13
 .rodata.frame_14
                0x0000000008008fb4      0x400 ./Core/Src/main.o
                0x0000000008008fb4                frame_14
 .rodata.eqmount_logo
                0x00000000080093b4      0x400 ./Core/Src/main.o
                0x00000000080093b4                eqmount_logo
 .rodata.arrow  0x00000000080097b4        0x5 ./Core/Src/main.o
                0x00000000080097b4                arrow
 *fill*         0x00000000080097b9        0x3 
 .rodata.alert  0x00000000080097bc        0x5 ./Core/Src/main.o
                0x00000000080097bc                alert
 *fill*         0x00000000080097c1        0x3 
 .rodata.Font7x10
                0x00000000080097c4      0x3bd ./Core/Src/main.o
 *fill*         0x0000000008009b81        0x3 
 .rodata.Font5x7
                0x0000000008009b84      0x1e2 ./Core/Src/main.o
 *fill*         0x0000000008009d66        0x2 
 .rodata.AHBPrescTable
                0x0000000008009d68       0x10 ./Core/Src/system_stm32f1xx.o
                0x0000000008009d68                AHBPrescTable
 .rodata.APBPrescTable
                0x0000000008009d78        0x8 ./Core/Src/system_stm32f1xx.o
                0x0000000008009d78                APBPrescTable
 .rodata.LUT_FB
                0x0000000008009d80        0x8 ./Drivers/Display/Src/sh1106.o
 .rodata.LUT_LB
                0x0000000008009d88        0x8 ./Drivers/Display/Src/sh1106.o
                0x0000000008009d90                . = ALIGN (0x4)

.rel.dyn        0x0000000008009d90        0x0
 .rel.iplt      0x0000000008009d90        0x0 c:/st/stm32cubeide_1.10.1/stm32cubeide/plugins/com.st.stm32cube.ide.mcu.externaltools.gnu-tools-for-stm32.10.3-2021.10.win32_1.0.0.202111181127/tools/bin/../lib/gcc/arm-none-eabi/10.3.1/thumb/v7-m/nofp/crtbegin.o

.ARM.extab      0x0000000008009d90        0x0
                0x0000000008009d90                . = ALIGN (0x4)
 *(.ARM.extab* .gnu.linkonce.armextab.*)
                0x0000000008009d90                . = ALIGN (0x4)

.ARM            0x0000000008009d90        0x0
                0x0000000008009d90                . = ALIGN (0x4)
                0x0000000008009d90                __exidx_start = .
 *(.ARM.exidx*)
                0x0000000008009d90                __exidx_end = .
                0x0000000008009d90                . = ALIGN (0x4)

.preinit_array  0x0000000008009d90        0x0
                0x0000000008009d90                . = ALIGN (0x4)
                0x0000000008009d90                PROVIDE (__preinit_array_start = .)
 *(.preinit_array*)
                0x0000000008009d90                PROVIDE (__preinit_array_end = .)
                0x0000000008009d90                . = ALIGN (0x4)

.init_array     0x0000000008009d90        0x4
                0x0000000008009d90                . = ALIGN (0x4)
                0x0000000008009d90                PROVIDE (__init_array_start = .)
 *(SORT_BY_NAME(.init_array.*))
 *(.init_array*)
 .init_array    0x0000000008009d90        0x4 c:/st/stm32cubeide_1.10.1/stm32cubeide/plugins/com.st.stm32cube.ide.mcu.externaltools.gnu-tools-for-stm32.10.3-2021.10.win32_1.0.0.202111181127/tools/bin/../lib/gcc/arm-none-eabi/10.3.1/thumb/v7-m/nofp/crtbegin.o
                0x0000000008009d94                PROVIDE (__init_array_end = .)
                0x0000000008009d94                . = ALIGN (0x4)

.fini_array     0x0000000008009d94        0x4
                0x0000000008009d94                . = ALIGN (0x4)
                [!provide]                        PROVIDE (__fini_array_start = .)
 *(SORT_BY_NAME(.fini_array.*))
 *(.fini_array*)
 .fini_array    0x0000000008009d94        0x4 c:/st/stm32cubeide_1.10.1/stm32cubeide/plugins/com.st.stm32cube.ide.mcu.externaltools.gnu-tools-for-stm32.10.3-2021.10.win32_1.0.0.202111181127/tools/bin/../lib/gcc/arm-none-eabi/10.3.1/thumb/v7-m/nofp/crtbegin.o
                [!provide]                        PROVIDE (__fini_array_end = .)
                0x0000000008009d98                . = ALIGN (0x4)
                0x0000000008009d98                _sidata = LOADADDR (.data)

.data           0x0000000020000000      0x13c load address 0x0000000008009d98
                0x0000000020000000                . = ALIGN (0x4)
                0x0000000020000000                _sdata = .
 *(.data)
 *(.data*)
 .data.horse_running
                0x0000000020000000       0x3c ./Core/Src/main.o
                0x0000000020000000                horse_running
 .data.RA_STEPPER
                0x000000002000003c       0x24 ./Core/Src/main.o
 .data.DEC_STEPPER
                0x0000000020000060       0x24 ./Core/Src/main.o
 .data.menu_str
                0x0000000020000084       0x20 ./Core/Src/main.o
                0x0000000020000084                menu_str
 .data.timer_pre_scaler
                0x00000000200000a4        0x1 ./Core/Src/main.o
                0x00000000200000a4                timer_pre_scaler
 *fill*         0x00000000200000a5        0x3 
 .data.SystemCoreClock
                0x00000000200000a8        0x4 ./Core/Src/system_stm32f1xx.o
                0x00000000200000a8                SystemCoreClock
 .data.scr_width
                0x00000000200000ac        0x2 ./Drivers/Display/Src/sh1106.o
                0x00000000200000ac                scr_width
 *fill*         0x00000000200000ae        0x2 
 .data.screen_buffer.1
                0x00000000200000b0       0x81 ./Drivers/Display/Src/sh1106.o
 *fill*         0x0000000020000131        0x3 
 .data.uwTickPrio
                0x0000000020000134        0x4 ./Drivers/STM32F1xx_HAL_Driver/Src/stm32f1xx_hal.o
                0x0000000020000134                uwTickPrio
 .data.uwTickFreq
                0x0000000020000138        0x1 ./Drivers/STM32F1xx_HAL_Driver/Src/stm32f1xx_hal.o
                0x0000000020000138                uwTickFreq
 *(.RamFunc)
 *(.RamFunc*)
                0x000000002000013c                . = ALIGN (0x4)
 *fill*         0x0000000020000139        0x3 
                0x000000002000013c                _edata = .

.igot.plt       0x000000002000013c        0x0 load address 0x0000000008009ed4
 .igot.plt      0x000000002000013c        0x0 c:/st/stm32cubeide_1.10.1/stm32cubeide/plugins/com.st.stm32cube.ide.mcu.externaltools.gnu-tools-for-stm32.10.3-2021.10.win32_1.0.0.202111181127/tools/bin/../lib/gcc/arm-none-eabi/10.3.1/thumb/v7-m/nofp/crtbegin.o
                0x000000002000013c                . = ALIGN (0x4)

.bss            0x000000002000013c      0x618 load address 0x0000000008009ed4
                0x000000002000013c                _sbss = .
                0x000000002000013c                __bss_start__ = _sbss
 *(.bss)
 .bss           0x000000002000013c       0x1c c:/st/stm32cubeide_1.10.1/stm32cubeide/plugins/com.st.stm32cube.ide.mcu.externaltools.gnu-tools-for-stm32.10.3-2021.10.win32_1.0.0.202111181127/tools/bin/../lib/gcc/arm-none-eabi/10.3.1/thumb/v7-m/nofp/crtbegin.o
 *(.bss*)
 .bss.hadc1     0x0000000020000158       0x30 ./Core/Src/adc.o
                0x0000000020000158                hadc1
 .bss.hadc2     0x0000000020000188       0x30 ./Core/Src/adc.o
                0x0000000020000188                hadc2
 .bss.hi2c1     0x00000000200001b8       0x54 ./Core/Src/i2c.o
                0x00000000200001b8                hi2c1
 .bss.menu_op_value
                0x000000002000020c       0x10 ./Core/Src/main.o
                0x000000002000020c                menu_op_value
 .bss.last_move_ticks
                0x000000002000021c        0x4 ./Core/Src/main.o
                0x000000002000021c                last_move_ticks
 .bss.bat_ticks_update
                0x0000000020000220        0x4 ./Core/Src/main.o
                0x0000000020000220                bat_ticks_update
 .bss.menu_head
                0x0000000020000224        0x1 ./Core/Src/main.o
                0x0000000020000224                menu_head
 .bss.menu_selection
                0x0000000020000225        0x1 ./Core/Src/main.o
                0x0000000020000225                menu_selection
 .bss.battery_charge
                0x0000000020000226        0x1 ./Core/Src/main.o
                0x0000000020000226                battery_charge
 .bss.frame     0x0000000020000227        0x1 ./Core/Src/main.o
                0x0000000020000227                frame
 .bss.signed_value_preview
                0x0000000020000228        0x2 ./Core/Src/main.o
                0x0000000020000228                signed_value_preview
 .bss.value_preview
                0x000000002000022a        0x2 ./Core/Src/main.o
                0x000000002000022a                value_preview
 .bss.lock_value
                0x000000002000022c        0x2 ./Core/Src/main.o
                0x000000002000022c                lock_value
 .bss.pool_delay.1
                0x000000002000022e        0x1 ./Core/Src/main.o
 .bss.scaler_counter.0
                0x000000002000022f        0x1 ./Core/Src/main.o
 .bss.rise.0    0x0000000020000230        0x1 ./Core/Src/steppers.o
 *fill*         0x0000000020000231        0x3 
 .bss.htim1     0x0000000020000234       0x48 ./Core/Src/stm32f1xx_hal_timebase_tim.o
                0x0000000020000234                htim1
 .bss.htim2     0x000000002000027c       0x48 ./Core/Src/tim.o
                0x000000002000027c                htim2
 .bss.boolVariables
                0x00000000200002c4        0x9 ./Core/Src/variables.o
 .bss.SH1106_PixelMode
                0x00000000200002cd        0x1 ./Drivers/Display/Src/sh1106.o
                0x00000000200002cd                SH1106_PixelMode
 .bss.scr_orientation
                0x00000000200002ce        0x1 ./Drivers/Display/Src/sh1106.o
 *fill*         0x00000000200002cf        0x1 
 .bss.vRAM      0x00000000200002d0      0x400 ./Drivers/Display/Src/sh1106.o
 .bss.null_buff.2
                0x00000000200006d0       0x80 ./Drivers/Display/Src/sh1106.o
 .bss.uwTick    0x0000000020000750        0x4 ./Drivers/STM32F1xx_HAL_Driver/Src/stm32f1xx_hal.o
                0x0000000020000750                uwTick
 *(COMMON)
                0x0000000020000754                . = ALIGN (0x4)
                0x0000000020000754                _ebss = .
                0x0000000020000754                __bss_end__ = _ebss

._user_heap_stack
                0x0000000020000754      0x604 load address 0x0000000008009ed4
                0x0000000020000758                . = ALIGN (0x8)
 *fill*         0x0000000020000754        0x4 
                [!provide]                        PROVIDE (end = .)
                0x0000000020000758                PROVIDE (_end = .)
                0x0000000020000958                . = (. + _Min_Heap_Size)
 *fill*         0x0000000020000758      0x200 
                0x0000000020000d58                . = (. + _Min_Stack_Size)
 *fill*         0x0000000020000958      0x400 
                0x0000000020000d58                . = ALIGN (0x8)

/DISCARD/
 libc.a(*)
 libm.a(*)
 libgcc.a(*)

.ARM.attributes
                0x0000000000000000       0x29
 *(.ARM.attributes)
 .ARM.attributes
                0x0000000000000000       0x1d c:/st/stm32cubeide_1.10.1/stm32cubeide/plugins/com.st.stm32cube.ide.mcu.externaltools.gnu-tools-for-stm32.10.3-2021.10.win32_1.0.0.202111181127/tools/bin/../lib/gcc/arm-none-eabi/10.3.1/thumb/v7-m/nofp/crti.o
 .ARM.attributes
                0x000000000000001d       0x2d c:/st/stm32cubeide_1.10.1/stm32cubeide/plugins/com.st.stm32cube.ide.mcu.externaltools.gnu-tools-for-stm32.10.3-2021.10.win32_1.0.0.202111181127/tools/bin/../lib/gcc/arm-none-eabi/10.3.1/thumb/v7-m/nofp/crtbegin.o
 .ARM.attributes
                0x000000000000004a       0x2d ./Core/Src/adc.o
 .ARM.attributes
                0x0000000000000077       0x2d ./Core/Src/bkp_regs.o
 .ARM.attributes
                0x00000000000000a4       0x2d ./Core/Src/gpio.o
 .ARM.attributes
                0x00000000000000d1       0x2d ./Core/Src/i2c.o
 .ARM.attributes
                0x00000000000000fe       0x2d ./Core/Src/main.o
 .ARM.attributes
                0x000000000000012b       0x2d ./Core/Src/steppers.o
 .ARM.attributes
                0x0000000000000158       0x2d ./Core/Src/stm32f1xx_hal_msp.o
 .ARM.attributes
                0x0000000000000185       0x2d ./Core/Src/stm32f1xx_hal_timebase_tim.o
 .ARM.attributes
                0x00000000000001b2       0x2d ./Core/Src/stm32f1xx_it.o
 .ARM.attributes
                0x00000000000001df       0x2d ./Core/Src/system_stm32f1xx.o
 .ARM.attributes
                0x000000000000020c       0x2d ./Core/Src/tim.o
 .ARM.attributes
                0x0000000000000239       0x2d ./Core/Src/variables.o
 .ARM.attributes
                0x0000000000000266       0x21 ./Core/Startup/startup_stm32f103c8tx.o
 .ARM.attributes
                0x0000000000000287       0x2d ./Drivers/Display/Src/sh1106.o
 .ARM.attributes
                0x00000000000002b4       0x2d ./Drivers/STM32F1xx_HAL_Driver/Src/stm32f1xx_hal.o
 .ARM.attributes
                0x00000000000002e1       0x2d ./Drivers/STM32F1xx_HAL_Driver/Src/stm32f1xx_hal_adc.o
 .ARM.attributes
                0x000000000000030e       0x2d ./Drivers/STM32F1xx_HAL_Driver/Src/stm32f1xx_hal_cortex.o
 .ARM.attributes
                0x000000000000033b       0x2d ./Drivers/STM32F1xx_HAL_Driver/Src/stm32f1xx_hal_gpio.o
 .ARM.attributes
                0x0000000000000368       0x2d ./Drivers/STM32F1xx_HAL_Driver/Src/stm32f1xx_hal_i2c.o
 .ARM.attributes
                0x0000000000000395       0x2d ./Drivers/STM32F1xx_HAL_Driver/Src/stm32f1xx_hal_rcc.o
 .ARM.attributes
                0x00000000000003c2       0x2d ./Drivers/STM32F1xx_HAL_Driver/Src/stm32f1xx_hal_rcc_ex.o
 .ARM.attributes
                0x00000000000003ef       0x2d ./Drivers/STM32F1xx_HAL_Driver/Src/stm32f1xx_hal_tim.o
 .ARM.attributes
                0x000000000000041c       0x2d ./Drivers/STM32F1xx_HAL_Driver/Src/stm32f1xx_hal_tim_ex.o
 .ARM.attributes
                0x0000000000000449       0x2d c:/st/stm32cubeide_1.10.1/stm32cubeide/plugins/com.st.stm32cube.ide.mcu.externaltools.gnu-tools-for-stm32.10.3-2021.10.win32_1.0.0.202111181127/tools/bin/../lib/gcc/arm-none-eabi/10.3.1/../../../../arm-none-eabi/lib/thumb/v7-m/nofp\libc_nano.a(lib_a-init.o)
 .ARM.attributes
                0x0000000000000476       0x2d c:/st/stm32cubeide_1.10.1/stm32cubeide/plugins/com.st.stm32cube.ide.mcu.externaltools.gnu-tools-for-stm32.10.3-2021.10.win32_1.0.0.202111181127/tools/bin/../lib/gcc/arm-none-eabi/10.3.1/../../../../arm-none-eabi/lib/thumb/v7-m/nofp\libc_nano.a(lib_a-memcpy-stub.o)
 .ARM.attributes
                0x00000000000004a3       0x2d c:/st/stm32cubeide_1.10.1/stm32cubeide/plugins/com.st.stm32cube.ide.mcu.externaltools.gnu-tools-for-stm32.10.3-2021.10.win32_1.0.0.202111181127/tools/bin/../lib/gcc/arm-none-eabi/10.3.1/../../../../arm-none-eabi/lib/thumb/v7-m/nofp\libc_nano.a(lib_a-memset.o)
 .ARM.attributes
                0x00000000000004d0       0x1d c:/st/stm32cubeide_1.10.1/stm32cubeide/plugins/com.st.stm32cube.ide.mcu.externaltools.gnu-tools-for-stm32.10.3-2021.10.win32_1.0.0.202111181127/tools/bin/../lib/gcc/arm-none-eabi/10.3.1/thumb/v7-m/nofp\libgcc.a(_arm_addsubsf3.o)
 .ARM.attributes
                0x00000000000004ed       0x1d c:/st/stm32cubeide_1.10.1/stm32cubeide/plugins/com.st.stm32cube.ide.mcu.externaltools.gnu-tools-for-stm32.10.3-2021.10.win32_1.0.0.202111181127/tools/bin/../lib/gcc/arm-none-eabi/10.3.1/thumb/v7-m/nofp\libgcc.a(_arm_muldivsf3.o)
 .ARM.attributes
                0x000000000000050a       0x1d c:/st/stm32cubeide_1.10.1/stm32cubeide/plugins/com.st.stm32cube.ide.mcu.externaltools.gnu-tools-for-stm32.10.3-2021.10.win32_1.0.0.202111181127/tools/bin/../lib/gcc/arm-none-eabi/10.3.1/thumb/v7-m/nofp\libgcc.a(_arm_fixunssfsi.o)
 .ARM.attributes
                0x0000000000000527       0x1d c:/st/stm32cubeide_1.10.1/stm32cubeide/plugins/com.st.stm32cube.ide.mcu.externaltools.gnu-tools-for-stm32.10.3-2021.10.win32_1.0.0.202111181127/tools/bin/../lib/gcc/arm-none-eabi/10.3.1/thumb/v7-m/nofp/crtn.o
OUTPUT(EQ DRIVER.elf elf32-littlearm)
LOAD linker stubs
LOAD c:/st/stm32cubeide_1.10.1/stm32cubeide/plugins/com.st.stm32cube.ide.mcu.externaltools.gnu-tools-for-stm32.10.3-2021.10.win32_1.0.0.202111181127/tools/bin/../lib/gcc/arm-none-eabi/10.3.1/../../../../arm-none-eabi/lib/thumb/v7-m/nofp\libc.a
LOAD c:/st/stm32cubeide_1.10.1/stm32cubeide/plugins/com.st.stm32cube.ide.mcu.externaltools.gnu-tools-for-stm32.10.3-2021.10.win32_1.0.0.202111181127/tools/bin/../lib/gcc/arm-none-eabi/10.3.1/../../../../arm-none-eabi/lib/thumb/v7-m/nofp\libm.a
LOAD c:/st/stm32cubeide_1.10.1/stm32cubeide/plugins/com.st.stm32cube.ide.mcu.externaltools.gnu-tools-for-stm32.10.3-2021.10.win32_1.0.0.202111181127/tools/bin/../lib/gcc/arm-none-eabi/10.3.1/thumb/v7-m/nofp\libgcc.a

.debug_info     0x0000000000000000    0x10cfb
 .debug_info    0x0000000000000000      0x9bb ./Core/Src/adc.o
 .debug_info    0x00000000000009bb      0x351 ./Core/Src/bkp_regs.o
 .debug_info    0x0000000000000d0c      0x68b ./Core/Src/gpio.o
 .debug_info    0x0000000000001397      0x85b ./Core/Src/i2c.o
 .debug_info    0x0000000000001bf2     0x143d ./Core/Src/main.o
 .debug_info    0x000000000000302f      0x423 ./Core/Src/steppers.o
 .debug_info    0x0000000000003452      0x393 ./Core/Src/stm32f1xx_hal_msp.o
 .debug_info    0x00000000000037e5      0x9e9 ./Core/Src/stm32f1xx_hal_timebase_tim.o
 .debug_info    0x00000000000041ce      0x7b8 ./Core/Src/stm32f1xx_it.o
 .debug_info    0x0000000000004986      0x23d ./Core/Src/system_stm32f1xx.o
 .debug_info    0x0000000000004bc3      0xa06 ./Core/Src/tim.o
 .debug_info    0x00000000000055c9      0x217 ./Core/Src/variables.o
 .debug_info    0x00000000000057e0       0x22 ./Core/Startup/startup_stm32f103c8tx.o
 .debug_info    0x0000000000005802     0x1d52 ./Drivers/Display/Src/sh1106.o
 .debug_info    0x0000000000007554      0x734 ./Drivers/STM32F1xx_HAL_Driver/Src/stm32f1xx_hal.o
 .debug_info    0x0000000000007c88      0xcd9 ./Drivers/STM32F1xx_HAL_Driver/Src/stm32f1xx_hal_adc.o
 .debug_info    0x0000000000008961      0xb20 ./Drivers/STM32F1xx_HAL_Driver/Src/stm32f1xx_hal_cortex.o
 .debug_info    0x0000000000009481      0x615 ./Drivers/STM32F1xx_HAL_Driver/Src/stm32f1xx_hal_gpio.o
 .debug_info    0x0000000000009a96     0x2734 ./Drivers/STM32F1xx_HAL_Driver/Src/stm32f1xx_hal_i2c.o
 .debug_info    0x000000000000c1ca      0x860 ./Drivers/STM32F1xx_HAL_Driver/Src/stm32f1xx_hal_rcc.o
 .debug_info    0x000000000000ca2a      0x3e0 ./Drivers/STM32F1xx_HAL_Driver/Src/stm32f1xx_hal_rcc_ex.o
 .debug_info    0x000000000000ce0a     0x29de ./Drivers/STM32F1xx_HAL_Driver/Src/stm32f1xx_hal_tim.o
 .debug_info    0x000000000000f7e8     0x1513 ./Drivers/STM32F1xx_HAL_Driver/Src/stm32f1xx_hal_tim_ex.o

.debug_abbrev   0x0000000000000000     0x2c64
 .debug_abbrev  0x0000000000000000      0x219 ./Core/Src/adc.o
 .debug_abbrev  0x0000000000000219      0x13c ./Core/Src/bkp_regs.o
 .debug_abbrev  0x0000000000000355      0x1e8 ./Core/Src/gpio.o
 .debug_abbrev  0x000000000000053d      0x1ce ./Core/Src/i2c.o
 .debug_abbrev  0x000000000000070b      0x353 ./Core/Src/main.o
 .debug_abbrev  0x0000000000000a5e      0x193 ./Core/Src/steppers.o
 .debug_abbrev  0x0000000000000bf1      0x115 ./Core/Src/stm32f1xx_hal_msp.o
 .debug_abbrev  0x0000000000000d06      0x1e6 ./Core/Src/stm32f1xx_hal_timebase_tim.o
 .debug_abbrev  0x0000000000000eec      0x186 ./Core/Src/stm32f1xx_it.o
 .debug_abbrev  0x0000000000001072      0x13b ./Core/Src/system_stm32f1xx.o
 .debug_abbrev  0x00000000000011ad      0x1f7 ./Core/Src/tim.o
 .debug_abbrev  0x00000000000013a4       0xf0 ./Core/Src/variables.o
 .debug_abbrev  0x0000000000001494       0x12 ./Core/Startup/startup_stm32f103c8tx.o
 .debug_abbrev  0x00000000000014a6      0x397 ./Drivers/Display/Src/sh1106.o
 .debug_abbrev  0x000000000000183d      0x1fb ./Drivers/STM32F1xx_HAL_Driver/Src/stm32f1xx_hal.o
 .debug_abbrev  0x0000000000001a38      0x210 ./Drivers/STM32F1xx_HAL_Driver/Src/stm32f1xx_hal_adc.o
 .debug_abbrev  0x0000000000001c48      0x2ed ./Drivers/STM32F1xx_HAL_Driver/Src/stm32f1xx_hal_cortex.o
 .debug_abbrev  0x0000000000001f35      0x1bb ./Drivers/STM32F1xx_HAL_Driver/Src/stm32f1xx_hal_gpio.o
 .debug_abbrev  0x00000000000020f0      0x288 ./Drivers/STM32F1xx_HAL_Driver/Src/stm32f1xx_hal_i2c.o
 .debug_abbrev  0x0000000000002378      0x2a8 ./Drivers/STM32F1xx_HAL_Driver/Src/stm32f1xx_hal_rcc.o
 .debug_abbrev  0x0000000000002620      0x182 ./Drivers/STM32F1xx_HAL_Driver/Src/stm32f1xx_hal_rcc_ex.o
 .debug_abbrev  0x00000000000027a2      0x25d ./Drivers/STM32F1xx_HAL_Driver/Src/stm32f1xx_hal_tim.o
 .debug_abbrev  0x00000000000029ff      0x265 ./Drivers/STM32F1xx_HAL_Driver/Src/stm32f1xx_hal_tim_ex.o

.debug_aranges  0x0000000000000000     0x1028
 .debug_aranges
                0x0000000000000000       0x48 ./Core/Src/adc.o
 .debug_aranges
                0x0000000000000048       0x38 ./Core/Src/bkp_regs.o
 .debug_aranges
                0x0000000000000080       0x40 ./Core/Src/gpio.o
 .debug_aranges
                0x00000000000000c0       0x30 ./Core/Src/i2c.o
 .debug_aranges
                0x00000000000000f0       0x58 ./Core/Src/main.o
 .debug_aranges
                0x0000000000000148       0x48 ./Core/Src/steppers.o
 .debug_aranges
                0x0000000000000190       0x20 ./Core/Src/stm32f1xx_hal_msp.o
 .debug_aranges
                0x00000000000001b0       0x30 ./Core/Src/stm32f1xx_hal_timebase_tim.o
 .debug_aranges
                0x00000000000001e0       0x80 ./Core/Src/stm32f1xx_it.o
 .debug_aranges
                0x0000000000000260       0x28 ./Core/Src/system_stm32f1xx.o
 .debug_aranges
                0x0000000000000288       0x30 ./Core/Src/tim.o
 .debug_aranges
                0x00000000000002b8       0x38 ./Core/Src/variables.o
 .debug_aranges
                0x00000000000002f0       0x28 ./Core/Startup/startup_stm32f103c8tx.o
 .debug_aranges
                0x0000000000000318      0x150 ./Drivers/Display/Src/sh1106.o
 .debug_aranges
                0x0000000000000468       0xe0 ./Drivers/STM32F1xx_HAL_Driver/Src/stm32f1xx_hal.o
 .debug_aranges
                0x0000000000000548       0xf0 ./Drivers/STM32F1xx_HAL_Driver/Src/stm32f1xx_hal_adc.o
 .debug_aranges
                0x0000000000000638      0x100 ./Drivers/STM32F1xx_HAL_Driver/Src/stm32f1xx_hal_cortex.o
 .debug_aranges
                0x0000000000000738       0x58 ./Drivers/STM32F1xx_HAL_Driver/Src/stm32f1xx_hal_gpio.o
 .debug_aranges
                0x0000000000000790      0x2a0 ./Drivers/STM32F1xx_HAL_Driver/Src/stm32f1xx_hal_i2c.o
 .debug_aranges
                0x0000000000000a30       0x90 ./Drivers/STM32F1xx_HAL_Driver/Src/stm32f1xx_hal_rcc.o
 .debug_aranges
                0x0000000000000ac0       0x30 ./Drivers/STM32F1xx_HAL_Driver/Src/stm32f1xx_hal_rcc_ex.o
 .debug_aranges
                0x0000000000000af0      0x3d0 ./Drivers/STM32F1xx_HAL_Driver/Src/stm32f1xx_hal_tim.o
 .debug_aranges
                0x0000000000000ec0      0x168 ./Drivers/STM32F1xx_HAL_Driver/Src/stm32f1xx_hal_tim_ex.o

.debug_ranges   0x0000000000000000      0xee8
 .debug_ranges  0x0000000000000000       0x38 ./Core/Src/adc.o
 .debug_ranges  0x0000000000000038       0x28 ./Core/Src/bkp_regs.o
 .debug_ranges  0x0000000000000060       0x30 ./Core/Src/gpio.o
 .debug_ranges  0x0000000000000090       0x20 ./Core/Src/i2c.o
 .debug_ranges  0x00000000000000b0       0x48 ./Core/Src/main.o
 .debug_ranges  0x00000000000000f8       0x38 ./Core/Src/steppers.o
 .debug_ranges  0x0000000000000130       0x10 ./Core/Src/stm32f1xx_hal_msp.o
 .debug_ranges  0x0000000000000140       0x20 ./Core/Src/stm32f1xx_hal_timebase_tim.o
 .debug_ranges  0x0000000000000160       0x70 ./Core/Src/stm32f1xx_it.o
 .debug_ranges  0x00000000000001d0       0x18 ./Core/Src/system_stm32f1xx.o
 .debug_ranges  0x00000000000001e8       0x20 ./Core/Src/tim.o
 .debug_ranges  0x0000000000000208       0x28 ./Core/Src/variables.o
 .debug_ranges  0x0000000000000230       0x20 ./Core/Startup/startup_stm32f103c8tx.o
 .debug_ranges  0x0000000000000250      0x140 ./Drivers/Display/Src/sh1106.o
 .debug_ranges  0x0000000000000390       0xd0 ./Drivers/STM32F1xx_HAL_Driver/Src/stm32f1xx_hal.o
 .debug_ranges  0x0000000000000460       0xe0 ./Drivers/STM32F1xx_HAL_Driver/Src/stm32f1xx_hal_adc.o
 .debug_ranges  0x0000000000000540       0xf0 ./Drivers/STM32F1xx_HAL_Driver/Src/stm32f1xx_hal_cortex.o
 .debug_ranges  0x0000000000000630       0x48 ./Drivers/STM32F1xx_HAL_Driver/Src/stm32f1xx_hal_gpio.o
 .debug_ranges  0x0000000000000678      0x2b8 ./Drivers/STM32F1xx_HAL_Driver/Src/stm32f1xx_hal_i2c.o
 .debug_ranges  0x0000000000000930       0x80 ./Drivers/STM32F1xx_HAL_Driver/Src/stm32f1xx_hal_rcc.o
 .debug_ranges  0x00000000000009b0       0x20 ./Drivers/STM32F1xx_HAL_Driver/Src/stm32f1xx_hal_rcc_ex.o
 .debug_ranges  0x00000000000009d0      0x3c0 ./Drivers/STM32F1xx_HAL_Driver/Src/stm32f1xx_hal_tim.o
 .debug_ranges  0x0000000000000d90      0x158 ./Drivers/STM32F1xx_HAL_Driver/Src/stm32f1xx_hal_tim_ex.o

.debug_macro    0x0000000000000000    0x1899f
 .debug_macro   0x0000000000000000      0x1d9 ./Core/Src/adc.o
 .debug_macro   0x00000000000001d9      0xa72 ./Core/Src/adc.o
 .debug_macro   0x0000000000000c4b      0x221 ./Core/Src/adc.o
 .debug_macro   0x0000000000000e6c       0x2e ./Core/Src/adc.o
 .debug_macro   0x0000000000000e9a       0x22 ./Core/Src/adc.o
 .debug_macro   0x0000000000000ebc       0x22 ./Core/Src/adc.o
 .debug_macro   0x0000000000000ede       0x8e ./Core/Src/adc.o
 .debug_macro   0x0000000000000f6c       0x51 ./Core/Src/adc.o
 .debug_macro   0x0000000000000fbd      0x103 ./Core/Src/adc.o
 .debug_macro   0x00000000000010c0       0x6a ./Core/Src/adc.o
 .debug_macro   0x000000000000112a      0x1df ./Core/Src/adc.o
 .debug_macro   0x0000000000001309       0x1c ./Core/Src/adc.o
 .debug_macro   0x0000000000001325       0x22 ./Core/Src/adc.o
 .debug_macro   0x0000000000001347       0xbd ./Core/Src/adc.o
 .debug_macro   0x0000000000001404      0xd23 ./Core/Src/adc.o
 .debug_macro   0x0000000000002127     0xe09e ./Core/Src/adc.o
 .debug_macro   0x00000000000101c5       0x6d ./Core/Src/adc.o
 .debug_macro   0x0000000000010232     0x3468 ./Core/Src/adc.o
 .debug_macro   0x000000000001369a      0x174 ./Core/Src/adc.o
 .debug_macro   0x000000000001380e       0x5c ./Core/Src/adc.o
 .debug_macro   0x000000000001386a      0x5be ./Core/Src/adc.o
 .debug_macro   0x0000000000013e28      0x289 ./Core/Src/adc.o
 .debug_macro   0x00000000000140b1      0x1cb ./Core/Src/adc.o
 .debug_macro   0x000000000001427c      0x114 ./Core/Src/adc.o
 .debug_macro   0x0000000000014390      0x1b2 ./Core/Src/adc.o
 .debug_macro   0x0000000000014542       0x27 ./Core/Src/adc.o
 .debug_macro   0x0000000000014569      0x136 ./Core/Src/adc.o
 .debug_macro   0x000000000001469f      0x1bc ./Core/Src/adc.o
 .debug_macro   0x000000000001485b       0x34 ./Core/Src/adc.o
 .debug_macro   0x000000000001488f       0x3c ./Core/Src/adc.o
 .debug_macro   0x00000000000148cb       0x57 ./Core/Src/adc.o
 .debug_macro   0x0000000000014922      0x46a ./Core/Src/adc.o
 .debug_macro   0x0000000000014d8c      0x1b5 ./Core/Src/adc.o
 .debug_macro   0x0000000000014f41       0x88 ./Core/Src/adc.o
 .debug_macro   0x0000000000014fc9      0x241 ./Core/Src/adc.o
 .debug_macro   0x000000000001520a      0x287 ./Core/Src/adc.o
 .debug_macro   0x0000000000015491      0x141 ./Core/Src/adc.o
 .debug_macro   0x00000000000155d2      0x8d1 ./Core/Src/adc.o
 .debug_macro   0x0000000000015ea3       0x83 ./Core/Src/adc.o
 .debug_macro   0x0000000000015f26       0x22 ./Core/Src/adc.o
 .debug_macro   0x0000000000015f48       0xd0 ./Core/Src/adc.o
 .debug_macro   0x0000000000016018      0x1d9 ./Core/Src/bkp_regs.o
 .debug_macro   0x00000000000161f1      0x1d9 ./Core/Src/gpio.o
 .debug_macro   0x00000000000163ca      0x1d9 ./Core/Src/i2c.o
 .debug_macro   0x00000000000165a3      0x286 ./Core/Src/main.o
 .debug_macro   0x0000000000016829       0x16 ./Core/Src/main.o
 .debug_macro   0x000000000001683f       0x16 ./Core/Src/main.o
 .debug_macro   0x0000000000016855       0xee ./Core/Src/main.o
 .debug_macro   0x0000000000016943      0x1eb ./Core/Src/steppers.o
 .debug_macro   0x0000000000016b2e      0x1cf ./Core/Src/stm32f1xx_hal_msp.o
 .debug_macro   0x0000000000016cfd      0x1b7 ./Core/Src/stm32f1xx_hal_timebase_tim.o
 .debug_macro   0x0000000000016eb4      0x1d9 ./Core/Src/stm32f1xx_it.o
 .debug_macro   0x000000000001708d      0x1b7 ./Core/Src/system_stm32f1xx.o
 .debug_macro   0x0000000000017244      0x1de ./Core/Src/tim.o
 .debug_macro   0x0000000000017422       0x10 ./Core/Src/tim.o
 .debug_macro   0x0000000000017432      0x1d9 ./Core/Src/variables.o
 .debug_macro   0x000000000001760b      0x29d ./Drivers/Display/Src/sh1106.o
 .debug_macro   0x00000000000178a8       0x52 ./Drivers/Display/Src/sh1106.o
 .debug_macro   0x00000000000178fa       0x10 ./Drivers/Display/Src/sh1106.o
 .debug_macro   0x000000000001790a       0x20 ./Drivers/Display/Src/sh1106.o
 .debug_macro   0x000000000001792a      0x1db ./Drivers/STM32F1xx_HAL_Driver/Src/stm32f1xx_hal.o
 .debug_macro   0x0000000000017b05      0x1d4 ./Drivers/STM32F1xx_HAL_Driver/Src/stm32f1xx_hal_adc.o
 .debug_macro   0x0000000000017cd9      0x1b7 ./Drivers/STM32F1xx_HAL_Driver/Src/stm32f1xx_hal_cortex.o
 .debug_macro   0x0000000000017e90      0x222 ./Drivers/STM32F1xx_HAL_Driver/Src/stm32f1xx_hal_gpio.o
 .debug_macro   0x00000000000180b2      0x1fe ./Drivers/STM32F1xx_HAL_Driver/Src/stm32f1xx_hal_i2c.o
 .debug_macro   0x00000000000182b0      0x1c9 ./Drivers/STM32F1xx_HAL_Driver/Src/stm32f1xx_hal_rcc.o
 .debug_macro   0x0000000000018479      0x1b7 ./Drivers/STM32F1xx_HAL_Driver/Src/stm32f1xx_hal_rcc_ex.o
 .debug_macro   0x0000000000018630      0x1b8 ./Drivers/STM32F1xx_HAL_Driver/Src/stm32f1xx_hal_tim.o
 .debug_macro   0x00000000000187e8      0x1b7 ./Drivers/STM32F1xx_HAL_Driver/Src/stm32f1xx_hal_tim_ex.o

.debug_line     0x0000000000000000    0x14845
 .debug_line    0x0000000000000000      0x82a ./Core/Src/adc.o
 .debug_line    0x000000000000082a      0x73c ./Core/Src/bkp_regs.o
 .debug_line    0x0000000000000f66      0x787 ./Core/Src/gpio.o
 .debug_line    0x00000000000016ed      0x714 ./Core/Src/i2c.o
 .debug_line    0x0000000000001e01      0xd26 ./Core/Src/main.o
 .debug_line    0x0000000000002b27      0x7b4 ./Core/Src/steppers.o
 .debug_line    0x00000000000032db      0x6b1 ./Core/Src/stm32f1xx_hal_msp.o
 .debug_line    0x000000000000398c      0x70e ./Core/Src/stm32f1xx_hal_timebase_tim.o
 .debug_line    0x000000000000409a      0x7ef ./Core/Src/stm32f1xx_it.o
 .debug_line    0x0000000000004889      0x722 ./Core/Src/system_stm32f1xx.o
 .debug_line    0x0000000000004fab      0x71c ./Core/Src/tim.o
 .debug_line    0x00000000000056c7      0x6fb ./Core/Src/variables.o
 .debug_line    0x0000000000005dc2       0x87 ./Core/Startup/startup_stm32f103c8tx.o
 .debug_line    0x0000000000005e49     0x2036 ./Drivers/Display/Src/sh1106.o
 .debug_line    0x0000000000007e7f      0x94d ./Drivers/STM32F1xx_HAL_Driver/Src/stm32f1xx_hal.o
 .debug_line    0x00000000000087cc      0xfc4 ./Drivers/STM32F1xx_HAL_Driver/Src/stm32f1xx_hal_adc.o
 .debug_line    0x0000000000009790      0xb35 ./Drivers/STM32F1xx_HAL_Driver/Src/stm32f1xx_hal_cortex.o
 .debug_line    0x000000000000a2c5      0x9dd ./Drivers/STM32F1xx_HAL_Driver/Src/stm32f1xx_hal_gpio.o
 .debug_line    0x000000000000aca2     0x3a37 ./Drivers/STM32F1xx_HAL_Driver/Src/stm32f1xx_hal_i2c.o
 .debug_line    0x000000000000e6d9      0xd5b ./Drivers/STM32F1xx_HAL_Driver/Src/stm32f1xx_hal_rcc.o
 .debug_line    0x000000000000f434      0x899 ./Drivers/STM32F1xx_HAL_Driver/Src/stm32f1xx_hal_rcc_ex.o
 .debug_line    0x000000000000fccd     0x3303 ./Drivers/STM32F1xx_HAL_Driver/Src/stm32f1xx_hal_tim.o
 .debug_line    0x0000000000012fd0     0x1875 ./Drivers/STM32F1xx_HAL_Driver/Src/stm32f1xx_hal_tim_ex.o

.debug_str      0x0000000000000000    0x8faba
 .debug_str     0x0000000000000000    0x87e6a ./Core/Src/adc.o
                                      0x88230 (size before relaxing)
 .debug_str     0x0000000000087e6a       0xb6 ./Core/Src/bkp_regs.o
                                      0x87dd6 (size before relaxing)
 .debug_str     0x0000000000087f20      0x41e ./Core/Src/gpio.o
                                      0x88236 (size before relaxing)
 .debug_str     0x000000000008833e      0x2aa ./Core/Src/i2c.o
                                      0x88296 (size before relaxing)
 .debug_str     0x00000000000885e8     0x11e7 ./Core/Src/main.o
                                      0x8929d (size before relaxing)
 .debug_str     0x00000000000897cf       0xac ./Core/Src/steppers.o
                                      0x87f4a (size before relaxing)
 .debug_str     0x000000000008987b       0x50 ./Core/Src/stm32f1xx_hal_msp.o
                                      0x8806b (size before relaxing)
 .debug_str     0x00000000000898cb       0xe1 ./Core/Src/stm32f1xx_hal_timebase_tim.o
                                      0x882bf (size before relaxing)
 .debug_str     0x00000000000899ac      0x13a ./Core/Src/stm32f1xx_it.o
                                      0x882e5 (size before relaxing)
 .debug_str     0x0000000000089ae6       0x7e ./Core/Src/system_stm32f1xx.o
                                      0x87a07 (size before relaxing)
 .debug_str     0x0000000000089b64      0x13e ./Core/Src/tim.o
                                      0x886ca (size before relaxing)
 .debug_str     0x0000000000089ca2       0x4d ./Core/Src/variables.o
                                      0x87de7 (size before relaxing)
 .debug_str     0x0000000000089cef       0x36 ./Core/Startup/startup_stm32f103c8tx.o
                                         0x84 (size before relaxing)
 .debug_str     0x0000000000089d25     0x3256 ./Drivers/Display/Src/sh1106.o
                                      0x8b6b7 (size before relaxing)
 .debug_str     0x000000000008cf7b      0x334 ./Drivers/STM32F1xx_HAL_Driver/Src/stm32f1xx_hal.o
                                      0x8813a (size before relaxing)
 .debug_str     0x000000000008d2af      0x350 ./Drivers/STM32F1xx_HAL_Driver/Src/stm32f1xx_hal_adc.o
                                      0x880e4 (size before relaxing)
 .debug_str     0x000000000008d5ff      0x284 ./Drivers/STM32F1xx_HAL_Driver/Src/stm32f1xx_hal_cortex.o
                                      0x88086 (size before relaxing)
 .debug_str     0x000000000008d883      0x266 ./Drivers/STM32F1xx_HAL_Driver/Src/stm32f1xx_hal_gpio.o
                                      0x87d8d (size before relaxing)
 .debug_str     0x000000000008dae9      0xb5e ./Drivers/STM32F1xx_HAL_Driver/Src/stm32f1xx_hal_i2c.o
                                      0x88a7b (size before relaxing)
 .debug_str     0x000000000008e647      0x1c2 ./Drivers/STM32F1xx_HAL_Driver/Src/stm32f1xx_hal_rcc.o
                                      0x87e36 (size before relaxing)
 .debug_str     0x000000000008e809       0x84 ./Drivers/STM32F1xx_HAL_Driver/Src/stm32f1xx_hal_rcc_ex.o
                                      0x87b86 (size before relaxing)
 .debug_str     0x000000000008e88d      0xd9a ./Drivers/STM32F1xx_HAL_Driver/Src/stm32f1xx_hal_tim.o
                                      0x88e21 (size before relaxing)
 .debug_str     0x000000000008f627      0x493 ./Drivers/STM32F1xx_HAL_Driver/Src/stm32f1xx_hal_tim_ex.o
                                      0x8863d (size before relaxing)

.comment        0x0000000000000000       0x50
 .comment       0x0000000000000000       0x50 ./Core/Src/adc.o
                                         0x51 (size before relaxing)
 .comment       0x0000000000000050       0x51 ./Core/Src/bkp_regs.o
 .comment       0x0000000000000050       0x51 ./Core/Src/gpio.o
 .comment       0x0000000000000050       0x51 ./Core/Src/i2c.o
 .comment       0x0000000000000050       0x51 ./Core/Src/main.o
 .comment       0x0000000000000050       0x51 ./Core/Src/steppers.o
 .comment       0x0000000000000050       0x51 ./Core/Src/stm32f1xx_hal_msp.o
 .comment       0x0000000000000050       0x51 ./Core/Src/stm32f1xx_hal_timebase_tim.o
 .comment       0x0000000000000050       0x51 ./Core/Src/stm32f1xx_it.o
 .comment       0x0000000000000050       0x51 ./Core/Src/system_stm32f1xx.o
 .comment       0x0000000000000050       0x51 ./Core/Src/tim.o
 .comment       0x0000000000000050       0x51 ./Core/Src/variables.o
 .comment       0x0000000000000050       0x51 ./Drivers/Display/Src/sh1106.o
 .comment       0x0000000000000050       0x51 ./Drivers/STM32F1xx_HAL_Driver/Src/stm32f1xx_hal.o
 .comment       0x0000000000000050       0x51 ./Drivers/STM32F1xx_HAL_Driver/Src/stm32f1xx_hal_adc.o
 .comment       0x0000000000000050       0x51 ./Drivers/STM32F1xx_HAL_Driver/Src/stm32f1xx_hal_cortex.o
 .comment       0x0000000000000050       0x51 ./Drivers/STM32F1xx_HAL_Driver/Src/stm32f1xx_hal_gpio.o
 .comment       0x0000000000000050       0x51 ./Drivers/STM32F1xx_HAL_Driver/Src/stm32f1xx_hal_i2c.o
 .comment       0x0000000000000050       0x51 ./Drivers/STM32F1xx_HAL_Driver/Src/stm32f1xx_hal_rcc.o
 .comment       0x0000000000000050       0x51 ./Drivers/STM32F1xx_HAL_Driver/Src/stm32f1xx_hal_rcc_ex.o
 .comment       0x0000000000000050       0x51 ./Drivers/STM32F1xx_HAL_Driver/Src/stm32f1xx_hal_tim.o
 .comment       0x0000000000000050       0x51 ./Drivers/STM32F1xx_HAL_Driver/Src/stm32f1xx_hal_tim_ex.o

.debug_frame    0x0000000000000000     0x42f4
 .debug_frame   0x0000000000000000       0xe8 ./Core/Src/adc.o
 .debug_frame   0x00000000000000e8       0x9c ./Core/Src/bkp_regs.o
 .debug_frame   0x0000000000000184       0xc4 ./Core/Src/gpio.o
 .debug_frame   0x0000000000000248       0x74 ./Core/Src/i2c.o
 .debug_frame   0x00000000000002bc      0x120 ./Core/Src/main.o
 .debug_frame   0x00000000000003dc       0xe8 ./Core/Src/steppers.o
 .debug_frame   0x00000000000004c4       0x34 ./Core/Src/stm32f1xx_hal_msp.o
 .debug_frame   0x00000000000004f8       0x74 ./Core/Src/stm32f1xx_hal_timebase_tim.o
 .debug_frame   0x000000000000056c      0x17c ./Core/Src/stm32f1xx_it.o
 .debug_frame   0x00000000000006e8       0x58 ./Core/Src/system_stm32f1xx.o
 .debug_frame   0x0000000000000740       0x7c ./Core/Src/tim.o
 .debug_frame   0x00000000000007bc       0xb0 ./Core/Src/variables.o
 .debug_frame   0x000000000000086c      0x5cc ./Drivers/Display/Src/sh1106.o
 .debug_frame   0x0000000000000e38      0x334 ./Drivers/STM32F1xx_HAL_Driver/Src/stm32f1xx_hal.o
 .debug_frame   0x000000000000116c      0x40c ./Drivers/STM32F1xx_HAL_Driver/Src/stm32f1xx_hal_adc.o
 .debug_frame   0x0000000000001578      0x428 ./Drivers/STM32F1xx_HAL_Driver/Src/stm32f1xx_hal_cortex.o
 .debug_frame   0x00000000000019a0      0x14c ./Drivers/STM32F1xx_HAL_Driver/Src/stm32f1xx_hal_gpio.o
 .debug_frame   0x0000000000001aec      0xc5c ./Drivers/STM32F1xx_HAL_Driver/Src/stm32f1xx_hal_i2c.o
 .debug_frame   0x0000000000002748      0x21c ./Drivers/STM32F1xx_HAL_Driver/Src/stm32f1xx_hal_rcc.o
 .debug_frame   0x0000000000002964       0x84 ./Drivers/STM32F1xx_HAL_Driver/Src/stm32f1xx_hal_rcc_ex.o
 .debug_frame   0x00000000000029e8     0x11b8 ./Drivers/STM32F1xx_HAL_Driver/Src/stm32f1xx_hal_tim.o
 .debug_frame   0x0000000000003ba0      0x638 ./Drivers/STM32F1xx_HAL_Driver/Src/stm32f1xx_hal_tim_ex.o
 .debug_frame   0x00000000000041d8       0x2c c:/st/stm32cubeide_1.10.1/stm32cubeide/plugins/com.st.stm32cube.ide.mcu.externaltools.gnu-tools-for-stm32.10.3-2021.10.win32_1.0.0.202111181127/tools/bin/../lib/gcc/arm-none-eabi/10.3.1/../../../../arm-none-eabi/lib/thumb/v7-m/nofp\libc_nano.a(lib_a-init.o)
 .debug_frame   0x0000000000004204       0x28 c:/st/stm32cubeide_1.10.1/stm32cubeide/plugins/com.st.stm32cube.ide.mcu.externaltools.gnu-tools-for-stm32.10.3-2021.10.win32_1.0.0.202111181127/tools/bin/../lib/gcc/arm-none-eabi/10.3.1/../../../../arm-none-eabi/lib/thumb/v7-m/nofp\libc_nano.a(lib_a-memcpy-stub.o)
 .debug_frame   0x000000000000422c       0x20 c:/st/stm32cubeide_1.10.1/stm32cubeide/plugins/com.st.stm32cube.ide.mcu.externaltools.gnu-tools-for-stm32.10.3-2021.10.win32_1.0.0.202111181127/tools/bin/../lib/gcc/arm-none-eabi/10.3.1/../../../../arm-none-eabi/lib/thumb/v7-m/nofp\libc_nano.a(lib_a-memset.o)
 .debug_frame   0x000000000000424c       0x4c c:/st/stm32cubeide_1.10.1/stm32cubeide/plugins/com.st.stm32cube.ide.mcu.externaltools.gnu-tools-for-stm32.10.3-2021.10.win32_1.0.0.202111181127/tools/bin/../lib/gcc/arm-none-eabi/10.3.1/thumb/v7-m/nofp\libgcc.a(_arm_addsubsf3.o)
 .debug_frame   0x0000000000004298       0x38 c:/st/stm32cubeide_1.10.1/stm32cubeide/plugins/com.st.stm32cube.ide.mcu.externaltools.gnu-tools-for-stm32.10.3-2021.10.win32_1.0.0.202111181127/tools/bin/../lib/gcc/arm-none-eabi/10.3.1/thumb/v7-m/nofp\libgcc.a(_arm_muldivsf3.o)
 .debug_frame   0x00000000000042d0       0x24 c:/st/stm32cubeide_1.10.1/stm32cubeide/plugins/com.st.stm32cube.ide.mcu.externaltools.gnu-tools-for-stm32.10.3-2021.10.win32_1.0.0.202111181127/tools/bin/../lib/gcc/arm-none-eabi/10.3.1/thumb/v7-m/nofp\libgcc.a(_arm_fixunssfsi.o)
